Microchip MPLAB XC8 Compiler V2.20

Linker command line:

-W-3 --edf=C:\Program Files\Microchip\xc8\v2.20\pic\dat\en_msgs.txt -cn \
  -h+dist/default/production\Water_Heating_System.X.production.sym \
  --cmf=dist/default/production\Water_Heating_System.X.production.cmf -z \
  -Q16F877A -oC:\Users\Lenovo\AppData\Local\Temp\s3ok.2 \
  --defsym=__MPLAB_BUILD=1 \
  -Mdist/default/production/Water_Heating_System.X.production.map -E1 \
  -ver=XC8 Compiler --acfsm=1493 -ASTACK=0110h-016Fh -pstack=STACK \
  -ACODE=00h-07FFhx4 -ASTRCODE=00h-01FFFh -ASTRING=00h-0FFhx32 \
  -ACONST=00h-0FFhx32 -AENTRY=00h-0FFhx32 -ACOMMON=070h-07Fh \
  -ABANK0=020h-06Fh -ABANK1=0A0h-0EFh -ABANK2=0110h-016Fh \
  -ABANK3=0190h-01EFh -ARAM=020h-06Fh,0A0h-0EFh,0110h-016Fh,0190h-01EFh \
  -AABS1=020h-07Fh,0A0h-0EFh,0110h-016Fh,0190h-01EFh -ASFR0=00h-01Fh \
  -ASFR1=080h-09Fh -ASFR2=0100h-010Fh -ASFR3=0180h-018Fh \
  -ACONFIG=02007h-02007h -DCONFIG=2 -AIDLOC=02000h-02003h -DIDLOC=2 \
  -preset_vec=00h,intentry=04h,init,end_init -ppowerup=CODE -pcinit=CODE \
  -pfunctab=ENTRY -AEEDATA=00h-0FFh/02100h -peeprom_data=EEDATA -DEEDATA=2 \
  -DCODE=2 -DSTRCODE=2 -DSTRING=2 -DCONST=2 -DENTRY=2 -k \
  C:\Users\Lenovo\AppData\Local\Temp\s3ok.o \
  dist/default/production\Water_Heating_System.X.production.o 

Object code version is 3.11

Machine type is 16F877A



                Name                               Link     Load   Length Selector   Space Scale
C:\Users\Lenovo\AppData\Local\Temp\s3ok.o
                end_init                             12       12        3        8       0
                reset_vec                             0        0        3        0       0
                config                             2007     2007        1        0       4
dist/default/production\Water_Heating_System.X.production.o
                cinit                                15       15       40        8       0
                functab                              55       55       1E       AA       0
                intentry                              4        4        E        8       0
                config                             2007     2007        1        0       4
                text67                             1779     1779       15     2EF2       0
                text66                              338      338       9E       E6       0
                text65                             178E     178E       15     2F1C       0
                text64                              8BA      8BA       20     1174       0
                text63                              87C      87C       1F     10F8       0
                text62                              A09      A09       2F     1412       0
                text61                              920      920       24     1240       0
                text60                              AC5      AC5       36     158A       0
                text59                              8DA      8DA       23     11B4       0
                text58                              8FD      8FD       23     11FA       0
                text57                             17B9     17B9       17     2F72       0
                text56                              5EB      5EB       7A       E6       0
                text55                              F98      F98       68     1F30       0
                text54                              D2A      D2A       48     1A54       0
                text53                              944      944       26     1288       0
                text52                              E72      E72       61     1CE4       0
                text51                                3        3        1        0       0
                text50                              C1C      C1C       3D     1838       0
                text49                             17A3     17A3       16     2F46       0
                text48                              842      842       1C     1084       0
                text47                              7FC      7FC        4       E6       0
                text46                              A38      A38       2F     1470       0
                text45                              9DE      9DE       2B     13BC       0
                text44                              746      746       69       E6       0
                text43                              E17      E17       5B     1C2E       0
                text42                              46D      46D       85       E6       0
                text41                              A67      A67       2F     14CE       0
                text40                              96A      96A       26     12D4       0
                text39                              89B      89B       1F     1136       0
                text38                              C9D      C9D       46     193A       0
                text37                              BA6      BA6       3B     174C       0
                text36                              4F2      4F2       7E       E6       0
                text35                              B6C      B6C       3A     16D8       0
                text34                              800      800        D     1000       0
                text33                             16F2     16F2        B     2DE4       0
                text32                             16FD     16FD        B     2DFA       0
                text31                             1708     1708        B     2E10       0
                text30                             17D0     17D0       18     2FA0       0
                text29                              A96      A96       2F     152C       0
                text28                               73       73       CD       E6       0
                text27                              CE3      CE3       47     19C6       0
                text26                              990      990       27     1320       0
                text25                              3D6      3D6       97       E6       0
                text24                              F34      F34       64     1E68       0
                text23                              85E      85E       1E     10BC       0
                text22                              9B7      9B7       27     136E       0
                text21                              297      297       A1       E6       0
                text20                              570      570       7B       E6       0
                text19                              665      665       73       E6       0
                text18                              80D      80D       1A     101A       0
                text17                             1753     1753       13     2EA6       0
                text16                              DBE      DBE       59     1B7C       0
                text15                             1713     1713       10     2E26       0
                text14                              1F3      1F3       A4       E6       0
                text13                              AFB      AFB       38     15F6       0
                text12                             17E8     17E8       18     2FD0       0
                text11                              D72      D72       4C     1AE4       0
                text10                             1723     1723       10     2E46       0
                text9                              1733     1733       10     2E66       0
                text8                               827      827       1B     104E       0
                text7                               C59      C59       44     18B2       0
                text6                              1743     1743       10     2E86       0
                text5                               ED3      ED3       61     1DA6       0
                text4                               7AF      7AF       4D       E6       0
                text3                               B33      B33       39     1666       0
                text2                               BE1      BE1       3B     17C2       0
                text1                               6D8      6D8       6E       E6       0
                maintext                            140      140       B3       E6       0
                cstackBANK0                          4D       4D       21       20       1
                cstackCOMMON                         70       70        A       70       1
                clrtext                            16D8     16D8        8     2DB0       0
                inittext                           1766     1766       13     2ECC       0
                dataBANK3                           190      190        A      190       1
                dataBANK1                            E4       E4        8       A0       1
                bssBANK1                             A0       A0       44       A0       1
                dataBANK0                            6E       6E        2       20       1
                bssBANK0                             20       20       2D       20       1
                bssCOMMON                            7A       7A        4       70       1
                idataBANK3                         16E8     16E8        A     2DD0       0
                idataBANK1                         16E0     16E0        8     2DC0       0
                idataBANK0                         16D6     16D6        2     2DAC       0

TOTAL           Name                               Link     Load   Length     Space
        CLASS   STACK          

        CLASS   CODE           
                end_init                             12       12        3         0
                cinit                                15       15       40         0
                intentry                              4        4        E         0
                reset_vec                             0        0        3         0
                text67                             1779     1779       15         0
                text66                              338      338       9E         0
                text65                             178E     178E       15         0
                text64                              8BA      8BA       20         0
                text63                              87C      87C       1F         0
                text62                              A09      A09       2F         0
                text61                              920      920       24         0
                text60                              AC5      AC5       36         0
                text59                              8DA      8DA       23         0
                text58                              8FD      8FD       23         0
                text57                             17B9     17B9       17         0
                text56                              5EB      5EB       7A         0
                text55                              F98      F98       68         0
                text54                              D2A      D2A       48         0
                text53                              944      944       26         0
                text52                              E72      E72       61         0
                text51                                3        3        1         0
                text50                              C1C      C1C       3D         0
                text49                             17A3     17A3       16         0
                text48                              842      842       1C         0
                text47                              7FC      7FC        4         0
                text46                              A38      A38       2F         0
                text45                              9DE      9DE       2B         0
                text44                              746      746       69         0
                text43                              E17      E17       5B         0
                text42                              46D      46D       85         0
                text41                              A67      A67       2F         0
                text40                              96A      96A       26         0
                text39                              89B      89B       1F         0
                text38                              C9D      C9D       46         0
                text37                              BA6      BA6       3B         0
                text36                              4F2      4F2       7E         0
                text35                              B6C      B6C       3A         0
                text34                              800      800        D         0
                text33                             16F2     16F2        B         0
                text32                             16FD     16FD        B         0
                text31                             1708     1708        B         0
                text30                             17D0     17D0       18         0
                text29                              A96      A96       2F         0
                text28                               73       73       CD         0
                text27                              CE3      CE3       47         0
                text26                              990      990       27         0
                text25                              3D6      3D6       97         0
                text24                              F34      F34       64         0
                text23                              85E      85E       1E         0
                text22                              9B7      9B7       27         0
                text21                              297      297       A1         0
                text20                              570      570       7B         0
                text19                              665      665       73         0
                text18                              80D      80D       1A         0
                text17                             1753     1753       13         0
                text16                              DBE      DBE       59         0
                text15                             1713     1713       10         0
                text14                              1F3      1F3       A4         0
                text13                              AFB      AFB       38         0
                text12                             17E8     17E8       18         0
                text11                              D72      D72       4C         0
                text10                             1723     1723       10         0
                text9                              1733     1733       10         0
                text8                               827      827       1B         0
                text7                               C59      C59       44         0
                text6                              1743     1743       10         0
                text5                               ED3      ED3       61         0
                text4                               7AF      7AF       4D         0
                text3                               B33      B33       39         0
                text2                               BE1      BE1       3B         0
                text1                               6D8      6D8       6E         0
                maintext                            140      140       B3         0
                clrtext                            16D8     16D8        8         0
                inittext                           1766     1766       13         0
                idataBANK3                         16E8     16E8        A         0
                idataBANK1                         16E0     16E0        8         0
                idataBANK0                         16D6     16D6        2         0

        CLASS   STRCODE        

        CLASS   STRING         

        CLASS   CONST          

        CLASS   ENTRY          
                functab                              55       55       1E         0

        CLASS   COMMON         
                cstackCOMMON                         70       70        A         1
                bssCOMMON                            7A       7A        4         1

        CLASS   BANK0          
                cstackBANK0                          4D       4D       21         1
                dataBANK0                            6E       6E        2         1
                bssBANK0                             20       20       2D         1

        CLASS   BANK1          
                dataBANK1                            E4       E4        8         1
                bssBANK1                             A0       A0       44         1

        CLASS   BANK2          

        CLASS   BANK3          
                dataBANK3                           190      190        A         1

        CLASS   RAM            

        CLASS   ABS1           
                abs_s1                               7E       7E        2         1

        CLASS   SFR0           

        CLASS   SFR1           

        CLASS   SFR2           

        CLASS   SFR3           

        CLASS   CONFIG         
                config                             2007     2007        1         4

        CLASS   IDLOC          

        CLASS   EEDATA         



SEGMENTS        Name                           Load    Length   Top    Selector   Space  Class     Delta

                reset_vec                      000000  000004  000004         0       0  CODE        2
                intentry                       000004  000051  000055         8       0  CODE        2
                bssBANK0                       000020  000050  000070        20       1  BANK0       1
                cstackCOMMON                   000070  00000E  00007E        70       1  COMMON      1
                bssBANK1                       0000A0  00004C  0000EC        A0       1  BANK1       1
                functab                        000055  00001E  000073        AA       0  ENTRY       2
                text28                         000073  00078D  000800        E6       0  CODE        2
                dataBANK3                      000190  00000A  00019A       190       1  BANK3       1
                text34                         000800  00000D  00080D      1000       0  CODE        2
                text18                         00080D  00001A  000827      101A       0  CODE        2
                text8                          000827  00001B  000842      104E       0  CODE        2
                text48                         000842  00001C  00085E      1084       0  CODE        2
                text23                         00085E  00001E  00087C      10BC       0  CODE        2
                text63                         00087C  00001F  00089B      10F8       0  CODE        2
                text39                         00089B  00001F  0008BA      1136       0  CODE        2
                text64                         0008BA  000020  0008DA      1174       0  CODE        2
                text59                         0008DA  000023  0008FD      11B4       0  CODE        2
                text58                         0008FD  000023  000920      11FA       0  CODE        2
                text61                         000920  000024  000944      1240       0  CODE        2
                text53                         000944  000026  00096A      1288       0  CODE        2
                text40                         00096A  000026  000990      12D4       0  CODE        2
                text26                         000990  000027  0009B7      1320       0  CODE        2
                text22                         0009B7  000027  0009DE      136E       0  CODE        2
                text45                         0009DE  00002B  000A09      13BC       0  CODE        2
                text62                         000A09  00002F  000A38      1412       0  CODE        2
                text46                         000A38  00002F  000A67      1470       0  CODE        2
                text41                         000A67  00002F  000A96      14CE       0  CODE        2
                text29                         000A96  00002F  000AC5      152C       0  CODE        2
                text60                         000AC5  000036  000AFB      158A       0  CODE        2
                text13                         000AFB  000038  000B33      15F6       0  CODE        2
                text3                          000B33  000039  000B6C      1666       0  CODE        2
                text35                         000B6C  00003A  000BA6      16D8       0  CODE        2
                text37                         000BA6  00003B  000BE1      174C       0  CODE        2
                text2                          000BE1  00003B  000C1C      17C2       0  CODE        2
                text50                         000C1C  00003D  000C59      1838       0  CODE        2
                text7                          000C59  000044  000C9D      18B2       0  CODE        2
                text38                         000C9D  000046  000CE3      193A       0  CODE        2
                text27                         000CE3  000047  000D2A      19C6       0  CODE        2
                text54                         000D2A  000048  000D72      1A54       0  CODE        2
                text11                         000D72  00004C  000DBE      1AE4       0  CODE        2
                text16                         000DBE  000059  000E17      1B7C       0  CODE        2
                text43                         000E17  00005B  000E72      1C2E       0  CODE        2
                text52                         000E72  000061  000ED3      1CE4       0  CODE        2
                text5                          000ED3  000061  000F34      1DA6       0  CODE        2
                text24                         000F34  000064  000F98      1E68       0  CODE        2
                text55                         000F98  000068  001000      1F30       0  CODE        2
                idataBANK0                     0016D6  000002  0016D8      2DAC       0  CODE        2
                clrtext                        0016D8  000008  0016E0      2DB0       0  CODE        2
                idataBANK1                     0016E0  000008  0016E8      2DC0       0  CODE        2
                idataBANK3                     0016E8  00000A  0016F2      2DD0       0  CODE        2
                text33                         0016F2  00000B  0016FD      2DE4       0  CODE        2
                text32                         0016FD  00000B  001708      2DFA       0  CODE        2
                text31                         001708  00000B  001713      2E10       0  CODE        2
                text15                         001713  000010  001723      2E26       0  CODE        2
                text10                         001723  000010  001733      2E46       0  CODE        2
                text9                          001733  000010  001743      2E66       0  CODE        2
                text6                          001743  000010  001753      2E86       0  CODE        2
                text17                         001753  000013  001766      2EA6       0  CODE        2
                inittext                       001766  000013  001779      2ECC       0  CODE        2
                text67                         001779  000015  00178E      2EF2       0  CODE        2
                text65                         00178E  000015  0017A3      2F1C       0  CODE        2
                text49                         0017A3  000016  0017B9      2F46       0  CODE        2
                text57                         0017B9  000017  0017D0      2F72       0  CODE        2
                text30                         0017D0  000018  0017E8      2FA0       0  CODE        2
                text12                         0017E8  000018  001800      2FD0       0  CODE        2


UNUSED ADDRESS RANGES

        Name                Unused          Largest block    Delta
        BANK1            00EC-00EF              4           1
        BANK2            0110-016F             60           1
        BANK3            019A-01EF             56           1
        CODE             1000-16D5            6D6           2
                         1800-1FFF            800
        CONST            1000-16D5            100           2
                         1800-1FFF            100
        EEDATA           2100-21FF            100           2
        ENTRY            1000-16D5            100           2
                         1800-1FFF            100
        IDLOC            2000-2003              4           2
        RAM              00EC-00EF              4           1
                         0110-016F             60
                         019A-01EF             56
        SFR0             0000-001F             20           1
        SFR1             0080-009F             20           1
        SFR2             0100-010F             10           1
        SFR3             0180-018F             10           1
        STACK            0110-016F             60           1
        STRCODE          1000-16D5            6D6           2
                         1800-1FFF            800
        STRING           1000-16D5            100           2
                         1800-1FFF            100

                                  Symbol Table

?___awdiv                          cstackBANK0  004D
?___awmod                          cstackBANK0  0055
?___lldiv                          cstackBANK0  005A
?___lmul                           cstackBANK0  004D
?___lwdiv                          cstackBANK0  004D
DISP_SetState@DISPx                cstackBANK0  0050
DISP_SetState@State                cstackBANK0  004D
EEPROM_Read@Address                cstackBANK0  004E
EEPROM_Read@Data                   cstackBANK0  004F
EEPROM_ReadPage@Address            cstackBANK0  0052
EEPROM_ReadPage@Data_P             cstackBANK0  004E
EEPROM_ReadPage@Length             cstackBANK0  004F
EEPROM_ReadPage@i                  cstackBANK0  0053
EEPROM_Write@Address               cstackBANK0  004F
EEPROM_Write@Data                  cstackBANK0  004E
EEPROM_WritePage@Address           cstackBANK0  0052
EEPROM_WritePage@Data_P            cstackBANK0  004E
EEPROM_WritePage@Length            cstackBANK0  004F
EEPROM_WritePage@i                 cstackBANK0  0053
GPIO_GetPinState@GPIOx             cstackBANK0  004D
GPIO_GetPinState@PINx              cstackBANK0  004F
GPIO_InitPin@GPIOx                 cstackBANK0  004D
GPIO_InitPin@Mode                  cstackBANK0  0050
GPIO_InitPin@PINx                  cstackBANK0  004F
GPIO_SetPinState@GPIOx             cstackBANK0  004D
GPIO_SetPinState@PINx              cstackBANK0  004F
GPIO_SetPinState@State             cstackBANK0  0050
GPIO_SetPortState@GPIOx            cstackBANK0  004D
GPIO_SetPortState@PINx             cstackBANK0  004F
GPIO_SetPortState@State            cstackBANK0  0050
HCU_SetState@HCUx                  cstackBANK0  0050
HCU_SetState@State                 cstackBANK0  004D
I2C_Master_Init@BaudRate           cstackBANK0  0068
I2C_Master_Write@Data              cstackBANK0  004D
LED_SetState@LEDx                  cstackBANK0  0050
LED_SetState@State                 cstackBANK0  004D
SCH_Add_Task@Delay                 cstackBANK0  0050
SCH_Add_Task@Index                 cstackBANK0  0055
SCH_Add_Task@Period                cstackBANK0  0052
SCH_Add_Task@Task_P                cstackBANK0  0054
SCH_Delete_Task@Index              cstackBANK0  0050
SCH_Dispatch_Tasks@Index           cstackBANK0  006C
SCH_Init@Index                     cstackBANK0  0051
SCH_Update@Index                   cstackCOMMON 0075
SSD_SetState@SSDx                  cstackBANK0  0050
SSD_SetState@State                 cstackBANK0  004D
SSD_SetSymbol@SSDx                 cstackBANK0  005E
SSD_SetSymbol@Symbol               cstackBANK0  005B
SW_Delay_ms@Delay_ms               cstackBANK0  0056
SW_Delay_us@Delay                  cstackBANK0  0055
SW_Delay_us@Delay_us               cstackBANK0  004D
SW_GetState@SWx                    cstackBANK0  004F
SW_GetState@State                  cstackBANK0  0050
SysTick_Init@TicksPeriod_ms        cstackBANK0  005A
SysTick_Init@Ticks_N               cstackBANK0  0062
TEMP_GetAverage@AvgTemp            cstackBANK0  0056
TEMP_GetAverage@Index              cstackBANK0  0058
TEMP_Init@Index                    cstackBANK0  004D
TIM1_Init@Ticks_N                  cstackBANK0  004D
WH_Init@Index                      cstackBANK0  006D
_ADCON0                            (abs)        001F
_ADCON1                            (abs)        009F
_ADC_G                             bssBANK0     0020
_ADC_GetState                      text47       07FC
_ADC_Init                          text64       08BA
_ADC_Update                        text24       0F34
_ADRESH                            (abs)        001E
_ADRESL                            (abs)        009E
_CCP1CON                           (abs)        0017
_CCPR1H                            (abs)        0016
_CCPR1L                            (abs)        0015
_DISP_G                            bssBANK0     0033
_DISP_Init                         text61       0920
_DISP_SetState                     text41       0A67
_DISP_Update                       text21       0297
_EEPROM_Init                       text10       1723
_EEPROM_Read                       text7        0C59
_EEPROM_ReadPage                   text5        0ED3
_EEPROM_Write                      text29       0A96
_EEPROM_WritePage                  text4        07AF
_GPIO_GetPinState                  text48       0842
_GPIO_InitPin                      text60       0AC5
_GPIO_SetPinState                  text53       0944
_GPIO_SetPortState                 text49       17A3
_HCU_G                             bssBANK0     0045
_HCU_Init                          text59       08DA
_HCU_SetState                      text39       089B
_HCU_Update                        text22       09B7
_I2C_ACK                           text6        1743
_I2C_Master_Init                   text11       0D72
_I2C_Master_RepeatedStart          text33       16F2
_I2C_Master_Start                  text32       16FD
_I2C_Master_Stop                   text31       1708
_I2C_Master_Wait                   text34       0800
_I2C_Master_Write                  text30       17D0
_I2C_NACK                          text9        1733
_I2C_Read                          text8        0827
_INTCON                            (abs)        000B
_INTCONbits                        (abs)        000B
_LED_G                             bssBANK0     0043
_LED_Init                          text58       08FD
_LED_SetState                      text63       087C
_LED_Update                        text26       0990
_OPTION_REG                        (abs)        0081
_PIE1                              (abs)        008C
_PIR1                              (abs)        000C
_PORTA                             (abs)        0005
_PORTB                             (abs)        0006
_PORTC                             (abs)        0007
_PORTD                             (abs)        0008
_SCH_Add_Task                      text56       05EB
_SCH_Delete_Task                   text52       0E72
_SCH_Dispatch_Tasks                text19       0665
_SCH_ErrorCode_G                   bssBANK0     0048
_SCH_ErrorTickCount_G              bssCOMMON    007A
_SCH_Go_To_Sleep                   text51       0003
_SCH_Init                          text18       080D
_SCH_IntFlag_G                     bssBANK0     0047
_SCH_Report_Status                 text50       0C1C
_SCH_Start                         text15       1713
_SCH_Tasks                         bssBANK1     00A0
_SCH_Update                        text66       0338
_SSD_G                             bssBANK0     003B
_SSD_Init                          text14       01F3
_SSD_Num_G                         bssBANK0     004C
_SSD_SetState                      text62       0A09
_SSD_SetSymbol                     text46       0A38
_SSD_SymbolPattern_G               dataBANK3    0190
_SSD_Update                        text20       0570
_SSPADD                            (abs)        0093
_SSPBUF                            (abs)        0013
_SSPCON                            (abs)        0014
_SSPCON2                           (abs)        0091
_SSPSTAT                           (abs)        0094
_SW_Delay_ms                       text2        0BE1
_SW_Delay_us                       text3        0B33
_SW_G                              bssBANK0     002A
_SW_GetState                       text45       09DE
_SW_Init                           text13       0AFB
_SW_Update                         text25       03D6
_SysTick_Handler                   text65       178E
_SysTick_Init                      text16       0DBE
_T1CON                             (abs)        0010
_TEMP_G                            bssBANK1     00D0
_TEMP_GetAverage                   text37       0BA6
_TEMP_Init                         text12       17E8
_TEMP_Update                       text23       085E
_TIM1_Init                         text17       1753
_TMR0                              (abs)        0001
_TMR1H                             (abs)        000F
_TMR1L                             (abs)        000E
_WH_AvgTemp_G                      bssBANK0     0049
_WH_Counter_G                      bssCOMMON    007C
_WH_EEPROMPassword_G               dataBANK1    00E4
_WH_Init                           text1        06D8
_WH_NormalMode                     text42       046D
_WH_OffMode                        text40       096A
_WH_OperationMode                  text36       04F2
_WH_PasswordFlag_G                 dataBANK0    006F
_WH_PasswordRead_G                 bssBANK1     00DC
_WH_PreState_G                     bssBANK0     004A
_WH_ResetMode                      text35       0B6C
_WH_State_G                        bssBANK0     004B
_WH_TargetTemp_G                   dataBANK0    006E
_WH_Task                           text27       0CE3
_WH_TempSetMode                    text28       0073
__Habs1                            abs1         0000
__Hbank0                           bank0        0000
__Hbank1                           bank1        0000
__Hbank2                           bank2        0000
__Hbank3                           bank3        0000
__HbssBANK0                        bssBANK0     0000
__HbssBANK1                        bssBANK1     0000
__HbssCOMMON                       bssCOMMON    0000
__Hcinit                           cinit        0055
__Hclrtext                         clrtext      0000
__Hcode                            code         0000
__Hcommon                          common       0000
__Hconfig                          config       2008
__HcstackBANK0                     cstackBANK0  0000
__HcstackCOMMON                    cstackCOMMON 0000
__HdataBANK0                       dataBANK0    0000
__HdataBANK1                       dataBANK1    0000
__HdataBANK3                       dataBANK3    0000
__Heeprom_data                     eeprom_data  0000
__Hend_init                        end_init     0015
__Hfunctab                         functab      0073
__HidataBANK0                      idataBANK0   0000
__HidataBANK1                      idataBANK1   0000
__HidataBANK3                      idataBANK3   0000
__Hinit                            init         0012
__Hinittext                        inittext     0000
__Hintentry                        intentry     0012
__Hmaintext                        maintext     0000
__Hpowerup                         powerup      0000
__Hram                             ram          0000
__Hreset_vec                       reset_vec    0003
__Hsfr0                            sfr0         0000
__Hsfr1                            sfr1         0000
__Hsfr2                            sfr2         0000
__Hsfr3                            sfr3         0000
__Hspace_0                         (abs)        1800
__Hspace_1                         (abs)        019A
__Hspace_2                         (abs)        0000
__Hspace_3                         (abs)        0000
__Hspace_4                         (abs)        400F
__Hstack                           stack        0000
__Hstrings                         strings      0000
__Htext                            text         0000
__Labs1                            abs1         0000
__Lbank0                           bank0        0000
__Lbank1                           bank1        0000
__Lbank2                           bank2        0000
__Lbank3                           bank3        0000
__LbssBANK0                        bssBANK0     0000
__LbssBANK1                        bssBANK1     0000
__LbssCOMMON                       bssCOMMON    0000
__Lcinit                           cinit        0015
__Lclrtext                         clrtext      0000
__Lcode                            code         0000
__Lcommon                          common       0000
__Lconfig                          config       0000
__LcstackBANK0                     cstackBANK0  0000
__LcstackCOMMON                    cstackCOMMON 0000
__LdataBANK0                       dataBANK0    0000
__LdataBANK1                       dataBANK1    0000
__LdataBANK3                       dataBANK3    0000
__Leeprom_data                     eeprom_data  0000
__Lend_init                        end_init     0012
__Lfunctab                         functab      0055
__LidataBANK0                      idataBANK0   0000
__LidataBANK1                      idataBANK1   0000
__LidataBANK3                      idataBANK3   0000
__Linit                            init         0012
__Linittext                        inittext     0000
__Lintentry                        intentry     0004
__Lmaintext                        maintext     0000
__Lpowerup                         powerup      0000
__Lram                             ram          0000
__Lreset_vec                       reset_vec    0000
__Lsfr0                            sfr0         0000
__Lsfr1                            sfr1         0000
__Lsfr2                            sfr2         0000
__Lsfr3                            sfr3         0000
__Lspace_0                         (abs)        0000
__Lspace_1                         (abs)        0000
__Lspace_2                         (abs)        0000
__Lspace_3                         (abs)        0000
__Lspace_4                         (abs)        0000
__Lstack                           stack        0000
__Lstrings                         strings      0000
__Ltext                            text         0000
__S0                               (abs)        1800
__S1                               (abs)        019A
__S2                               (abs)        0000
__S3                               (abs)        0000
___awdiv                           text44       0746
___awdiv@counter                   cstackBANK0  0051
___awdiv@dividend                  cstackBANK0  004F
___awdiv@divisor                   cstackBANK0  004D
___awdiv@quotient                  cstackBANK0  0053
___awdiv@sign                      cstackBANK0  0052
___awmod                           text43       0E17
___awmod@counter                   cstackBANK0  0059
___awmod@dividend                  cstackBANK0  0057
___awmod@divisor                   cstackBANK0  0055
___awmod@sign                      cstackBANK0  005A
___bmul                            text57       17B9
___bmul@multiplicand               cstackBANK0  004D
___bmul@multiplier                 cstackBANK0  004F
___bmul@product                    cstackBANK0  004E
___int_sp                          stack        0000
___latbits                         (abs)        0002
___lldiv                           text55       0F98
___lldiv@counter                   cstackBANK0  0067
___lldiv@dividend                  cstackBANK0  005E
___lldiv@divisor                   cstackBANK0  005A
___lldiv@quotient                  cstackBANK0  0063
___lmul                            text54       0D2A
___lmul@multiplicand               cstackBANK0  0051
___lmul@multiplier                 cstackBANK0  004D
___lmul@product                    cstackBANK0  0056
___lwdiv                           text38       0C9D
___lwdiv@counter                   cstackBANK0  0053
___lwdiv@dividend                  cstackBANK0  004F
___lwdiv@divisor                   cstackBANK0  004D
___lwdiv@quotient                  cstackBANK0  0051
___sp                              stack        0000
___stackhi                         (abs)        0000
___stacklo                         (abs)        0000
__end_of_ADC_GetState              text47       0800
__end_of_ADC_Init                  text64       08DA
__end_of_ADC_Update                text24       0F98
__end_of_DISP_Init                 text61       0944
__end_of_DISP_SetState             text41       0A96
__end_of_DISP_Update               text21       0338
__end_of_EEPROM_Init               text10       1733
__end_of_EEPROM_Read               text7        0C9D
__end_of_EEPROM_ReadPage           text5        0F34
__end_of_EEPROM_Write              text29       0AC5
__end_of_EEPROM_WritePage          text4        07FC
__end_of_GPIO_GetPinState          text48       085E
__end_of_GPIO_InitPin              text60       0AFB
__end_of_GPIO_SetPinState          text53       096A
__end_of_GPIO_SetPortState         text49       17B9
__end_of_HCU_Init                  text59       08FD
__end_of_HCU_SetState              text39       08BA
__end_of_HCU_Update                text22       09DE
__end_of_I2C_ACK                   text6        1753
__end_of_I2C_Master_Init           text11       0DBE
__end_of_I2C_Master_RepeatedStart  text33       16FD
__end_of_I2C_Master_Start          text32       1708
__end_of_I2C_Master_Stop           text31       1713
__end_of_I2C_Master_Wait           text34       080D
__end_of_I2C_Master_Write          text30       17E8
__end_of_I2C_NACK                  text9        1743
__end_of_I2C_Read                  text8        0842
__end_of_LED_Init                  text58       0920
__end_of_LED_SetState              text63       089B
__end_of_LED_Update                text26       09B7
__end_of_SCH_Add_Task              text56       0665
__end_of_SCH_Delete_Task           text52       0ED3
__end_of_SCH_Dispatch_Tasks        text19       06D8
__end_of_SCH_Go_To_Sleep           text51       0004
__end_of_SCH_Init                  text18       0827
__end_of_SCH_Report_Status         text50       0C59
__end_of_SCH_Start                 text15       1723
__end_of_SCH_Update                text66       03D6
__end_of_SSD_Init                  text14       0297
__end_of_SSD_SetState              text62       0A38
__end_of_SSD_SetSymbol             text46       0A67
__end_of_SSD_Update                text20       05EB
__end_of_SW_Delay_ms               text2        0C1C
__end_of_SW_Delay_us               text3        0B6C
__end_of_SW_GetState               text45       0A09
__end_of_SW_Init                   text13       0B33
__end_of_SW_Update                 text25       046D
__end_of_SysTick_Handler           text65       17A3
__end_of_SysTick_Init              text16       0E17
__end_of_TEMP_GetAverage           text37       0BE1
__end_of_TEMP_Init                 text12       1800
__end_of_TEMP_Update               text23       087C
__end_of_TIM1_Init                 text17       1766
__end_of_WH_Init                   text1        0746
__end_of_WH_NormalMode             text42       04F2
__end_of_WH_OffMode                text40       0990
__end_of_WH_OperationMode          text36       0570
__end_of_WH_ResetMode              text35       0BA6
__end_of_WH_Task                   text27       0D2A
__end_of_WH_TempSetMode            text28       0140
__end_of___awdiv                   text44       07AF
__end_of___awmod                   text43       0E72
__end_of___bmul                    text57       17D0
__end_of___lldiv                   text55       1000
__end_of___lmul                    text54       0D72
__end_of___lwdiv                   text38       0CE3
__end_of__fptable                  functab      0073
__end_of__initialization           cinit        0051
__end_of_main                      maintext     01F3
__end_ofi1___bmul                  text67       178E
__fptable                          functab      0055
__initialization                   cinit        0015
__pbssBANK0                        bssBANK0     0020
__pbssBANK1                        bssBANK1     00A0
__pbssCOMMON                       bssCOMMON    007A
__pcstackBANK0                     cstackBANK0  004D
__pcstackCOMMON                    cstackCOMMON 0070
__pdataBANK0                       dataBANK0    006E
__pdataBANK1                       dataBANK1    00E4
__pdataBANK3                       dataBANK3    0190
__pfunctab                         functab      0055
__pidataBANK0                      idataBANK0   16D6
__pidataBANK1                      idataBANK1   16E0
__pidataBANK3                      idataBANK3   16E8
__pintentry                        intentry     0004
__pmaintext                        maintext     0140
__ptext1                           text1        06D8
__ptext10                          text10       1723
__ptext11                          text11       0D72
__ptext12                          text12       17E8
__ptext13                          text13       0AFB
__ptext14                          text14       01F3
__ptext15                          text15       1713
__ptext16                          text16       0DBE
__ptext17                          text17       1753
__ptext18                          text18       080D
__ptext19                          text19       0665
__ptext2                           text2        0BE1
__ptext20                          text20       0570
__ptext21                          text21       0297
__ptext22                          text22       09B7
__ptext23                          text23       085E
__ptext24                          text24       0F34
__ptext25                          text25       03D6
__ptext26                          text26       0990
__ptext27                          text27       0CE3
__ptext28                          text28       0073
__ptext29                          text29       0A96
__ptext3                           text3        0B33
__ptext30                          text30       17D0
__ptext31                          text31       1708
__ptext32                          text32       16FD
__ptext33                          text33       16F2
__ptext34                          text34       0800
__ptext35                          text35       0B6C
__ptext36                          text36       04F2
__ptext37                          text37       0BA6
__ptext38                          text38       0C9D
__ptext39                          text39       089B
__ptext4                           text4        07AF
__ptext40                          text40       096A
__ptext41                          text41       0A67
__ptext42                          text42       046D
__ptext43                          text43       0E17
__ptext44                          text44       0746
__ptext45                          text45       09DE
__ptext46                          text46       0A38
__ptext47                          text47       07FC
__ptext48                          text48       0842
__ptext49                          text49       17A3
__ptext5                           text5        0ED3
__ptext50                          text50       0C1C
__ptext51                          text51       0003
__ptext52                          text52       0E72
__ptext53                          text53       0944
__ptext54                          text54       0D2A
__ptext55                          text55       0F98
__ptext56                          text56       05EB
__ptext57                          text57       17B9
__ptext58                          text58       08FD
__ptext59                          text59       08DA
__ptext6                           text6        1743
__ptext60                          text60       0AC5
__ptext61                          text61       0920
__ptext62                          text62       0A09
__ptext63                          text63       087C
__ptext64                          text64       08BA
__ptext65                          text65       178E
__ptext66                          text66       0338
__ptext67                          text67       1779
__ptext7                           text7        0C59
__ptext8                           text8        0827
__ptext9                           text9        1733
__size_of_ADC_GetState             (abs)        0000
__size_of_ADC_Init                 (abs)        0000
__size_of_ADC_Update               (abs)        0000
__size_of_DISP_Init                (abs)        0000
__size_of_DISP_SetState            (abs)        0000
__size_of_DISP_Update              (abs)        0000
__size_of_EEPROM_Init              (abs)        0000
__size_of_EEPROM_Read              (abs)        0000
__size_of_EEPROM_ReadPage          (abs)        0000
__size_of_EEPROM_Write             (abs)        0000
__size_of_EEPROM_WritePage         (abs)        0000
__size_of_GPIO_GetPinState         (abs)        0000
__size_of_GPIO_InitPin             (abs)        0000
__size_of_GPIO_SetPinState         (abs)        0000
__size_of_GPIO_SetPortState        (abs)        0000
__size_of_HCU_Init                 (abs)        0000
__size_of_HCU_SetState             (abs)        0000
__size_of_HCU_Update               (abs)        0000
__size_of_I2C_ACK                  (abs)        0000
__size_of_I2C_Master_Init          (abs)        0000
__size_of_I2C_Master_RepeatedStart (abs)        0000
__size_of_I2C_Master_Start         (abs)        0000
__size_of_I2C_Master_Stop          (abs)        0000
__size_of_I2C_Master_Wait          (abs)        0000
__size_of_I2C_Master_Write         (abs)        0000
__size_of_I2C_NACK                 (abs)        0000
__size_of_I2C_Read                 (abs)        0000
__size_of_LED_Init                 (abs)        0000
__size_of_LED_SetState             (abs)        0000
__size_of_LED_Update               (abs)        0000
__size_of_SCH_Add_Task             (abs)        0000
__size_of_SCH_Delete_Task          (abs)        0000
__size_of_SCH_Dispatch_Tasks       (abs)        0000
__size_of_SCH_Go_To_Sleep          (abs)        0000
__size_of_SCH_Init                 (abs)        0000
__size_of_SCH_Report_Status        (abs)        0000
__size_of_SCH_Start                (abs)        0000
__size_of_SCH_Update               (abs)        0000
__size_of_SSD_Init                 (abs)        0000
__size_of_SSD_SetState             (abs)        0000
__size_of_SSD_SetSymbol            (abs)        0000
__size_of_SSD_Update               (abs)        0000
__size_of_SW_Delay_ms              (abs)        0000
__size_of_SW_Delay_us              (abs)        0000
__size_of_SW_GetState              (abs)        0000
__size_of_SW_Init                  (abs)        0000
__size_of_SW_Update                (abs)        0000
__size_of_SysTick_Handler          (abs)        0000
__size_of_SysTick_Init             (abs)        0000
__size_of_TEMP_GetAverage          (abs)        0000
__size_of_TEMP_Init                (abs)        0000
__size_of_TEMP_Update              (abs)        0000
__size_of_TIM1_Init                (abs)        0000
__size_of_WH_Init                  (abs)        0000
__size_of_WH_NormalMode            (abs)        0000
__size_of_WH_OffMode               (abs)        0000
__size_of_WH_OperationMode         (abs)        0000
__size_of_WH_ResetMode             (abs)        0000
__size_of_WH_Task                  (abs)        0000
__size_of_WH_TempSetMode           (abs)        0000
__size_of___awdiv                  (abs)        0000
__size_of___awmod                  (abs)        0000
__size_of___bmul                   (abs)        0000
__size_of___lldiv                  (abs)        0000
__size_of___lmul                   (abs)        0000
__size_of___lwdiv                  (abs)        0000
__size_of__fptable                 (abs)        0000
__size_of_main                     (abs)        0000
__size_ofi1___bmul                 (abs)        0000
_main                              maintext     0140
btemp                              (abs)        007E
clear_ram0                         clrtext      16D8
end_of_initialization              cinit        0051
fpbase                             functab      005A
fptable                            functab      0055
fptotal                            (abs)        0010
i1___bmul                          text67       1779
i1___bmul@multiplicand             cstackCOMMON 0070
i1___bmul@multiplier               cstackCOMMON 0072
i1___bmul@product                  cstackCOMMON 0071
init_fetch0                        inittext     1766
init_ram0                          inittext     176A
interrupt_function                 intentry     0004
intlevel0                          functab      0055
intlevel1                          functab      0055
intlevel2                          functab      0055
intlevel3                          functab      0055
intlevel4                          functab      0055
intlevel5                          functab      0055
reset_vec                          reset_vec    0000
saved_w                            (abs)        007E
start                              init         0012
start_initialization               cinit        0015
wtemp0                             (abs)        007E


FUNCTION INFORMATION:

 *************** function _main *****************
 Defined at:
		line 19 in file "main.c"
 Parameters:    Size  Location     Type
		None
 Auto vars:     Size  Location     Type
		None
 Return value:  Size  Location     Type
                  2   44[None  ] int 
 Registers used:
		wreg, fsr0l, fsr0h, status,2, status,0, btemp+1, pclath, cstack
 Tracked objects:
		On entry : 
		On exit  : 
		Unchanged: 
 Data sizes:     COMMON   BANK0   BANK1   BANK3   BANK2
      Params:         0       0       0       0       0
      Locals:         0       0       0       0       0
      Temps:          0       0       0       0       0
      Totals:         0       0       0       0       0
Total ram usage:        0 bytes
 Hardware stack levels required when called:    9
 This function calls:
		_ADC_Init
		_DISP_Init
		_HCU_Init
		_LED_Init
		_SCH_Add_Task
		_SCH_Dispatch_Tasks
		_SCH_Init
		_SCH_Start
		_SSD_Init
		_SW_Init
		_TEMP_Init
		_WH_Init
 This function is called by:
		Startup code after reset
 This function uses a non-reentrant model


 *************** function _WH_Init *****************
 Defined at:
		line 18 in file "WH.c"
 Parameters:    Size  Location     Type
		None
 Auto vars:     Size  Location     Type
  Index           1   32[BANK0 ] unsigned char 
 Return value:  Size  Location     Type
                  1    wreg      void 
 Registers used:
		wreg, fsr0l, fsr0h, status,2, status,0, btemp+1, pclath, cstack
 Tracked objects:
		On entry : 
		On exit  : 
		Unchanged: 
 Data sizes:     COMMON   BANK0   BANK1   BANK3   BANK2
      Params:         0       0       0       0       0
      Locals:         0       1       0       0       0
      Temps:          0       1       0       0       0
      Totals:         0       2       0       0       0
Total ram usage:        2 bytes
 Hardware stack levels used:    1
 Hardware stack levels required when called:    6
 This function calls:
		_EEPROM_Init
		_EEPROM_Read
		_EEPROM_ReadPage
		_EEPROM_Write
		_EEPROM_WritePage
		_SW_Delay_ms
 This function is called by:
		_main
 This function uses a non-reentrant model


 *************** function _SW_Delay_ms *****************
 Defined at:
		line 33 in file "SCH_CONFIG.c"
 Parameters:    Size  Location     Type
  Delay_ms        4    9[BANK0 ] volatile unsigned long 
 Auto vars:     Size  Location     Type
		None
 Return value:  Size  Location     Type
                  1    wreg      void 
 Registers used:
		wreg, status,2, status,0, btemp+1, pclath, cstack
 Tracked objects:
		On entry : 
		On exit  : 
		Unchanged: 
 Data sizes:     COMMON   BANK0   BANK1   BANK3   BANK2
      Params:         0       4       0       0       0
      Locals:         0       0       0       0       0
      Temps:          0       4       0       0       0
      Totals:         0       8       0       0       0
Total ram usage:        8 bytes
 Hardware stack levels used:    1
 Hardware stack levels required when called:    4
 This function calls:
		_SW_Delay_us
 This function is called by:
		_WH_Init
 This function uses a non-reentrant model


 *************** function _SW_Delay_us *****************
 Defined at:
		line 41 in file "SCH_CONFIG.c"
 Parameters:    Size  Location     Type
  Delay_us        4    0[BANK0 ] volatile unsigned long 
 Auto vars:     Size  Location     Type
  Delay           1    8[BANK0 ] volatile unsigned char 
 Return value:  Size  Location     Type
                  1    wreg      void 
 Registers used:
		wreg, status,2, status,0, btemp+1
 Tracked objects:
		On entry : 
		On exit  : 
		Unchanged: 
 Data sizes:     COMMON   BANK0   BANK1   BANK3   BANK2
      Params:         0       4       0       0       0
      Locals:         0       1       0       0       0
      Temps:          0       4       0       0       0
      Totals:         0       9       0       0       0
Total ram usage:        9 bytes
 Hardware stack levels used:    1
 Hardware stack levels required when called:    3
 This function calls:
		Nothing
 This function is called by:
		_SW_Delay_ms
 This function uses a non-reentrant model


 *************** function _EEPROM_WritePage *****************
 Defined at:
		line 23 in file "EEPROM.c"
 Parameters:    Size  Location     Type
  Address         1    wreg     unsigned char 
  Data_P          1    1[BANK0 ] PTR unsigned char 
		 -> WH_EEPROMPassword_G(8), 
  Length          1    2[BANK0 ] unsigned char 
 Auto vars:     Size  Location     Type
  Address         1    5[BANK0 ] unsigned char 
  i               2    6[BANK0 ] unsigned int 
 Return value:  Size  Location     Type
                  1    wreg      void 
 Registers used:
		wreg, fsr0l, fsr0h, status,2, status,0, pclath, cstack
 Tracked objects:
		On entry : 
		On exit  : 
		Unchanged: 
 Data sizes:     COMMON   BANK0   BANK1   BANK3   BANK2
      Params:         0       2       0       0       0
      Locals:         0       3       0       0       0
      Temps:          0       2       0       0       0
      Totals:         0       7       0       0       0
Total ram usage:        7 bytes
 Hardware stack levels used:    1
 Hardware stack levels required when called:    5
 This function calls:
		_I2C_Master_RepeatedStart
		_I2C_Master_Start
		_I2C_Master_Stop
		_I2C_Master_Write
 This function is called by:
		_WH_Init
 This function uses a non-reentrant model


 *************** function _EEPROM_ReadPage *****************
 Defined at:
		line 51 in file "EEPROM.c"
 Parameters:    Size  Location     Type
  Address         1    wreg     unsigned char 
  Data_P          1    1[BANK0 ] PTR unsigned char 
		 -> WH_PasswordRead_G(8), 
  Length          1    2[BANK0 ] unsigned char 
 Auto vars:     Size  Location     Type
  Address         1    5[BANK0 ] unsigned char 
  i               2    6[BANK0 ] unsigned int 
 Return value:  Size  Location     Type
                  1    wreg      void 
 Registers used:
		wreg, fsr0l, fsr0h, status,2, status,0, btemp+1, pclath, cstack
 Tracked objects:
		On entry : 
		On exit  : 
		Unchanged: 
 Data sizes:     COMMON   BANK0   BANK1   BANK3   BANK2
      Params:         0       2       0       0       0
      Locals:         0       3       0       0       0
      Temps:          0       2       0       0       0
      Totals:         0       7       0       0       0
Total ram usage:        7 bytes
 Hardware stack levels used:    1
 Hardware stack levels required when called:    5
 This function calls:
		_I2C_ACK
		_I2C_Master_RepeatedStart
		_I2C_Master_Start
		_I2C_Master_Stop
		_I2C_Master_Write
		_I2C_Read
 This function is called by:
		_WH_Init
 This function uses a non-reentrant model


 *************** function _I2C_ACK *****************
 Defined at:
		line 55 in file "I2C.c"
 Parameters:    Size  Location     Type
		None
 Auto vars:     Size  Location     Type
		None
 Return value:  Size  Location     Type
                  1    wreg      void 
 Registers used:
		wreg, status,2, status,0, pclath, cstack
 Tracked objects:
		On entry : 
		On exit  : 
		Unchanged: 
 Data sizes:     COMMON   BANK0   BANK1   BANK3   BANK2
      Params:         0       0       0       0       0
      Locals:         0       0       0       0       0
      Temps:          0       0       0       0       0
      Totals:         0       0       0       0       0
Total ram usage:        0 bytes
 Hardware stack levels used:    1
 Hardware stack levels required when called:    4
 This function calls:
		_I2C_Master_Wait
 This function is called by:
		_EEPROM_ReadPage
 This function uses a non-reentrant model


 *************** function _EEPROM_Read *****************
 Defined at:
		line 35 in file "EEPROM.c"
 Parameters:    Size  Location     Type
  Address         1    wreg     unsigned char 
 Auto vars:     Size  Location     Type
  Address         1    1[BANK0 ] unsigned char 
  Data            1    2[BANK0 ] unsigned char 
 Return value:  Size  Location     Type
                  1    wreg      unsigned char 
 Registers used:
		wreg, status,2, status,0, btemp+1, pclath, cstack
 Tracked objects:
		On entry : 
		On exit  : 
		Unchanged: 
 Data sizes:     COMMON   BANK0   BANK1   BANK3   BANK2
      Params:         0       0       0       0       0
      Locals:         0       2       0       0       0
      Temps:          0       0       0       0       0
      Totals:         0       2       0       0       0
Total ram usage:        2 bytes
 Hardware stack levels used:    1
 Hardware stack levels required when called:    5
 This function calls:
		_I2C_Master_RepeatedStart
		_I2C_Master_Start
		_I2C_Master_Stop
		_I2C_Master_Write
		_I2C_NACK
		_I2C_Read
 This function is called by:
		_WH_Init
 This function uses a non-reentrant model


 *************** function _I2C_Read *****************
 Defined at:
		line 45 in file "I2C.c"
 Parameters:    Size  Location     Type
		None
 Auto vars:     Size  Location     Type
		None
 Return value:  Size  Location     Type
                  1    wreg      unsigned char 
 Registers used:
		wreg, status,2, status,0, pclath, cstack
 Tracked objects:
		On entry : 
		On exit  : 
		Unchanged: 
 Data sizes:     COMMON   BANK0   BANK1   BANK3   BANK2
      Params:         0       0       0       0       0
      Locals:         0       0       0       0       0
      Temps:          0       0       0       0       0
      Totals:         0       0       0       0       0
Total ram usage:        0 bytes
 Hardware stack levels used:    1
 Hardware stack levels required when called:    4
 This function calls:
		_I2C_Master_Wait
 This function is called by:
		_EEPROM_Read
		_EEPROM_ReadPage
 This function uses a non-reentrant model


 *************** function _I2C_NACK *****************
 Defined at:
		line 62 in file "I2C.c"
 Parameters:    Size  Location     Type
		None
 Auto vars:     Size  Location     Type
		None
 Return value:  Size  Location     Type
                  1    wreg      void 
 Registers used:
		wreg, status,2, status,0, pclath, cstack
 Tracked objects:
		On entry : 
		On exit  : 
		Unchanged: 
 Data sizes:     COMMON   BANK0   BANK1   BANK3   BANK2
      Params:         0       0       0       0       0
      Locals:         0       0       0       0       0
      Temps:          0       0       0       0       0
      Totals:         0       0       0       0       0
Total ram usage:        0 bytes
 Hardware stack levels used:    1
 Hardware stack levels required when called:    4
 This function calls:
		_I2C_Master_Wait
 This function is called by:
		_EEPROM_Read
 This function uses a non-reentrant model


 *************** function _EEPROM_Init *****************
 Defined at:
		line 7 in file "EEPROM.c"
 Parameters:    Size  Location     Type
		None
 Auto vars:     Size  Location     Type
		None
 Return value:  Size  Location     Type
                  1    wreg      void 
 Registers used:
		wreg, fsr0l, fsr0h, status,2, status,0, btemp+1, pclath, cstack
 Tracked objects:
		On entry : 
		On exit  : 
		Unchanged: 
 Data sizes:     COMMON   BANK0   BANK1   BANK3   BANK2
      Params:         0       0       0       0       0
      Locals:         0       0       0       0       0
      Temps:          0       0       0       0       0
      Totals:         0       0       0       0       0
Total ram usage:        0 bytes
 Hardware stack levels used:    1
 Hardware stack levels required when called:    5
 This function calls:
		_I2C_Master_Init
 This function is called by:
		_WH_Init
 This function uses a non-reentrant model


 *************** function _I2C_Master_Init *****************
 Defined at:
		line 3 in file "I2C.c"
 Parameters:    Size  Location     Type
  BaudRate        4   27[BANK0 ] const unsigned long 
 Auto vars:     Size  Location     Type
		None
 Return value:  Size  Location     Type
                  1    wreg      void 
 Registers used:
		wreg, fsr0l, fsr0h, status,2, status,0, btemp+1, pclath, cstack
 Tracked objects:
		On entry : 
		On exit  : 
		Unchanged: 
 Data sizes:     COMMON   BANK0   BANK1   BANK3   BANK2
      Params:         0       4       0       0       0
      Locals:         0       0       0       0       0
      Temps:          0       0       0       0       0
      Totals:         0       4       0       0       0
Total ram usage:        4 bytes
 Hardware stack levels used:    1
 Hardware stack levels required when called:    4
 This function calls:
		_GPIO_InitPin
		___lldiv
 This function is called by:
		_EEPROM_Init
 This function uses a non-reentrant model


 *************** function _TEMP_Init *****************
 Defined at:
		line 6 in file "TEMP.c"
 Parameters:    Size  Location     Type
		None
 Auto vars:     Size  Location     Type
  Index           1    0[BANK0 ] unsigned char 
 Return value:  Size  Location     Type
                  1    wreg      void 
 Registers used:
		wreg, fsr0l, fsr0h, status,2, status,0, btemp+1
 Tracked objects:
		On entry : 
		On exit  : 
		Unchanged: 
 Data sizes:     COMMON   BANK0   BANK1   BANK3   BANK2
      Params:         0       0       0       0       0
      Locals:         0       1       0       0       0
      Temps:          0       0       0       0       0
      Totals:         0       1       0       0       0
Total ram usage:        1 bytes
 Hardware stack levels used:    1
 Hardware stack levels required when called:    3
 This function calls:
		Nothing
 This function is called by:
		_main
 This function uses a non-reentrant model


 *************** function _SW_Init *****************
 Defined at:
		line 5 in file "SW.c"
 Parameters:    Size  Location     Type
		None
 Auto vars:     Size  Location     Type
		None
 Return value:  Size  Location     Type
                  1    wreg      void 
 Registers used:
		wreg, fsr0l, fsr0h, status,2, status,0, btemp+1, pclath, cstack
 Tracked objects:
		On entry : 
		On exit  : 
		Unchanged: 
 Data sizes:     COMMON   BANK0   BANK1   BANK3   BANK2
      Params:         0       0       0       0       0
      Locals:         0       0       0       0       0
      Temps:          0       0       0       0       0
      Totals:         0       0       0       0       0
Total ram usage:        0 bytes
 Hardware stack levels used:    1
 Hardware stack levels required when called:    4
 This function calls:
		_GPIO_InitPin
 This function is called by:
		_main
 This function uses a non-reentrant model


 *************** function _SSD_Init *****************
 Defined at:
		line 7 in file "SSD.c"
 Parameters:    Size  Location     Type
		None
 Auto vars:     Size  Location     Type
		None
 Return value:  Size  Location     Type
                  1    wreg      void 
 Registers used:
		wreg, fsr0l, fsr0h, status,2, status,0, btemp+1, pclath, cstack
 Tracked objects:
		On entry : 
		On exit  : 
		Unchanged: 
 Data sizes:     COMMON   BANK0   BANK1   BANK3   BANK2
      Params:         0       0       0       0       0
      Locals:         0       0       0       0       0
      Temps:          0       0       0       0       0
      Totals:         0       0       0       0       0
Total ram usage:        0 bytes
 Hardware stack levels used:    1
 Hardware stack levels required when called:    4
 This function calls:
		_GPIO_InitPin
 This function is called by:
		_main
 This function uses a non-reentrant model


 *************** function _SCH_Start *****************
 Defined at:
		line 20 in file "SCH.c"
 Parameters:    Size  Location     Type
		None
 Auto vars:     Size  Location     Type
		None
 Return value:  Size  Location     Type
                  1    wreg      void 
 Registers used:
		wreg, status,2, status,0, pclath, cstack
 Tracked objects:
		On entry : 
		On exit  : 
		Unchanged: 
 Data sizes:     COMMON   BANK0   BANK1   BANK3   BANK2
      Params:         0       0       0       0       0
      Locals:         0       0       0       0       0
      Temps:          0       0       0       0       0
      Totals:         0       0       0       0       0
Total ram usage:        0 bytes
 Hardware stack levels used:    1
 Hardware stack levels required when called:    5
 This function calls:
		_SysTick_Init
 This function is called by:
		_main
 This function uses a non-reentrant model


 *************** function _SysTick_Init *****************
 Defined at:
		line 3 in file "SCH_CONFIG.c"
 Parameters:    Size  Location     Type
  TicksPeriod_    4   13[BANK0 ]  unsigned long 
 Auto vars:     Size  Location     Type
  Ticks_N         4   21[BANK0 ] volatile unsigned long 
 Return value:  Size  Location     Type
                  1    wreg      unsigned char 
 Registers used:
		wreg, status,2, status,0, pclath, cstack
 Tracked objects:
		On entry : 
		On exit  : 
		Unchanged: 
 Data sizes:     COMMON   BANK0   BANK1   BANK3   BANK2
      Params:         0       4       0       0       0
      Locals:         0       4       0       0       0
      Temps:          0       4       0       0       0
      Totals:         0      12       0       0       0
Total ram usage:       12 bytes
 Hardware stack levels used:    1
 Hardware stack levels required when called:    4
 This function calls:
		_TIM1_Init
		___lmul
 This function is called by:
		_SCH_Start
 This function uses a non-reentrant model


 *************** function _TIM1_Init *****************
 Defined at:
		line 16 in file "TIM.c"
 Parameters:    Size  Location     Type
  Ticks_N         2    0[BANK0 ] unsigned short 
 Auto vars:     Size  Location     Type
		None
 Return value:  Size  Location     Type
                  1    wreg      void 
 Registers used:
		wreg, status,2
 Tracked objects:
		On entry : 
		On exit  : 
		Unchanged: 
 Data sizes:     COMMON   BANK0   BANK1   BANK3   BANK2
      Params:         0       2       0       0       0
      Locals:         0       0       0       0       0
      Temps:          0       0       0       0       0
      Totals:         0       2       0       0       0
Total ram usage:        2 bytes
 Hardware stack levels used:    1
 Hardware stack levels required when called:    3
 This function calls:
		Nothing
 This function is called by:
		_SysTick_Init
 This function uses a non-reentrant model


 *************** function _SCH_Init *****************
 Defined at:
		line 8 in file "SCH.c"
 Parameters:    Size  Location     Type
		None
 Auto vars:     Size  Location     Type
  Index           1    4[BANK0 ] unsigned char 
 Return value:  Size  Location     Type
                  1    wreg      void 
 Registers used:
		wreg, fsr0l, fsr0h, status,2, status,0, btemp+1, pclath, cstack
 Tracked objects:
		On entry : 
		On exit  : 
		Unchanged: 
 Data sizes:     COMMON   BANK0   BANK1   BANK3   BANK2
      Params:         0       0       0       0       0
      Locals:         0       1       0       0       0
      Temps:          0       0       0       0       0
      Totals:         0       1       0       0       0
Total ram usage:        1 bytes
 Hardware stack levels used:    1
 Hardware stack levels required when called:    5
 This function calls:
		_SCH_Delete_Task
 This function is called by:
		_main
 This function uses a non-reentrant model


 *************** function _SCH_Dispatch_Tasks *****************
 Defined at:
		line 116 in file "SCH.c"
 Parameters:    Size  Location     Type
		None
 Auto vars:     Size  Location     Type
  Index           1   31[BANK0 ] unsigned char 
 Return value:  Size  Location     Type
                  1    wreg      void 
 Registers used:
		wreg, fsr0l, fsr0h, status,2, status,0, btemp+1, pclath, cstack
 Tracked objects:
		On entry : 
		On exit  : 
		Unchanged: 
 Data sizes:     COMMON   BANK0   BANK1   BANK3   BANK2
      Params:         0       0       0       0       0
      Locals:         0       1       0       0       0
      Temps:          0       2       0       0       0
      Totals:         0       3       0       0       0
Total ram usage:        3 bytes
 Hardware stack levels used:    1
 Hardware stack levels required when called:    8
 This function calls:
		Absolute function
		_ADC_Update
		_DISP_Update
		_HCU_Update
		_LED_Update
		_SCH_Delete_Task
		_SCH_Go_To_Sleep
		_SCH_Report_Status
		_SSD_Update
		_SW_Update
		_TEMP_Update
		_WH_Task
		___bmul
 This function is called by:
		_main
 This function uses a non-reentrant model


 *************** function _SSD_Update *****************
 Defined at:
		line 29 in file "SSD.c"
 Parameters:    Size  Location     Type
		None
 Auto vars:     Size  Location     Type
		None
 Return value:  Size  Location     Type
                  1    wreg      void 
 Registers used:
		wreg, fsr0l, fsr0h, status,2, status,0, btemp+1, pclath, cstack
 Tracked objects:
		On entry : 
		On exit  : 
		Unchanged: 
 Data sizes:     COMMON   BANK0   BANK1   BANK3   BANK2
      Params:         0       0       0       0       0
      Locals:         0       0       0       0       0
      Temps:          0       1       0       0       0
      Totals:         0       1       0       0       0
Total ram usage:        1 bytes
 Hardware stack levels used:    1
 Hardware stack levels required when called:    4
 This function calls:
		_GPIO_SetPinState
		_GPIO_SetPortState
 This function is called by:
		_main
		_SCH_Dispatch_Tasks
 This function uses a non-reentrant model


 *************** function _DISP_Update *****************
 Defined at:
		line 20 in file "DISP.c"
 Parameters:    Size  Location     Type
		None
 Auto vars:     Size  Location     Type
		None
 Return value:  Size  Location     Type
                  1    wreg      void 
 Registers used:
		wreg, fsr0l, fsr0h, status,2, status,0, btemp+1, pclath, cstack
 Tracked objects:
		On entry : 
		On exit  : 
		Unchanged: 
 Data sizes:     COMMON   BANK0   BANK1   BANK3   BANK2
      Params:         0       0       0       0       0
      Locals:         0       0       0       0       0
      Temps:          0       0       0       0       0
      Totals:         0       0       0       0       0
Total ram usage:        0 bytes
 Hardware stack levels used:    1
 Hardware stack levels required when called:    4
 This function calls:
		_LED_SetState
		_SSD_SetState
 This function is called by:
		_main
		_SCH_Dispatch_Tasks
 This function uses a non-reentrant model


 *************** function _HCU_Update *****************
 Defined at:
		line 13 in file "HCU.c"
 Parameters:    Size  Location     Type
		None
 Auto vars:     Size  Location     Type
		None
 Return value:  Size  Location     Type
                  1    wreg      void 
 Registers used:
		wreg, fsr0l, fsr0h, status,2, status,0, btemp+1, pclath, cstack
 Tracked objects:
		On entry : 
		On exit  : 
		Unchanged: 
 Data sizes:     COMMON   BANK0   BANK1   BANK3   BANK2
      Params:         0       0       0       0       0
      Locals:         0       0       0       0       0
      Temps:          0       0       0       0       0
      Totals:         0       0       0       0       0
Total ram usage:        0 bytes
 Hardware stack levels used:    1
 Hardware stack levels required when called:    4
 This function calls:
		_GPIO_SetPinState
 This function is called by:
		_main
		_SCH_Dispatch_Tasks
 This function uses a non-reentrant model


 *************** function _TEMP_Update *****************
 Defined at:
		line 15 in file "TEMP.c"
 Parameters:    Size  Location     Type
		None
 Auto vars:     Size  Location     Type
		None
 Return value:  Size  Location     Type
                  1    wreg      void 
 Registers used:
		wreg, fsr0l, fsr0h, status,2, status,0, btemp+1, pclath, cstack
 Tracked objects:
		On entry : 
		On exit  : 
		Unchanged: 
 Data sizes:     COMMON   BANK0   BANK1   BANK3   BANK2
      Params:         0       0       0       0       0
      Locals:         0       0       0       0       0
      Temps:          0       0       0       0       0
      Totals:         0       0       0       0       0
Total ram usage:        0 bytes
 Hardware stack levels used:    1
 Hardware stack levels required when called:    4
 This function calls:
		_ADC_GetState
 This function is called by:
		_main
		_SCH_Dispatch_Tasks
 This function uses a non-reentrant model


 *************** function _ADC_Update *****************
 Defined at:
		line 15 in file "ADC.c"
 Parameters:    Size  Location     Type
		None
 Auto vars:     Size  Location     Type
		None
 Return value:  Size  Location     Type
                  1    wreg      void 
 Registers used:
		wreg, fsr0l, fsr0h, status,2, status,0, btemp+1, pclath, cstack
 Tracked objects:
		On entry : 
		On exit  : 
		Unchanged: 
 Data sizes:     COMMON   BANK0   BANK1   BANK3   BANK2
      Params:         0       0       0       0       0
      Locals:         0       0       0       0       0
      Temps:          0       2       0       0       0
      Totals:         0       2       0       0       0
Total ram usage:        2 bytes
 Hardware stack levels used:    1
 Hardware stack levels required when called:    4
 This function calls:
		___lldiv
		___lmul
 This function is called by:
		_main
		_SCH_Dispatch_Tasks
 This function uses a non-reentrant model


 *************** function _SW_Update *****************
 Defined at:
		line 21 in file "SW.c"
 Parameters:    Size  Location     Type
		None
 Auto vars:     Size  Location     Type
		None
 Return value:  Size  Location     Type
                  1    wreg      void 
 Registers used:
		wreg, fsr0l, fsr0h, status,2, status,0, btemp+1, pclath, cstack
 Tracked objects:
		On entry : 
		On exit  : 
		Unchanged: 
 Data sizes:     COMMON   BANK0   BANK1   BANK3   BANK2
      Params:         0       0       0       0       0
[...]
 This function calls:
		Nothing
 This function is called by:
		_SSD_Update
		_HCU_Update
		_LED_Update
 This function uses a non-reentrant model


 *************** function ___lmul *****************
 Defined at:
		line 15 in file "C:\Program Files\Microchip\xc8\v2.20\pic\sources\c90\common\Umul32.c"
 Parameters:    Size  Location     Type
  multiplier      4    0[BANK0 ] unsigned long 
  multiplicand    4    4[BANK0 ] unsigned long 
 Auto vars:     Size  Location     Type
  product         4    9[BANK0 ] unsigned long 
 Return value:  Size  Location     Type
                  4    0[BANK0 ] unsigned long 
 Registers used:
		wreg, status,2, status,0
 Tracked objects:
		On entry : 
		On exit  : 
		Unchanged: 
 Data sizes:     COMMON   BANK0   BANK1   BANK3   BANK2
      Params:         0       8       0       0       0
      Locals:         0       4       0       0       0
      Temps:          0       1       0       0       0
      Totals:         0      13       0       0       0
Total ram usage:       13 bytes
 Hardware stack levels used:    1
 Hardware stack levels required when called:    3
 This function calls:
		Nothing
 This function is called by:
		_ADC_Update
		_SysTick_Init
 This function uses a non-reentrant model


 *************** function ___lldiv *****************
 Defined at:
		line 5 in file "C:\Program Files\Microchip\xc8\v2.20\pic\sources\c90\common\__lldiv.c"
 Parameters:    Size  Location     Type
  divisor         4   13[BANK0 ] unsigned long 
  dividend        4   17[BANK0 ] unsigned long 
 Auto vars:     Size  Location     Type
  quotient        4   22[BANK0 ] unsigned long 
  counter         1   26[BANK0 ] unsigned char 
 Return value:  Size  Location     Type
                  4   13[BANK0 ] unsigned long 
 Registers used:
		wreg, status,2, status,0, btemp+1
 Tracked objects:
		On entry : 
		On exit  : 
		Unchanged: 
 Data sizes:     COMMON   BANK0   BANK1   BANK3   BANK2
      Params:         0       8       0       0       0
      Locals:         0       5       0       0       0
      Temps:          0       1       0       0       0
      Totals:         0      14       0       0       0
Total ram usage:       14 bytes
 Hardware stack levels used:    1
 Hardware stack levels required when called:    3
 This function calls:
		Nothing
 This function is called by:
		_ADC_Update
		_I2C_Master_Init
 This function uses a non-reentrant model


 *************** function _SCH_Add_Task *****************
 Defined at:
		line 25 in file "SCH.c"
 Parameters:    Size  Location     Type
  Task_P          1    wreg     PTR FTN()void 
		 -> WH_Task(1), SSD_Update(1), DISP_Update(1), HCU_Update(1), 
		 -> TEMP_Update(1), ADC_Update(1), SW_Update(1), LED_Update(1), 
  Delay           2    3[BANK0 ]  unsigned short 
  Period          2    5[BANK0 ]  unsigned short 
 Auto vars:     Size  Location     Type
  Task_P          1    7[BANK0 ] PTR FTN()void 
		 -> WH_Task(1), SSD_Update(1), DISP_Update(1), HCU_Update(1), 
		 -> TEMP_Update(1), ADC_Update(1), SW_Update(1), LED_Update(1), 
  Index           1    8[BANK0 ] unsigned char 
 Return value:  Size  Location     Type
                  1    wreg      unsigned char 
 Registers used:
		wreg, fsr0l, fsr0h, status,2, status,0, btemp+1, pclath, cstack
 Tracked objects:
		On entry : 
		On exit  : 
		Unchanged: 
 Data sizes:     COMMON   BANK0   BANK1   BANK3   BANK2
      Params:         0       4       0       0       0
      Locals:         0       2       0       0       0
      Temps:          0       0       0       0       0
      Totals:         0       6       0       0       0
Total ram usage:        6 bytes
 Hardware stack levels used:    1
 Hardware stack levels required when called:    4
 This function calls:
		___bmul
 This function is called by:
		_main
 This function uses a non-reentrant model


 *************** function ___bmul *****************
 Defined at:
		line 4 in file "C:\Program Files\Microchip\xc8\v2.20\pic\sources\c90\common\Umul8.c"
 Parameters:    Size  Location     Type
  multiplier      1    wreg     unsigned char 
  multiplicand    1    0[BANK0 ] unsigned char 
 Auto vars:     Size  Location     Type
  multiplier      1    2[BANK0 ] unsigned char 
  product         1    1[BANK0 ] unsigned char 
 Return value:  Size  Location     Type
                  1    wreg      unsigned char 
 Registers used:
		wreg, status,2, status,0, btemp+1
 Tracked objects:
		On entry : 
		On exit  : 
		Unchanged: 
 Data sizes:     COMMON   BANK0   BANK1   BANK3   BANK2
      Params:         0       1       0       0       0
      Locals:         0       2       0       0       0
      Temps:          0       0       0       0       0
      Totals:         0       3       0       0       0
Total ram usage:        3 bytes
 Hardware stack levels used:    1
 Hardware stack levels required when called:    3
 This function calls:
		Nothing
 This function is called by:
		_SCH_Add_Task
		_SCH_Delete_Task
		_SCH_Update
		_SCH_Dispatch_Tasks
 This function uses a non-reentrant model


 *************** function _LED_Init *****************
 Defined at:
		line 5 in file "LED.c"
 Parameters:    Size  Location     Type
		None
 Auto vars:     Size  Location     Type
		None
 Return value:  Size  Location     Type
                  1    wreg      void 
 Registers used:
		wreg, fsr0l, fsr0h, status,2, status,0, btemp+1, pclath, cstack
 Tracked objects:
		On entry : 
		On exit  : 
		Unchanged: 
 Data sizes:     COMMON   BANK0   BANK1   BANK3   BANK2
      Params:         0       0       0       0       0
      Locals:         0       0       0       0       0
      Temps:          0       0       0       0       0
      Totals:         0       0       0       0       0
Total ram usage:        0 bytes
 Hardware stack levels used:    1
 Hardware stack levels required when called:    4
 This function calls:
		_GPIO_InitPin
 This function is called by:
		_main
 This function uses a non-reentrant model


 *************** function _HCU_Init *****************
 Defined at:
		line 5 in file "HCU.c"
 Parameters:    Size  Location     Type
		None
 Auto vars:     Size  Location     Type
		None
 Return value:  Size  Location     Type
                  1    wreg      void 
 Registers used:
		wreg, fsr0l, fsr0h, status,2, status,0, btemp+1, pclath, cstack
 Tracked objects:
		On entry : 
		On exit  : 
		Unchanged: 
 Data sizes:     COMMON   BANK0   BANK1   BANK3   BANK2
      Params:         0       0       0       0       0
      Locals:         0       0       0       0       0
      Temps:          0       0       0       0       0
      Totals:         0       0       0       0       0
Total ram usage:        0 bytes
 Hardware stack levels used:    1
 Hardware stack levels required when called:    4
 This function calls:
		_GPIO_InitPin
 This function is called by:
		_main
 This function uses a non-reentrant model


 *************** function _GPIO_InitPin *****************
 Defined at:
		line 3 in file "GPIO.c"
 Parameters:    Size  Location     Type
  GPIOx           2    0[BANK0 ] PTR struct .
		 -> PORTC(1), PORTB(1), PORTA(1), PORTD(1), 
  PINx            1    2[BANK0 ] unsigned char 
  Mode            1    3[BANK0 ] unsigned char 
 Auto vars:     Size  Location     Type
		None
 Return value:  Size  Location     Type
                  1    wreg      void 
 Registers used:
		wreg, fsr0l, fsr0h, status,2, status,0, btemp+1
 Tracked objects:
		On entry : 
		On exit  : 
		Unchanged: 
 Data sizes:     COMMON   BANK0   BANK1   BANK3   BANK2
      Params:         0       4       0       0       0
      Locals:         0       0       0       0       0
      Temps:          0       6       0       0       0
      Totals:         0      10       0       0       0
Total ram usage:       10 bytes
 Hardware stack levels used:    1
 Hardware stack levels required when called:    3
 This function calls:
		Nothing
 This function is called by:
		_SSD_Init
		_SW_Init
		_I2C_Master_Init
		_HCU_Init
		_LED_Init
 This function uses a non-reentrant model


 *************** function _DISP_Init *****************
 Defined at:
		line 7 in file "DISP.c"
 Parameters:    Size  Location     Type
		None
 Auto vars:     Size  Location     Type
		None
 Return value:  Size  Location     Type
                  1    wreg      void 
 Registers used:
		wreg, fsr0l, fsr0h, status,2, status,0, btemp+1, pclath, cstack
 Tracked objects:
		On entry : 
		On exit  : 
		Unchanged: 
 Data sizes:     COMMON   BANK0   BANK1   BANK3   BANK2
      Params:         0       0       0       0       0
      Locals:         0       0       0       0       0
      Temps:          0       0       0       0       0
      Totals:         0       0       0       0       0
Total ram usage:        0 bytes
 Hardware stack levels used:    1
 Hardware stack levels required when called:    4
 This function calls:
		_LED_SetState
		_SSD_SetState
 This function is called by:
		_main
 This function uses a non-reentrant model


 *************** function _SSD_SetState *****************
 Defined at:
		line 49 in file "SSD.c"
 Parameters:    Size  Location     Type
  SSDx            1    wreg     unsigned char 
  State           1    0[BANK0 ] unsigned char 
 Auto vars:     Size  Location     Type
  SSDx            1    3[BANK0 ] unsigned char 
 Return value:  Size  Location     Type
                  1    wreg      void 
 Registers used:
		wreg, fsr0l, fsr0h, status,2, status,0, btemp+1
 Tracked objects:
		On entry : 
		On exit  : 
		Unchanged: 
 Data sizes:     COMMON   BANK0   BANK1   BANK3   BANK2
      Params:         0       1       0       0       0
      Locals:         0       1       0       0       0
      Temps:          0       2       0       0       0
      Totals:         0       4       0       0       0
Total ram usage:        4 bytes
 Hardware stack levels used:    1
 Hardware stack levels required when called:    3
 This function calls:
		Nothing
 This function is called by:
		_DISP_Init
		_DISP_Update
 This function uses a non-reentrant model


 *************** function _LED_SetState *****************
 Defined at:
		line 19 in file "LED.c"
 Parameters:    Size  Location     Type
  LEDx            1    wreg     unsigned char 
  State           1    0[BANK0 ] unsigned char 
 Auto vars:     Size  Location     Type
  LEDx            1    3[BANK0 ] unsigned char 
 Return value:  Size  Location     Type
                  1    wreg      void 
 Registers used:
		wreg, fsr0l, fsr0h, status,2, status,0, btemp+1
 Tracked objects:
		On entry : 
		On exit  : 
		Unchanged: 
 Data sizes:     COMMON   BANK0   BANK1   BANK3   BANK2
      Params:         0       1       0       0       0
      Locals:         0       1       0       0       0
      Temps:          0       2       0       0       0
      Totals:         0       4       0       0       0
Total ram usage:        4 bytes
 Hardware stack levels used:    1
 Hardware stack levels required when called:    3
 This function calls:
		Nothing
 This function is called by:
		_DISP_Init
		_DISP_Update
		_SCH_Report_Status
 This function uses a non-reentrant model


 *************** function _ADC_Init *****************
 Defined at:
		line 5 in file "ADC.c"
 Parameters:    Size  Location     Type
		None
 Auto vars:     Size  Location     Type
		None
 Return value:  Size  Location     Type
                  1    wreg      void 
 Registers used:
		wreg, status,2, btemp+1
 Tracked objects:
		On entry : 
		On exit  : 
		Unchanged: 
 Data sizes:     COMMON   BANK0   BANK1   BANK3   BANK2
      Params:         0       0       0       0       0
      Locals:         0       0       0       0       0
      Temps:          0       0       0       0       0
      Totals:         0       0       0       0       0
Total ram usage:        0 bytes
 Hardware stack levels used:    1
 Hardware stack levels required when called:    3
 This function calls:
		Nothing
 This function is called by:
		_main
 This function uses a non-reentrant model


 *************** function _SysTick_Handler *****************
 Defined at:
		line 17 in file "SCH_CONFIG.c"
 Parameters:    Size  Location     Type
		None
 Auto vars:     Size  Location     Type
		None
 Return value:  Size  Location     Type
                  1    wreg      void 
 Registers used:
		wreg, fsr0l, fsr0h, status,2, status,0, btemp+1, pclath, cstack
 Tracked objects:
		On entry : 
		On exit  : 
		Unchanged: 
 Data sizes:     COMMON   BANK0   BANK1   BANK3   BANK2
      Params:         0       0       0       0       0
      Locals:         0       0       0       0       0
      Temps:          4       0       0       0       0
      Totals:         4       0       0       0       0
Total ram usage:        4 bytes
 Hardware stack levels used:    1
 Hardware stack levels required when called:    2
 This function calls:
		_SCH_Update
 This function is called by:
		Interrupt level 1
 This function uses a non-reentrant model


 *************** function _SCH_Update *****************
 Defined at:
		line 95 in file "SCH.c"
 Parameters:    Size  Location     Type
		None
 Auto vars:     Size  Location     Type
  Index           1    5[COMMON] unsigned char 
 Return value:  Size  Location     Type
                  1    wreg      void 
 Registers used:
		wreg, fsr0l, fsr0h, status,2, status,0, btemp+1, pclath, cstack
 Tracked objects:
		On entry : 
		On exit  : 
		Unchanged: 
 Data sizes:     COMMON   BANK0   BANK1   BANK3   BANK2
      Params:         0       0       0       0       0
      Locals:         1       0       0       0       0
      Temps:          2       0       0       0       0
      Totals:         3       0       0       0       0
Total ram usage:        3 bytes
 Hardware stack levels used:    1
 Hardware stack levels required when called:    1
 This function calls:
		i1___bmul
 This function is called by:
		_SysTick_Handler
 This function uses a non-reentrant model


 *************** function i1___bmul *****************
 Defined at:
		line 4 in file "C:\Program Files\Microchip\xc8\v2.20\pic\sources\c90\common\Umul8.c"
 Parameters:    Size  Location     Type
  multiplier      1    wreg     unsigned char 
  multiplicand    1    0[COMMON] unsigned char 
 Auto vars:     Size  Location     Type
  multiplier      1    2[COMMON] unsigned char 
  product         1    1[COMMON] unsigned char 
 Return value:  Size  Location     Type
                  1    wreg      unsigned char 
 Registers used:
		wreg, status,2, status,0, btemp+1
 Tracked objects:
		On entry : 
		On exit  : 
		Unchanged: 
 Data sizes:     COMMON   BANK0   BANK1   BANK3   BANK2
      Params:         1       0       0       0       0
      Locals:         2       0       0       0       0
      Temps:          0       0       0       0       0
      Totals:         3       0       0       0       0
Total ram usage:        3 bytes
 Hardware stack levels used:    1
 This function calls:
		Nothing
 This function is called by:
		_SCH_Update
 This function uses a non-reentrant model



MODULE INFORMATION

Module		Function		Class		Link	Load	Size
SW.c
		_SW_Init       		CODE           	0AFB	0000	57
		_SW_GetState   		CODE           	09DE	0000	44
		_SW_Update     		CODE           	03D6	0000	152

SW.c estimated size: 253

C:\Program Files\Microchip\xc8\v2.20\pic\sources\c90\common\Umul32.c
		___lmul        		CODE           	0D2A	0000	73

C:\Program Files\Microchip\xc8\v2.20\pic\sources\c90\common\Umul32.c estimated size: 73

C:\Program Files\Microchip\xc8\v2.20\pic\sources\c90\common\__lldiv.c
		___lldiv       		CODE           	0F98	0000	105

C:\Program Files\Microchip\xc8\v2.20\pic\sources\c90\common\__lldiv.c estimated size: 105

LED.c
		_LED_Init      		CODE           	08FD	0000	36
		_LED_SetState  		CODE           	087C	0000	32
		_LED_Update    		CODE           	0990	0000	40

LED.c estimated size: 108

SSD.c
		_SSD_Init      		CODE           	01F3	0000	165
		_SSD_SetState  		CODE           	0A09	0000	48
		_SSD_Update    		CODE           	0570	0000	124
		_SSD_SetSymbol 		CODE           	0A38	0000	48

SSD.c estimated size: 385

WH.c
		_WH_TempSetMode		CODE           	0073	0000	206
		_WH_OffMode    		CODE           	096A	0000	39
		_WH_ResetMode  		CODE           	0B6C	0000	59
		_WH_Task       		CODE           	0CE3	0000	72
		_WH_Init       		CODE           	06D8	0000	111
		_WH_NormalMode 		CODE           	046D	0000	134
		_WH_OperationMode		CODE           	04F2	0000	127

WH.c estimated size: 748

I2C.c
		_I2C_Master_Wait		CODE           	0800	0000	14
		_I2C_Master_Init		CODE           	0D72	0000	77
		_I2C_Master_Stop		CODE           	1708	0000	12
		_I2C_Master_RepeatedStart		CODE           	16F2	0000	12
		_I2C_Read      		CODE           	0827	0000	28
		_I2C_ACK       		CODE           	1743	0000	17
		_I2C_Master_Write		CODE           	17D0	0000	25
		_I2C_NACK      		CODE           	1733	0000	17
		_I2C_Master_Start		CODE           	16FD	0000	12

I2C.c estimated size: 214

SCH_CONFIG.c
		_SysTick_Handler		CODE           	178E	0000	22
		_SW_Delay_ms   		CODE           	0BE1	0000	60
		_SW_Delay_us   		CODE           	0B33	0000	58
		_SysTick_Init  		CODE           	0DBE	0000	90

SCH_CONFIG.c estimated size: 230

HCU.c
		_HCU_Update    		CODE           	09B7	0000	40
		_HCU_Init      		CODE           	08DA	0000	36
		_HCU_SetState  		CODE           	089B	0000	32

HCU.c estimated size: 108

DISP.c
		_DISP_SetState 		CODE           	0A67	0000	48
		_DISP_Update   		CODE           	0297	0000	162
		_DISP_Init     		CODE           	0920	0000	37

DISP.c estimated size: 247

EEPROM.c
		_EEPROM_Read   		CODE           	0C59	0000	69
		_EEPROM_Init   		CODE           	1723	0000	17
		_EEPROM_Write  		CODE           	0A96	0000	48
		_EEPROM_WritePage		CODE           	07AF	0000	78
		_EEPROM_ReadPage		CODE           	0ED3	0000	98

EEPROM.c estimated size: 310

TEMP.c
		_TEMP_Update   		CODE           	085E	0000	31
		_TEMP_GetAverage		CODE           	0BA6	0000	60
		_TEMP_Init     		CODE           	17E8	0000	25

TEMP.c estimated size: 116

C:\Program Files\Microchip\xc8\v2.20\pic\sources\c90\common\awmod.c
		___awmod       		CODE           	0E17	0000	92

C:\Program Files\Microchip\xc8\v2.20\pic\sources\c90\common\awmod.c estimated size: 92

shared
		__initialization		CODE           	0015	0000	61
		__fptable      		ENTRY          	0055	0000	31
		i1___bmul      		CODE           	1779	0000	22

shared estimated size: 114

ADC.c
		_ADC_GetState  		CODE           	07FC	0000	5
		_ADC_Update    		CODE           	0F34	0000	101
		_ADC_Init      		CODE           	08BA	0000	33

ADC.c estimated size: 139

SCH.c
		_SCH_Report_Status		CODE           	0C1C	0000	62
		_SCH_Add_Task  		CODE           	05EB	0000	123
		_SCH_Init      		CODE           	080D	0000	27
		_SCH_Dispatch_Tasks		CODE           	0665	0000	116
		_SCH_Start     		CODE           	1713	0000	17
		_SCH_Update    		CODE           	0338	0000	159
		_SCH_Delete_Task		CODE           	0E72	0000	98
		_SCH_Go_To_Sleep		CODE           	0003	0000	2

SCH.c estimated size: 604

GPIO.c
		_GPIO_SetPortState		CODE           	17A3	0000	23
		_GPIO_InitPin  		CODE           	0AC5	0000	55
		_GPIO_GetPinState		CODE           	0842	0000	29
		_GPIO_SetPinState		CODE           	0944	0000	39

GPIO.c estimated size: 146

C:\Program Files\Microchip\xc8\v2.20\pic\sources\c90\common\lwdiv.c
		___lwdiv       		CODE           	0C9D	0000	71

C:\Program Files\Microchip\xc8\v2.20\pic\sources\c90\common\lwdiv.c estimated size: 71

C:\Program Files\Microchip\xc8\v2.20\pic\sources\c90\common\Umul8.c
		___bmul        		CODE           	17B9	0000	24

C:\Program Files\Microchip\xc8\v2.20\pic\sources\c90\common\Umul8.c estimated size: 24

main.c
		_main          		CODE           	0140	0000	180

main.c estimated size: 180

C:\Program Files\Microchip\xc8\v2.20\pic\sources\c90\common\awdiv.c
		___awdiv       		CODE           	0746	0000	106

C:\Program Files\Microchip\xc8\v2.20\pic\sources\c90\common\awdiv.c estimated size: 106

TIM.c
		_TIM1_Init     		CODE           	1753	0000	20

TIM.c estimated size: 20

