Microchip MPLAB XC8 Compiler V2.20

Linker command line:

-W-3 --edf=C:\Program Files\Microchip\xc8\v2.20\pic\dat\en_msgs.txt -cn \
  -h+dist/default/production\WaterHeatingSystem.X.production.sym \
  --cmf=dist/default/production\WaterHeatingSystem.X.production.cmf -z \
  -Q16F877A -oC:\Users\Lenovo\AppData\Local\Temp\sc1s.2 \
  --defsym=__MPLAB_BUILD=1 \
  -Mdist/default/production/WaterHeatingSystem.X.production.map -E1 \
  -ver=XC8 Compiler --acfsm=1493 -ASTACK=0110h-016Fh -pstack=STACK \
  -ACODE=00h-07FFhx4 -ASTRCODE=00h-01FFFh -ASTRING=00h-0FFhx32 \
  -ACONST=00h-0FFhx32 -AENTRY=00h-0FFhx32 -ACOMMON=070h-07Fh \
  -ABANK0=020h-06Fh -ABANK1=0A0h-0EFh -ABANK2=0110h-016Fh \
  -ABANK3=0190h-01EFh -ARAM=020h-06Fh,0A0h-0EFh,0110h-016Fh,0190h-01EFh \
  -AABS1=020h-07Fh,0A0h-0EFh,0110h-016Fh,0190h-01EFh -ASFR0=00h-01Fh \
  -ASFR1=080h-09Fh -ASFR2=0100h-010Fh -ASFR3=0180h-018Fh \
  -ACONFIG=02007h-02007h -DCONFIG=2 -AIDLOC=02000h-02003h -DIDLOC=2 \
  -preset_vec=00h,intentry=04h,init,end_init -ppowerup=CODE -pcinit=CODE \
  -pfunctab=ENTRY -AEEDATA=00h-0FFh/02100h -peeprom_data=EEDATA -DEEDATA=2 \
  -DCODE=2 -DSTRCODE=2 -DSTRING=2 -DCONST=2 -DENTRY=2 -k \
  C:\Users\Lenovo\AppData\Local\Temp\sc1s.o \
  dist/default/production\WaterHeatingSystem.X.production.o 

Object code version is 3.11

Machine type is 16F877A



                Name                               Link     Load   Length Selector   Space Scale
C:\Users\Lenovo\AppData\Local\Temp\sc1s.o
                end_init                             12       12        3        8       0
                reset_vec                             0        0        3        0       0
                config                             2007     2007        1        0       4
dist/default/production\WaterHeatingSystem.X.production.o
                cinit                                15       15       3A        8       0
                functab                              4F       4F       18       9E       0
                intentry                              4        4        E        8       0
                config                             2007     2007        1        0       4
                text72                             1CA9     1CA9       15     3952       0
                text71                             16E4     16E4       8E     2DC8       0
                text70                             1CBE     1CBE       15     397C       0
                text69                             1157     1157       4D     22AE       0
                text68                             145A     145A       68     28B4       0
                text67                             1E87     1E87       2A     3D0E       0
                text66                             1EDC     1EDC       2C     3DB8       0
                text65                             1C32     1C32        D     3864       0
                text64                             1BEE     1BEE        B     37DC       0
                text63                             1BF9     1BF9        B     37F2       0
                text62                             1C04     1C04        B     3808       0
                text61                             1D40     1D40       18     3A80       0
                text60                             1C3F     1C3F       10     387E       0
                text59                             1D71     1D71       1B     3AE2       0
                text58                             1085     1085       44     210A       0
                text57                             1C4F     1C4F       10     389E       0
                text56                             1398     1398       61     2730       0
                text55                             1F62     1F62       2F     3EC4       0
                text54                             11A4     11A4       4D     2348       0
                text53                             1FC7     1FC7       39     3F8E       0
                text52                              806      806       3B     100C       0
                text51                             1D12     1D12       17     3A24       0
                text50                              54B      54B      276       CE       0
                text49                             13F9     13F9       61     27F2       0
                text48                             128E     128E       56     251C       0
                text47                              841      841       91     1082       0
                text46                             10C9     10C9       46     2192       0
                text45                             11F1     11F1       4D     23E2       0
                text44                             1F91     1F91       36     3F22       0
                text43                             1CD3     1CD3       15     39A6       0
                text42                             1E37     1E37       28     3C6E       0
                text41                             1C1A     1C1A        C     3834       0
                text40                             1C5F     1C5F       12     38BE       0
                text39                             14C2     14C2       69     2984       0
                text38                             133D     133D       5B     267A       0
                text37                              7C1      7C1       3D       CE       0
                text36                             123E     123E       50     247C       0
                text35                             152B     152B       69     2A56       0
                text34                              7FE      7FE        1       CE       0
                text33                             1D29     1D29       17     3A52       0
                text32                             1D8C     1D8C       1F     3B18       0
                text31                             1C71     1C71       12     38E2       0
                text30                             1EB1     1EB1       2B     3D62       0
                text29                             1F08     1F08       2D     3E10       0
                text28                             100A     100A       39     2014       0
                text27                             1E5F     1E5F       28     3CBE       0
                text26                             1D58     1D58       19     3AB0       0
                text25                             12E4     12E4       59     25C8       0
                text24                             1CE8     1CE8       15     39D0       0
                text23                             110F     110F       48     221E       0
                text22                             1672     1672       72     2CE4       0
                text21                              C79      C79      106     18F2       0
                text20                              966      966       A5     12CC       0
                text19                               67       67      4E4       CE       0
                text18                             1CFD     1CFD       15     39FA       0
                text17                              B98      B98       E1     1730       0
                text16                              D7F      D7F      128     1AFE       0
                text15                              8D2      8D2       94     11A4       0
                text14                             1DCA     1DCA       22     3B94       0
                text13                             1C83     1C83       13     3906       0
                text12                             1E10     1E10       27     3C20       0
                text11                             1DEC     1DEC       24     3BD8       0
                text10                             1C26     1C26        C     384C       0
                text9                               A0B      A0B       BC     1416       0
                text8                              1602     1602       70     2C04       0
                text7                              1F35     1F35       2D     3E6A       0
                text6                              1043     1043       42     2086       0
                text5                              1772     1772       8E     2EE4       0
                text4                              1DAB     1DAB       1F     3B56       0
                text3                              1C0F     1C0F        B     381E       0
                text2                               AC7      AC7       D1     158E       0
                text1                              1594     1594       6E     2B28       0
                maintext                            EA7      EA7      159     1D4E       0
                cstackBANK0                          20       20       31       20       1
                cstackCOMMON                         70       70        A       70       1
                clrtext                            1BDC     1BDC        8     37B8       0
                inittext                           1C96     1C96       13     392C       0
                dataBANK3                           1DC      1DC        A      190       1
                bssBANK3                            190      190       4C      190       1
                dataBANK1                            E6       E6        A       A0       1
                bssBANK1                             A0       A0       46       A0       1
                bssBANK0                             51       51       1C       20       1
                idataBANK3                         1BE4     1BE4        A     37C8       0
                idataBANK1                         1000     1000        A     1D4E       0

TOTAL           Name                               Link     Load   Length     Space
        CLASS   STACK          

        CLASS   CODE           
                end_init                             12       12        3         0
                cinit                                15       15       3A         0
                intentry                              4        4        E         0
                reset_vec                             0        0        3         0
                text72                             1CA9     1CA9       15         0
                text71                             16E4     16E4       8E         0
                text70                             1CBE     1CBE       15         0
                text69                             1157     1157       4D         0
                text68                             145A     145A       68         0
                text67                             1E87     1E87       2A         0
                text66                             1EDC     1EDC       2C         0
                text65                             1C32     1C32        D         0
                text64                             1BEE     1BEE        B         0
                text63                             1BF9     1BF9        B         0
                text62                             1C04     1C04        B         0
                text61                             1D40     1D40       18         0
                text60                             1C3F     1C3F       10         0
                text59                             1D71     1D71       1B         0
                text58                             1085     1085       44         0
                text57                             1C4F     1C4F       10         0
                text56                             1398     1398       61         0
                text55                             1F62     1F62       2F         0
                text54                             11A4     11A4       4D         0
                text53                             1FC7     1FC7       39         0
                text52                              806      806       3B         0
                text51                             1D12     1D12       17         0
                text50                              54B      54B      276         0
                text49                             13F9     13F9       61         0
                text48                             128E     128E       56         0
                text47                              841      841       91         0
                text46                             10C9     10C9       46         0
                text45                             11F1     11F1       4D         0
                text44                             1F91     1F91       36         0
                text43                             1CD3     1CD3       15         0
                text42                             1E37     1E37       28         0
                text41                             1C1A     1C1A        C         0
                text40                             1C5F     1C5F       12         0
                text39                             14C2     14C2       69         0
                text38                             133D     133D       5B         0
                text37                              7C1      7C1       3D         0
                text36                             123E     123E       50         0
                text35                             152B     152B       69         0
                text34                              7FE      7FE        1         0
                text33                             1D29     1D29       17         0
                text32                             1D8C     1D8C       1F         0
                text31                             1C71     1C71       12         0
                text30                             1EB1     1EB1       2B         0
                text29                             1F08     1F08       2D         0
                text28                             100A     100A       39         0
                text27                             1E5F     1E5F       28         0
                text26                             1D58     1D58       19         0
                text25                             12E4     12E4       59         0
                text24                             1CE8     1CE8       15         0
                text23                             110F     110F       48         0
                text22                             1672     1672       72         0
                text21                              C79      C79      106         0
                text20                              966      966       A5         0
                text19                               67       67      4E4         0
                text18                             1CFD     1CFD       15         0
                text17                              B98      B98       E1         0
                text16                              D7F      D7F      128         0
                text15                              8D2      8D2       94         0
                text14                             1DCA     1DCA       22         0
                text13                             1C83     1C83       13         0
                text12                             1E10     1E10       27         0
                text11                             1DEC     1DEC       24         0
                text10                             1C26     1C26        C         0
                text9                               A0B      A0B       BC         0
                text8                              1602     1602       70         0
                text7                              1F35     1F35       2D         0
                text6                              1043     1043       42         0
                text5                              1772     1772       8E         0
                text4                              1DAB     1DAB       1F         0
                text3                              1C0F     1C0F        B         0
                text2                               AC7      AC7       D1         0
                text1                              1594     1594       6E         0
                maintext                            EA7      EA7      159         0
                clrtext                            1BDC     1BDC        8         0
                inittext                           1C96     1C96       13         0
                idataBANK3                         1BE4     1BE4        A         0
                idataBANK1                         1000     1000        A         0

        CLASS   STRCODE        

        CLASS   STRING         

        CLASS   CONST          

        CLASS   ENTRY          
                functab                              4F       4F       18         0

        CLASS   COMMON         
                cstackCOMMON                         70       70        A         1

        CLASS   BANK0          
                cstackBANK0                          20       20       31         1
                bssBANK0                             51       51       1C         1

        CLASS   BANK1          
                dataBANK1                            E6       E6        A         1
                bssBANK1                             A0       A0       46         1

        CLASS   BANK2          

        CLASS   BANK3          
                dataBANK3                           1DC      1DC        A         1
                bssBANK3                            190      190       4C         1

        CLASS   RAM            

        CLASS   ABS1           
                abs_s1                               7E       7E        2         1

        CLASS   SFR0           

        CLASS   SFR1           

        CLASS   SFR2           

        CLASS   SFR3           

        CLASS   CONFIG         
                config                             2007     2007        1         4

        CLASS   IDLOC          

        CLASS   EEDATA         



SEGMENTS        Name                           Load    Length   Top    Selector   Space  Class     Delta

                reset_vec                      000000  000003  000003         0       0  CODE        2
                intentry                       000004  00004B  00004F         8       0  CODE        2
                cstackBANK0                    000020  00004D  00006D        20       1  BANK0       1
                cstackCOMMON                   000070  00000A  00007A        70       1  COMMON      1
                functab                        00004F  000018  000067        9E       0  ENTRY       2
                bssBANK1                       0000A0  000050  0000F0        A0       1  BANK1       1
                text19                         000067  000798  0007FF        CE       0  CODE        2
                bssBANK3                       000190  000056  0001E6       190       1  BANK3       1
                text52                         000806  00003B  000841      100C       0  CODE        2
                text47                         000841  000091  0008D2      1082       0  CODE        2
                text15                         0008D2  000094  000966      11A4       0  CODE        2
                text20                         000966  0000A5  000A0B      12CC       0  CODE        2
                text9                          000A0B  0000BC  000AC7      1416       0  CODE        2
                text2                          000AC7  0000D1  000B98      158E       0  CODE        2
                text17                         000B98  0000E1  000C79      1730       0  CODE        2
                text21                         000C79  000106  000D7F      18F2       0  CODE        2
                text16                         000D7F  000128  000EA7      1AFE       0  CODE        2
                maintext                       000EA7  000163  00100A      1D4E       0  CODE        2
                text28                         00100A  000039  001043      2014       0  CODE        2
                text6                          001043  000042  001085      2086       0  CODE        2
                text58                         001085  000044  0010C9      210A       0  CODE        2
                text46                         0010C9  000046  00110F      2192       0  CODE        2
                text23                         00110F  000048  001157      221E       0  CODE        2
                text69                         001157  00004D  0011A4      22AE       0  CODE        2
                text54                         0011A4  00004D  0011F1      2348       0  CODE        2
                text45                         0011F1  00004D  00123E      23E2       0  CODE        2
                text36                         00123E  000050  00128E      247C       0  CODE        2
                text48                         00128E  000056  0012E4      251C       0  CODE        2
                text25                         0012E4  000059  00133D      25C8       0  CODE        2
                text38                         00133D  00005B  001398      267A       0  CODE        2
                text56                         001398  000061  0013F9      2730       0  CODE        2
                text49                         0013F9  000061  00145A      27F2       0  CODE        2
                text68                         00145A  000068  0014C2      28B4       0  CODE        2
                text39                         0014C2  000069  00152B      2984       0  CODE        2
                text35                         00152B  000069  001594      2A56       0  CODE        2
                text1                          001594  00006E  001602      2B28       0  CODE        2
                text8                          001602  000070  001672      2C04       0  CODE        2
                text22                         001672  000072  0016E4      2CE4       0  CODE        2
                text71                         0016E4  00008E  001772      2DC8       0  CODE        2
                text5                          001772  00008E  001800      2EE4       0  CODE        2
                clrtext                        001BDC  000008  001BE4      37B8       0  CODE        2
                idataBANK3                     001BE4  00000A  001BEE      37C8       0  CODE        2
                text64                         001BEE  00000B  001BF9      37DC       0  CODE        2
                text63                         001BF9  00000B  001C04      37F2       0  CODE        2
                text62                         001C04  00000B  001C0F      3808       0  CODE        2
                text3                          001C0F  00000B  001C1A      381E       0  CODE        2
                text41                         001C1A  00000C  001C26      3834       0  CODE        2
                text10                         001C26  00000C  001C32      384C       0  CODE        2
                text65                         001C32  00000D  001C3F      3864       0  CODE        2
                text60                         001C3F  000010  001C4F      387E       0  CODE        2
                text57                         001C4F  000010  001C5F      389E       0  CODE        2
                text40                         001C5F  000012  001C71      38BE       0  CODE        2
                text31                         001C71  000012  001C83      38E2       0  CODE        2
                text13                         001C83  000013  001C96      3906       0  CODE        2
                inittext                       001C96  000013  001CA9      392C       0  CODE        2
                text72                         001CA9  000015  001CBE      3952       0  CODE        2
                text70                         001CBE  000015  001CD3      397C       0  CODE        2
                text43                         001CD3  000015  001CE8      39A6       0  CODE        2
                text24                         001CE8  000015  001CFD      39D0       0  CODE        2
                text18                         001CFD  000015  001D12      39FA       0  CODE        2
                text51                         001D12  000017  001D29      3A24       0  CODE        2
                text33                         001D29  000017  001D40      3A52       0  CODE        2
                text61                         001D40  000018  001D58      3A80       0  CODE        2
                text26                         001D58  000019  001D71      3AB0       0  CODE        2
                text59                         001D71  00001B  001D8C      3AE2       0  CODE        2
                text32                         001D8C  00001F  001DAB      3B18       0  CODE        2
                text4                          001DAB  00001F  001DCA      3B56       0  CODE        2
                text14                         001DCA  000022  001DEC      3B94       0  CODE        2
                text11                         001DEC  000024  001E10      3BD8       0  CODE        2
                text12                         001E10  000027  001E37      3C20       0  CODE        2
                text42                         001E37  000028  001E5F      3C6E       0  CODE        2
                text27                         001E5F  000028  001E87      3CBE       0  CODE        2
                text67                         001E87  00002A  001EB1      3D0E       0  CODE        2
                text30                         001EB1  00002B  001EDC      3D62       0  CODE        2
                text66                         001EDC  00002C  001F08      3DB8       0  CODE        2
                text29                         001F08  00002D  001F35      3E10       0  CODE        2
                text7                          001F35  00002D  001F62      3E6A       0  CODE        2
                text55                         001F62  00002F  001F91      3EC4       0  CODE        2
                text44                         001F91  000036  001FC7      3F22       0  CODE        2
                text53                         001FC7  000039  002000      3F8E       0  CODE        2


UNUSED ADDRESS RANGES

        Name                Unused          Largest block    Delta
        BANK0            006D-006F              3           1
        BANK2            0110-016F             60           1
        BANK3            01E6-01EF              A           1
        CODE             0003-0003              1           2
                         07FF-0805              1
                         1800-1BDB            3DC
        COMMON           007A-007D              4           1
        CONST            0003-0003              1           2
                         07FF-0805              1
                         1800-1BDB            100
        EEDATA           2100-21FF            100           2
        ENTRY            0003-0003              1           2
                         07FF-0805              1
                         1800-1BDB            100
        IDLOC            2000-2003              4           2
        RAM              006D-006F              3           1
                         0110-016F             60
                         01E6-01EF              A
        SFR0             0000-001F             20           1
        SFR1             0080-009F             20           1
        SFR2             0100-010F             10           1
        SFR3             0180-018F             10           1
        STACK            0110-016F             60           1
        STRCODE          0003-0003              1           2
                         07FF-0805              7
                         1800-1BDB            3DC
        STRING           0003-0003              1           2
                         07FF-0805              1
                         1800-1BDB            100

                                  Symbol Table

?_Adc_GetState                      cstackBANK0  0020
?___awdiv                           cstackBANK0  0023
?___awmod                           cstackBANK0  002B
?___lldiv                           cstackBANK0  0030
?___lmul                            cstackBANK0  0023
?___lwdiv                           cstackBANK0  0023
?___wmul                            cstackBANK0  0020
Eeprom_Read@Address                 cstackBANK0  0021
Eeprom_Read@Buffer                  cstackBANK0  0022
Eeprom_ReadPage@Address             cstackBANK0  0027
Eeprom_ReadPage@Buffer              cstackBANK0  0023
Eeprom_ReadPage@Length              cstackBANK0  0024
Eeprom_ReadPage@i                   cstackBANK0  0028
Eeprom_Write@Address                cstackBANK0  0024
Eeprom_Write@Buffer                 cstackBANK0  0023
Eeprom_WritePage@Address            cstackBANK0  0027
Eeprom_WritePage@Buffer             cstackBANK0  0023
Eeprom_WritePage@Length             cstackBANK0  0024
Eeprom_WritePage@i                  cstackBANK0  0028
Gpio_GetPinState@Id                 cstackBANK0  0026
Gpio_GetPinState@Pin                cstackBANK0  0020
Gpio_InitPin@Id                     cstackBANK0  0031
Gpio_InitPin@Mode                   cstackBANK0  0024
Gpio_InitPin@Pin                    cstackBANK0  0023
Gpio_SetPinState@Id                 cstackBANK0  002D
Gpio_SetPinState@Pin                cstackBANK0  0023
Gpio_SetPinState@State              cstackBANK0  0024
Gpio_SetPortState@Id                cstackBANK0  0029
Gpio_SetPortState@Pins              cstackBANK0  0020
Gpio_SetPortState@State             cstackBANK0  0021
HeaterTask_Init@Id                  cstackBANK0  0047
HeaterTask_Init@Index               cstackBANK0  0045
HeaterTask_Update@Id                cstackBANK0  0048
HeaterTask_Update@Paramter          cstackBANK0  0043
I2c_MasterInit@BaudRate             cstackBANK0  003E
I2c_MasterWrite@Buffer              cstackBANK0  0020
LedTask_Init@GpioId                 cstackBANK0  0035
LedTask_Init@Id                     cstackBANK0  0037
LedTask_Init@Pin                    cstackBANK0  0036
LedTask_SetState@Id                 cstackBANK0  002F
LedTask_SetState@Period             cstackBANK0  002B
LedTask_SetState@State              cstackBANK0  002A
LedTask_Update@Id                   cstackBANK0  0048
LedTask_Update@Paramter             cstackBANK0  0043
Led_Init@GpioId                     cstackBANK0  0032
Led_Init@Id                         cstackBANK0  0034
Led_Init@Pin                        cstackBANK0  0033
Led_SetState@Id                     cstackBANK0  002F
Led_SetState@State                  cstackBANK0  002E
Scheduler_addTask@delay             cstackBANK0  0025
Scheduler_addTask@index             cstackBANK0  0028
Scheduler_addTask@paramter          cstackBANK0  0023
Scheduler_addTask@period            cstackBANK0  0026
Scheduler_addTask@task              cstackBANK0  0027
Scheduler_delaySoftwareMs@msDelay   cstackBANK0  0029
Scheduler_delaySoftwareUs@delay     cstackBANK0  0028
Scheduler_delaySoftwareUs@usDelay   cstackBANK0  0020
Scheduler_deleteTask@index          cstackBANK0  0023
Scheduler_dispatchTasks@index       cstackBANK0  004F
Scheduler_displayError@errorCode    cstackBANK0  0030
Scheduler_init@index                cstackBANK0  0024
Scheduler_initSysTick@msTickPeriod  cstackBANK0  0026
Scheduler_initSysTick@tickNumber    cstackBANK0  0028
Scheduler_update@index              cstackCOMMON 0074
SsdTask_Init@Id                     cstackBANK0  0041
SsdTask_Init@ctrlGpioId             cstackBANK0  003C
SsdTask_Init@ctrlPin                cstackBANK0  003D
SsdTask_Init@dataGpioId             cstackBANK0  003E
SsdTask_Init@dataPin                cstackBANK0  003F
SsdTask_SetState@Id                 cstackBANK0  002E
SsdTask_SetState@Period             cstackBANK0  002B
SsdTask_SetState@State              cstackBANK0  002A
SsdTask_SetSymbol@Id                cstackBANK0  0033
SsdTask_SetSymbol@Symbol            cstackBANK0  0031
SsdTask_Update@Id                   cstackBANK0  0049
SsdTask_Update@Paramter             cstackBANK0  0043
Ssd_Init@Id                         cstackBANK0  003B
Ssd_Init@Pin                        cstackBANK0  0039
Ssd_Init@ctrlGpioId                 cstackBANK0  0032
Ssd_Init@ctrlPin                    cstackBANK0  0033
Ssd_Init@dataGpioId                 cstackBANK0  0034
Ssd_Init@dataPin                    cstackBANK0  0035
Ssd_SetState@Id                     cstackBANK0  0031
Ssd_SetState@State                  cstackBANK0  002E
Ssd_SetSymbol@Id                    cstackBANK0  002E
Ssd_SetSymbol@Symbol                cstackBANK0  002A
SwitchTask_GetState@Buffer          cstackBANK0  0023
SwitchTask_GetState@Id              cstackBANK0  0024
SwitchTask_Init@GpioId              cstackBANK0  0037
SwitchTask_Init@Id                  cstackBANK0  0039
SwitchTask_Init@Pin                 cstackBANK0  0038
SwitchTask_Update@Id                cstackBANK0  0045
SwitchTask_Update@Paramter          cstackBANK0  0043
Switch_GetState@Id                  cstackBANK0  0029
Switch_Init@GpioId                  cstackBANK0  0032
Switch_Init@Id                      cstackBANK0  0036
Switch_Init@Pin                     cstackBANK0  0033
TempControlTask_Init@Id             cstackBANK0  003D
TempControlTask_Init@cGpioId        cstackBANK0  003B
TempControlTask_Init@cPin           cstackBANK0  003C
TempControlTask_Init@hGpioId        cstackBANK0  0039
TempControlTask_Init@hPin           cstackBANK0  003A
TempControlTask_SetState@Id         cstackBANK0  0021
TempControlTask_SetState@State      cstackBANK0  0020
TempControlTask_Update@Id           cstackBANK0  0045
TempControlTask_Update@Paramter     cstackBANK0  0043
TempControl_Init@Id                 cstackBANK0  0038
TempControl_Init@cGpioId            cstackBANK0  0034
TempControl_Init@cPin               cstackBANK0  0035
TempControl_Init@hGpioId            cstackBANK0  0032
TempControl_Init@hPin               cstackBANK0  0033
TempControl_SetState@Id             cstackBANK0  0032
TempControl_SetState@State          cstackBANK0  002E
TempSensorTask_GetAverage@Id        cstackBANK0  0023
TempSensorTask_Init@AdcId           cstackBANK0  0038
TempSensorTask_Init@GpioId          cstackBANK0  0036
TempSensorTask_Init@Id              cstackBANK0  003C
TempSensorTask_Init@Index           cstackBANK0  003A
TempSensorTask_Init@Pin             cstackBANK0  0037
TempSensorTask_Update@Id            cstackBANK0  004A
TempSensorTask_Update@Index         cstackBANK0  0048
TempSensorTask_Update@Paramter      cstackBANK0  0043
TempSensor_GetState@Id              cstackBANK0  0042
TempSensor_Init@AdcId               cstackBANK0  0034
TempSensor_Init@GpioId              cstackBANK0  0032
TempSensor_Init@Id                  cstackBANK0  0035
TempSensor_Init@Pin                 cstackBANK0  0033
Timer1Init@TicksNumber              cstackBANK0  0020
_ADCON0                             (abs)        001F
_ADCON1                             (abs)        009F
_ADRESH                             (abs)        001E
_ADRESL                             (abs)        009E
_Adc_GetState                       text24       1CE8
_Adc_Init                           text3        1C0F
_CCP1CON                            (abs)        0017
_CCPR1H                             (abs)        0016
_CCPR1L                             (abs)        0015
_Eeprom_Init                        text66       1EDC
_Eeprom_Read                        text58       1085
_Eeprom_ReadPage                    text56       1398
_Eeprom_Write                       text55       1F62
_Eeprom_WritePage                   text54       11A4
_Gpio                               dataBANK1    00E6
_Gpio_GetPinState                   text27       1E5F
_Gpio_InitPin                       text69       1157
_Gpio_SetPinState                   text37       07C1
_Gpio_SetPortState                  text29       1F08
_Heater                             bssBANK0     0056
_HeaterTask_Init                    text50       054B
_HeaterTask_Update                  text19       0067
_I2c_ACK                            text57       1C4F
_I2c_MasterInit                     text67       1E87
_I2c_MasterRepeatedStart            text64       1BEE
_I2c_MasterStart                    text63       1BF9
_I2c_MasterStop                     text62       1C04
_I2c_MasterWait                     text65       1C32
_I2c_MasterWrite                    text61       1D40
_I2c_NACK                           text60       1C3F
_I2c_Read                           text59       1D71
_INTCON                             (abs)        000B
_INTCONbits                         (abs)        000B
_Led                                bssBANK1     00D8
_LedTask                            bssBANK1     00BD
_LedTask_Init                       text48       128E
_LedTask_SetState                   text45       11F1
_LedTask_SetState$1398              cstackBANK0  002D
_LedTask_Update                     text17       0B98
_LedTask_Update$1434                cstackBANK0  0047
_Led_Init                           text49       13F9
_Led_SetState                       text36       123E
_OPTION_REG                         (abs)        0081
_PIE1                               (abs)        008C
_PIR1                               (abs)        000C
_PORTA                              (abs)        0005
_PORTB                              (abs)        0006
_PORTC                              (abs)        0007
_PORTD                              (abs)        0008
_PORTE                              (abs)        0009
_SSPADD                             (abs)        0093
_SSPBUF                             (abs)        0013
_SSPCON                             (abs)        0014
_SSPCON2                            (abs)        0091
_SSPSTAT                            (abs)        0094
_Scheduler_addTask                  text47       0841
_Scheduler_delaySoftwareMs          text52       0806
_Scheduler_delaySoftwareUs          text53       1FC7
_Scheduler_deleteTask               text35       152B
_Scheduler_dispatchTasks            text15       08D2
_Scheduler_dispatchTasks$1428       cstackBANK0  004E
_Scheduler_dispatchTasks$1433       cstackBANK0  004C
_Scheduler_displayError             text32       1D8C
_Scheduler_goToSleep                text33       1D29
_Scheduler_init                     text14       1DCA
_Scheduler_initSysTick              text11       1DEC
_Scheduler_reportStatus             text31       1C71
_Scheduler_sleepHardware            text34       07FE
_Scheduler_start                    text10       1C26
_Scheduler_update                   text71       16E4
_Ssd                                bssBANK1     00DE
_SsdSymbolPattern                   dataBANK3    01DC
_SsdTask                            bssBANK1     00A0
_SsdTask_Init                       text8        1602
_SsdTask_SetState                   text44       1F91
_SsdTask_SetSymbol                  text43       1CD3
_SsdTask_Update                     text16       0D7F
_Ssd_Init                           text9        0A0B
_Ssd_SetState                       text30       1EB1
_Ssd_SetSymbol                      text28       100A
_Switch                             bssBANK1     00D2
_SwitchTask                         bssBANK1     00C9
_SwitchTask_GetState                text42       1E37
_SwitchTask_Init                    text6        1043
_SwitchTask_Update                  text20       0966
_Switch_GetState                    text26       1D58
_Switch_Init                        text7        1F35
_SysTick_Handler                    text70       1CBE
_T1CON                              (abs)        0010
_TMR0                               (abs)        0001
_TMR1H                              (abs)        000F
_TMR1L                              (abs)        000E
_TempControl                        bssBANK0     0051
_TempControlTask                    bssBANK0     0055
_TempControlTask_Init               text4        1DAB
_TempControlTask_SetState           text41       1C1A
_TempControlTask_Update             text18       1CFD
_TempControl_Init                   text5        1772
_TempControl_SetState               text25       12E4
_TempSensor                         bssBANK1     00B0
_TempSensorTask                     bssBANK3     01CE
_TempSensorTask_GetAverage          text40       1C5F
_TempSensorTask_Init                text1        1594
_TempSensorTask_Update              text21       0C79
_TempSensor_GetState                text22       1672
_TempSensor_Init                    text2        0AC7
_Timer1Init                         text13       1C83
__Habs1                             abs1         0000
__Hbank0                            bank0        0000
__Hbank1                            bank1        0000
__Hbank2                            bank2        0000
__Hbank3                            bank3        0000
__HbssBANK0                         bssBANK0     0000
__HbssBANK1                         bssBANK1     0000
__HbssBANK3                         bssBANK3     0000
__Hcinit                            cinit        004F
__Hclrtext                          clrtext      0000
__Hcode                             code         0000
__Hcommon                           common       0000
__Hconfig                           config       2008
__HcstackBANK0                      cstackBANK0  0000
__HcstackCOMMON                     cstackCOMMON 0000
__HdataBANK1                        dataBANK1    0000
__HdataBANK3                        dataBANK3    0000
__Heeprom_data                      eeprom_data  0000
__Hend_init                         end_init     0015
__Hfunctab                          functab      0067
__HidataBANK1                       idataBANK1   0000
__HidataBANK3                       idataBANK3   0000
__Hinit                             init         0012
__Hinittext                         inittext     0000
__Hintentry                         intentry     0012
__Hmaintext                         maintext     0000
__Hpowerup                          powerup      0000
__Hram                              ram          0000
__Hreset_vec                        reset_vec    0003
__Hsfr0                             sfr0         0000
__Hsfr1                             sfr1         0000
__Hsfr2                             sfr2         0000
__Hsfr3                             sfr3         0000
__Hspace_0                          (abs)        2000
__Hspace_1                          (abs)        01E6
__Hspace_2                          (abs)        0000
__Hspace_3                          (abs)        0000
__Hspace_4                          (abs)        400F
__Hstack                            stack        0000
__Hstrings                          strings      0000
__Htext                             text         0000
__Labs1                             abs1         0000
__Lbank0                            bank0        0000
__Lbank1                            bank1        0000
__Lbank2                            bank2        0000
__Lbank3                            bank3        0000
__LbssBANK0                         bssBANK0     0000
__LbssBANK1                         bssBANK1     0000
__LbssBANK3                         bssBANK3     0000
__Lcinit                            cinit        0015
__Lclrtext                          clrtext      0000
__Lcode                             code         0000
__Lcommon                           common       0000
__Lconfig                           config       0000
__LcstackBANK0                      cstackBANK0  0000
__LcstackCOMMON                     cstackCOMMON 0000
__LdataBANK1                        dataBANK1    0000
__LdataBANK3                        dataBANK3    0000
__Leeprom_data                      eeprom_data  0000
__Lend_init                         end_init     0012
__Lfunctab                          functab      004F
__LidataBANK1                       idataBANK1   0000
__LidataBANK3                       idataBANK3   0000
__Linit                             init         0012
__Linittext                         inittext     0000
__Lintentry                         intentry     0004
__Lmaintext                         maintext     0000
__Lpowerup                          powerup      0000
__Lram                              ram          0000
__Lreset_vec                        reset_vec    0000
__Lsfr0                             sfr0         0000
__Lsfr1                             sfr1         0000
__Lsfr2                             sfr2         0000
__Lsfr3                             sfr3         0000
__Lspace_0                          (abs)        0000
__Lspace_1                          (abs)        0000
__Lspace_2                          (abs)        0000
__Lspace_3                          (abs)        0000
__Lspace_4                          (abs)        0000
__Lstack                            stack        0000
__Lstrings                          strings      0000
__Ltext                             text         0000
__S0                                (abs)        2000
__S1                                (abs)        01E6
__S2                                (abs)        0000
__S3                                (abs)        0000
___awdiv                            text39       14C2
___awdiv@counter                    cstackBANK0  0027
___awdiv@dividend                   cstackBANK0  0025
___awdiv@divisor                    cstackBANK0  0023
___awdiv@quotient                   cstackBANK0  0029
___awdiv@sign                       cstackBANK0  0028
___awmod                            text38       133D
___awmod@counter                    cstackBANK0  002F
___awmod@dividend                   cstackBANK0  002D
___awmod@divisor                    cstackBANK0  002B
___awmod@sign                       cstackBANK0  0030
___bmul                             text51       1D12
___bmul@multiplicand                cstackBANK0  0020
___bmul@multiplier                  cstackBANK0  0022
___bmul@product                     cstackBANK0  0021
___int_sp                           stack        0000
___latbits                          (abs)        0002
___lldiv                            text68       145A
___lldiv@counter                    cstackBANK0  003D
___lldiv@dividend                   cstackBANK0  0034
___lldiv@divisor                    cstackBANK0  0030
___lldiv@quotient                   cstackBANK0  0039
___lmul                             text23       110F
___lmul@multiplicand                cstackBANK0  0027
___lmul@multiplier                  cstackBANK0  0023
___lmul@product                     cstackBANK0  002C
___lwdiv                            text46       10C9
___lwdiv@counter                    cstackBANK0  0029
___lwdiv@dividend                   cstackBANK0  0025
___lwdiv@divisor                    cstackBANK0  0023
___lwdiv@quotient                   cstackBANK0  0027
___sp                               stack        0000
___stackhi                          (abs)        0000
___stacklo                          (abs)        0000
___wmul                             text12       1E10
___wmul@multiplicand                cstackBANK0  0022
___wmul@multiplier                  cstackBANK0  0020
___wmul@product                     cstackBANK0  0024
__end_of_Adc_GetState               text24       1CFD
__end_of_Adc_Init                   text3        1C1A
__end_of_Eeprom_Init                text66       1F08
__end_of_Eeprom_Read                text58       10C9
__end_of_Eeprom_ReadPage            text56       13F9
__end_of_Eeprom_Write               text55       1F91
__end_of_Eeprom_WritePage           text54       11F1
__end_of_Gpio_GetPinState           text27       1E87
__end_of_Gpio_InitPin               text69       11A4
__end_of_Gpio_SetPinState           text37       07FE
__end_of_Gpio_SetPortState          text29       1F35
__end_of_HeaterTask_Init            text50       07C1
__end_of_HeaterTask_Update          text19       054B
__end_of_I2c_ACK                    text57       1C5F
__end_of_I2c_MasterInit             text67       1EB1
__end_of_I2c_MasterRepeatedStart    text64       1BF9
__end_of_I2c_MasterStart            text63       1C04
__end_of_I2c_MasterStop             text62       1C0F
__end_of_I2c_MasterWait             text65       1C3F
__end_of_I2c_MasterWrite            text61       1D58
__end_of_I2c_NACK                   text60       1C4F
__end_of_I2c_Read                   text59       1D8C
__end_of_LedTask_Init               text48       12E4
__end_of_LedTask_SetState           text45       123E
__end_of_LedTask_Update             text17       0C79
__end_of_Led_Init                   text49       145A
__end_of_Led_SetState               text36       128E
__end_of_Scheduler_addTask          text47       08D2
__end_of_Scheduler_delaySoftwareMs  text52       0841
__end_of_Scheduler_delaySoftwareUs  text53       2000
__end_of_Scheduler_deleteTask       text35       1594
__end_of_Scheduler_dispatchTasks    text15       0966
__end_of_Scheduler_displayError     text32       1DAB
__end_of_Scheduler_goToSleep        text33       1D40
__end_of_Scheduler_init             text14       1DEC
__end_of_Scheduler_initSysTick      text11       1E10
__end_of_Scheduler_reportStatus     text31       1C83
__end_of_Scheduler_sleepHardware    text34       07FF
__end_of_Scheduler_start            text10       1C32
__end_of_Scheduler_update           text71       1772
__end_of_SsdTask_Init               text8        1672
__end_of_SsdTask_SetState           text44       1FC7
__end_of_SsdTask_SetSymbol          text43       1CE8
__end_of_SsdTask_Update             text16       0EA7
__end_of_Ssd_Init                   text9        0AC7
__end_of_Ssd_SetState               text30       1EDC
__end_of_Ssd_SetSymbol              text28       1043
__end_of_SwitchTask_GetState        text42       1E5F
__end_of_SwitchTask_Init            text6        1085
__end_of_SwitchTask_Update          text20       0A0B
__end_of_Switch_GetState            text26       1D71
__end_of_Switch_Init                text7        1F62
__end_of_SysTick_Handler            text70       1CD3
__end_of_TempControlTask_Init       text4        1DCA
__end_of_TempControlTask_SetState   text41       1C26
__end_of_TempControlTask_Update     text18       1D12
__end_of_TempControl_Init           text5        1800
__end_of_TempControl_SetState       text25       133D
__end_of_TempSensorTask_GetAverage  text40       1C71
__end_of_TempSensorTask_Init        text1        1602
__end_of_TempSensorTask_Update      text21       0D7F
__end_of_TempSensor_GetState        text22       16E4
__end_of_TempSensor_Init            text2        0B98
__end_of_Timer1Init                 text13       1C96
__end_of___awdiv                    text39       152B
__end_of___awmod                    text38       1398
__end_of___bmul                     text51       1D29
__end_of___lldiv                    text68       14C2
__end_of___lmul                     text23       1157
__end_of___lwdiv                    text46       110F
__end_of___wmul                     text12       1E37
__end_of__fptable                   functab      0067
__end_of__initialization            cinit        004B
__end_of_main                       maintext     1000
__end_ofi1___bmul                   text72       1CBE
__fptable                           functab      004F
__initialization                    cinit        0015
__pbssBANK0                         bssBANK0     0051
__pbssBANK1                         bssBANK1     00A0
__pbssBANK3                         bssBANK3     0190
__pcstackBANK0                      cstackBANK0  0020
__pcstackCOMMON                     cstackCOMMON 0070
__pdataBANK1                        dataBANK1    00E6
__pdataBANK3                        dataBANK3    01DC
__pfunctab                          functab      004F
__pidataBANK1                       idataBANK1   1000
__pidataBANK3                       idataBANK3   1BE4
__pintentry                         intentry     0004
__pmaintext                         maintext     0EA7
__ptext1                            text1        1594
__ptext10                           text10       1C26
__ptext11                           text11       1DEC
__ptext12                           text12       1E10
__ptext13                           text13       1C83
__ptext14                           text14       1DCA
__ptext15                           text15       08D2
__ptext16                           text16       0D7F
__ptext17                           text17       0B98
__ptext18                           text18       1CFD
__ptext19                           text19       0067
__ptext2                            text2        0AC7
__ptext20                           text20       0966
__ptext21                           text21       0C79
__ptext22                           text22       1672
__ptext23                           text23       110F
__ptext24                           text24       1CE8
__ptext25                           text25       12E4
__ptext26                           text26       1D58
__ptext27                           text27       1E5F
__ptext28                           text28       100A
__ptext29                           text29       1F08
__ptext3                            text3        1C0F
__ptext30                           text30       1EB1
__ptext31                           text31       1C71
__ptext32                           text32       1D8C
__ptext33                           text33       1D29
__ptext34                           text34       07FE
__ptext35                           text35       152B
__ptext36                           text36       123E
__ptext37                           text37       07C1
__ptext38                           text38       133D
__ptext39                           text39       14C2
__ptext4                            text4        1DAB
__ptext40                           text40       1C5F
__ptext41                           text41       1C1A
__ptext42                           text42       1E37
__ptext43                           text43       1CD3
__ptext44                           text44       1F91
__ptext45                           text45       11F1
__ptext46                           text46       10C9
__ptext47                           text47       0841
__ptext48                           text48       128E
__ptext49                           text49       13F9
__ptext5                            text5        1772
__ptext50                           text50       054B
__ptext51                           text51       1D12
__ptext52                           text52       0806
__ptext53                           text53       1FC7
__ptext54                           text54       11A4
__ptext55                           text55       1F62
__ptext56                           text56       1398
__ptext57                           text57       1C4F
__ptext58                           text58       1085
__ptext59                           text59       1D71
__ptext6                            text6        1043
__ptext60                           text60       1C3F
__ptext61                           text61       1D40
__ptext62                           text62       1C04
__ptext63                           text63       1BF9
__ptext64                           text64       1BEE
__ptext65                           text65       1C32
__ptext66                           text66       1EDC
__ptext67                           text67       1E87
__ptext68                           text68       145A
__ptext69                           text69       1157
__ptext7                            text7        1F35
__ptext70                           text70       1CBE
__ptext71                           text71       16E4
__ptext72                           text72       1CA9
__ptext8                            text8        1602
__ptext9                            text9        0A0B
__size_of_Adc_GetState              (abs)        0000
__size_of_Adc_Init                  (abs)        0000
__size_of_Eeprom_Init               (abs)        0000
__size_of_Eeprom_Read               (abs)        0000
__size_of_Eeprom_ReadPage           (abs)        0000
__size_of_Eeprom_Write              (abs)        0000
__size_of_Eeprom_WritePage          (abs)        0000
__size_of_Gpio_GetPinState          (abs)        0000
__size_of_Gpio_InitPin              (abs)        0000
__size_of_Gpio_SetPinState          (abs)        0000
__size_of_Gpio_SetPortState         (abs)        0000
__size_of_HeaterTask_Init           (abs)        0000
__size_of_HeaterTask_Update         (abs)        0000
__size_of_I2c_ACK                   (abs)        0000
__size_of_I2c_MasterInit            (abs)        0000
__size_of_I2c_MasterRepeatedStart   (abs)        0000
__size_of_I2c_MasterStart           (abs)        0000
__size_of_I2c_MasterStop            (abs)        0000
__size_of_I2c_MasterWait            (abs)        0000
__size_of_I2c_MasterWrite           (abs)        0000
__size_of_I2c_NACK                  (abs)        0000
__size_of_I2c_Read                  (abs)        0000
__size_of_LedTask_Init              (abs)        0000
__size_of_LedTask_SetState          (abs)        0000
__size_of_LedTask_Update            (abs)        0000
__size_of_Led_Init                  (abs)        0000
__size_of_Led_SetState              (abs)        0000
__size_of_Scheduler_addTask         (abs)        0000
__size_of_Scheduler_delaySoftwareMs (abs)        0000
__size_of_Scheduler_delaySoftwareUs (abs)        0000
__size_of_Scheduler_deleteTask      (abs)        0000
__size_of_Scheduler_dispatchTasks   (abs)        0000
__size_of_Scheduler_displayError    (abs)        0000
__size_of_Scheduler_goToSleep       (abs)        0000
__size_of_Scheduler_init            (abs)        0000
__size_of_Scheduler_initSysTick     (abs)        0000
__size_of_Scheduler_reportStatus    (abs)        0000
__size_of_Scheduler_sleepHardware   (abs)        0000
__size_of_Scheduler_start           (abs)        0000
__size_of_Scheduler_update          (abs)        0000
__size_of_SsdTask_Init              (abs)        0000
__size_of_SsdTask_SetState          (abs)        0000
__size_of_SsdTask_SetSymbol         (abs)        0000
__size_of_SsdTask_Update            (abs)        0000
__size_of_Ssd_Init                  (abs)        0000
__size_of_Ssd_SetState              (abs)        0000
__size_of_Ssd_SetSymbol             (abs)        0000
__size_of_SwitchTask_GetState       (abs)        0000
__size_of_SwitchTask_Init           (abs)        0000
__size_of_SwitchTask_Update         (abs)        0000
__size_of_Switch_GetState           (abs)        0000
__size_of_Switch_Init               (abs)        0000
__size_of_SysTick_Handler           (abs)        0000
__size_of_TempControlTask_Init      (abs)        0000
__size_of_TempControlTask_SetState  (abs)        0000
__size_of_TempControlTask_Update    (abs)        0000
__size_of_TempControl_Init          (abs)        0000
__size_of_TempControl_SetState      (abs)        0000
__size_of_TempSensorTask_GetAverage (abs)        0000
__size_of_TempSensorTask_Init       (abs)        0000
__size_of_TempSensorTask_Update     (abs)        0000
__size_of_TempSensor_GetState       (abs)        0000
__size_of_TempSensor_Init           (abs)        0000
__size_of_Timer1Init                (abs)        0000
__size_of___awdiv                   (abs)        0000
__size_of___awmod                   (abs)        0000
__size_of___bmul                    (abs)        0000
__size_of___lldiv                   (abs)        0000
__size_of___lmul                    (abs)        0000
__size_of___lwdiv                   (abs)        0000
__size_of___wmul                    (abs)        0000
__size_of__fptable                  (abs)        0000
__size_of_main                      (abs)        0000
__size_ofi1___bmul                  (abs)        0000
_main                               maintext     0EA7
_scheduler                          bssBANK3     0190
btemp                               (abs)        007E
clear_ram0                          clrtext      1BDC
end_of_initialization               cinit        004B
fpbase                              functab      0054
fptable                             functab      004F
fptotal                             (abs)        0010
i1___bmul                           text72       1CA9
i1___bmul@multiplicand              cstackCOMMON 0070
i1___bmul@multiplier                cstackCOMMON 0072
i1___bmul@product                   cstackCOMMON 0071
init_fetch0                         inittext     1C96
init_ram0                           inittext     1C9A
interrupt_function                  intentry     0004
intlevel0                           functab      004F
intlevel1                           functab      004F
intlevel2                           functab      004F
intlevel3                           functab      004F
intlevel4                           functab      004F
intlevel5                           functab      004F
reset_vec                           reset_vec    0000
saved_w                             (abs)        007E
start                               init         0012
start_initialization                cinit        0015
wtemp0                              (abs)        007E


FUNCTION INFORMATION:

 *************** function _main *****************
 Defined at:
		line 31 in file "main.c"
 Parameters:    Size  Location     Type
		None
 Auto vars:     Size  Location     Type
		None
 Return value:  Size  Location     Type
                  2   47[None  ] int 
 Registers used:
		wreg, fsr0l, fsr0h, status,2, status,0, btemp+1, pclath, cstack
 Tracked objects:
		On entry : 
		On exit  : 
		Unchanged: 
 Data sizes:     COMMON   BANK0   BANK1   BANK3   BANK2
      Params:         0       0       0       0       0
      Locals:         0       0       0       0       0
      Temps:          0       0       0       0       0
      Totals:         0       0       0       0       0
Total ram usage:        0 bytes
 Hardware stack levels required when called:    8
 This function calls:
		_HeaterTask_Init
		_LedTask_Init
		_Scheduler_addTask
		_Scheduler_delaySoftwareUs
		_Scheduler_dispatchTasks
		_Scheduler_init
		_Scheduler_start
		_SsdTask_Init
		_SwitchTask_Init
		_TempControlTask_Init
		_TempSensorTask_Init
 This function is called by:
		Startup code after reset
 This function uses a non-reentrant model


 *************** function _TempSensorTask_Init *****************
 Defined at:
		line 13 in file "TempSensorTask.c"
 Parameters:    Size  Location     Type
  Id              1    wreg     unsigned char 
  GpioId          1   22[BANK0 ] unsigned char 
  Pin             1   23[BANK0 ] unsigned char 
  AdcId           1   24[BANK0 ] unsigned char 
 Auto vars:     Size  Location     Type
  Id              1   28[BANK0 ] unsigned char 
  Index           2   26[BANK0 ] unsigned int 
 Return value:  Size  Location     Type
                  1    wreg      void 
 Registers used:
		wreg, fsr0l, fsr0h, status,2, status,0, btemp+1, pclath, cstack
 Tracked objects:
		On entry : 
		On exit  : 
		Unchanged: 
 Data sizes:     COMMON   BANK0   BANK1   BANK3   BANK2
      Params:         0       3       0       0       0
      Locals:         0       3       0       0       0
      Temps:          0       1       0       0       0
      Totals:         0       7       0       0       0
Total ram usage:        7 bytes
 Hardware stack levels used:    1
 Hardware stack levels required when called:    5
 This function calls:
		_TempSensor_Init
		___bmul
 This function is called by:
		_main
 This function uses a non-reentrant model


 *************** function _TempSensor_Init *****************
 Defined at:
		line 16 in file "TempSensor.c"
 Parameters:    Size  Location     Type
  Id              1    wreg     unsigned char 
  GpioId          1   18[BANK0 ] unsigned char 
  Pin             1   19[BANK0 ] unsigned char 
  AdcId           1   20[BANK0 ] unsigned char 
 Auto vars:     Size  Location     Type
  Id              1   21[BANK0 ] unsigned char 
 Return value:  Size  Location     Type
                  1    wreg      void 
 Registers used:
		wreg, fsr0l, fsr0h, status,2, status,0, btemp+1, pclath, cstack
 Tracked objects:
		On entry : 
		On exit  : 
		Unchanged: 
 Data sizes:     COMMON   BANK0   BANK1   BANK3   BANK2
      Params:         0       3       0       0       0
      Locals:         0       1       0       0       0
      Temps:          0       0       0       0       0
      Totals:         0       4       0       0       0
Total ram usage:        4 bytes
 Hardware stack levels used:    1
 Hardware stack levels required when called:    4
 This function calls:
		_Adc_Init
		_Gpio_InitPin
		___bmul
 This function is called by:
		_TempSensorTask_Init
 This function uses a non-reentrant model


 *************** function _Adc_Init *****************
 Defined at:
		line 3 in file "Adc.c"
 Parameters:    Size  Location     Type
  Id              1    wreg     unsigned char 
 Auto vars:     Size  Location     Type
  Id              1    0[COMMON] unsigned char 
 Return value:  Size  Location     Type
                  1    wreg      void 
 Registers used:
		wreg, status,2
 Tracked objects:
		On entry : 
		On exit  : 
		Unchanged: 
 Data sizes:     COMMON   BANK0   BANK1   BANK3   BANK2
      Params:         0       0       0       0       0
      Locals:         0       0       0       0       0
      Temps:          0       0       0       0       0
      Totals:         0       0       0       0       0
Total ram usage:        0 bytes
 Hardware stack levels used:    1
 Hardware stack levels required when called:    3
 This function calls:
		Nothing
 This function is called by:
		_TempSensor_Init
 This function uses a non-reentrant model


 *************** function _TempControlTask_Init *****************
 Defined at:
		line 10 in file "TempControlTask.c"
 Parameters:    Size  Location     Type
  Id              1    wreg     unsigned char 
  hGpioId         1   25[BANK0 ] unsigned char 
  hPin            1   26[BANK0 ] unsigned char 
  cGpioId         1   27[BANK0 ] unsigned char 
  cPin            1   28[BANK0 ] unsigned char 
 Auto vars:     Size  Location     Type
  Id              1   29[BANK0 ] unsigned char 
 Return value:  Size  Location     Type
                  1    wreg      void 
 Registers used:
		wreg, fsr0l, fsr0h, status,2, status,0, btemp+1, pclath, cstack
 Tracked objects:
		On entry : 
		On exit  : 
		Unchanged: 
 Data sizes:     COMMON   BANK0   BANK1   BANK3   BANK2
      Params:         0       4       0       0       0
      Locals:         0       1       0       0       0
      Temps:          0       0       0       0       0
      Totals:         0       5       0       0       0
Total ram usage:        5 bytes
 Hardware stack levels used:    1
 Hardware stack levels required when called:    5
 This function calls:
		_TempControl_Init
 This function is called by:
		_main
 This function uses a non-reentrant model


 *************** function _TempControl_Init *****************
 Defined at:
		line 13 in file "TempControl.c"
 Parameters:    Size  Location     Type
  Id              1    wreg     unsigned char 
  hGpioId         1   18[BANK0 ] unsigned char 
  hPin            1   19[BANK0 ] unsigned char 
  cGpioId         1   20[BANK0 ] unsigned char 
  cPin            1   21[BANK0 ] unsigned char 
 Auto vars:     Size  Location     Type
  Id              1   24[BANK0 ] unsigned char 
 Return value:  Size  Location     Type
                  1    wreg      void 
 Registers used:
		wreg, fsr0l, fsr0h, status,2, status,0, btemp+1, pclath, cstack
 Tracked objects:
		On entry : 
		On exit  : 
		Unchanged: 
 Data sizes:     COMMON   BANK0   BANK1   BANK3   BANK2
      Params:         0       4       0       0       0
      Locals:         0       1       0       0       0
      Temps:          0       2       0       0       0
      Totals:         0       7       0       0       0
Total ram usage:        7 bytes
 Hardware stack levels used:    1
 Hardware stack levels required when called:    4
 This function calls:
		_Gpio_InitPin
 This function is called by:
		_TempControlTask_Init
 This function uses a non-reentrant model


 *************** function _SwitchTask_Init *****************
 Defined at:
		line 12 in file "SwitchTask.c"
 Parameters:    Size  Location     Type
  Id              1    wreg     unsigned char 
  GpioId          1   23[BANK0 ] unsigned char 
  Pin             1   24[BANK0 ] unsigned char 
 Auto vars:     Size  Location     Type
  Id              1   25[BANK0 ] unsigned char 
 Return value:  Size  Location     Type
                  1    wreg      void 
 Registers used:
		wreg, fsr0l, fsr0h, status,2, status,0, btemp+1, pclath, cstack
 Tracked objects:
		On entry : 
		On exit  : 
		Unchanged: 
 Data sizes:     COMMON   BANK0   BANK1   BANK3   BANK2
      Params:         0       2       0       0       0
      Locals:         0       1       0       0       0
      Temps:          0       0       0       0       0
      Totals:         0       3       0       0       0
Total ram usage:        3 bytes
 Hardware stack levels used:    1
 Hardware stack levels required when called:    5
 This function calls:
		_Switch_Init
		___bmul
 This function is called by:
		_main
 This function uses a non-reentrant model


 *************** function _Switch_Init *****************
 Defined at:
		line 11 in file "Switch.c"
 Parameters:    Size  Location     Type
  Id              1    wreg     unsigned char 
  GpioId          1   18[BANK0 ] unsigned char 
  Pin             1   19[BANK0 ] unsigned char 
 Auto vars:     Size  Location     Type
  Id              1   22[BANK0 ] unsigned char 
 Return value:  Size  Location     Type
                  1    wreg      void 
 Registers used:
		wreg, fsr0l, fsr0h, status,2, status,0, btemp+1, pclath, cstack
 Tracked objects:
		On entry : 
		On exit  : 
		Unchanged: 
 Data sizes:     COMMON   BANK0   BANK1   BANK3   BANK2
      Params:         0       2       0       0       0
      Locals:         0       1       0       0       0
      Temps:          0       2       0       0       0
      Totals:         0       5       0       0       0
Total ram usage:        5 bytes
 Hardware stack levels used:    1
 Hardware stack levels required when called:    4
 This function calls:
		_Gpio_InitPin
 This function is called by:
		_SwitchTask_Init
 This function uses a non-reentrant model


 *************** function _SsdTask_Init *****************
 Defined at:
		line 15 in file "SsdTask.c"
 Parameters:    Size  Location     Type
  Id              1    wreg     unsigned char 
  ctrlGpioId      1   28[BANK0 ] unsigned char 
  ctrlPin         1   29[BANK0 ] unsigned char 
  dataGpioId      1   30[BANK0 ] unsigned char 
  dataPin         1   31[BANK0 ] unsigned char 
 Auto vars:     Size  Location     Type
  Id              1   33[BANK0 ] unsigned char 
 Return value:  Size  Location     Type
                  1    wreg      void 
 Registers used:
		wreg, fsr0l, fsr0h, status,2, status,0, btemp+1, pclath, cstack
 Tracked objects:
		On entry : 
		On exit  : 
		Unchanged: 
 Data sizes:     COMMON   BANK0   BANK1   BANK3   BANK2
      Params:         0       4       0       0       0
      Locals:         0       1       0       0       0
      Temps:          0       1       0       0       0
      Totals:         0       6       0       0       0
Total ram usage:        6 bytes
 Hardware stack levels used:    1
 Hardware stack levels required when called:    5
 This function calls:
		_Ssd_Init
 This function is called by:
		_main
 This function uses a non-reentrant model


 *************** function _Ssd_Init *****************
 Defined at:
		line 14 in file "Ssd.c"
 Parameters:    Size  Location     Type
  Id              1    wreg     unsigned char 
  ctrlGpioId      1   18[BANK0 ] unsigned char 
  ctrlPin         1   19[BANK0 ] unsigned char 
  dataGpioId      1   20[BANK0 ] unsigned char 
  dataPin         1   21[BANK0 ] unsigned char 
 Auto vars:     Size  Location     Type
  Id              1   27[BANK0 ] unsigned char 
  Pin             2   25[BANK0 ] unsigned int 
 Return value:  Size  Location     Type
                  1    wreg      void 
 Registers used:
		wreg, fsr0l, fsr0h, status,2, status,0, btemp+1, pclath, cstack
 Tracked objects:
		On entry : 
		On exit  : 
		Unchanged: 
 Data sizes:     COMMON   BANK0   BANK1   BANK3   BANK2
      Params:         0       4       0       0       0
      Locals:         0       3       0       0       0
      Temps:          0       3       0       0       0
      Totals:         0      10       0       0       0
Total ram usage:       10 bytes
 Hardware stack levels used:    1
 Hardware stack levels required when called:    4
 This function calls:
		_Gpio_InitPin
 This function is called by:
		_SsdTask_Init
 This function uses a non-reentrant model


 *************** function _Scheduler_start *****************
 Defined at:
		line 68 in file "Scheduler.c"
 Parameters:    Size  Location     Type
		None
 Auto vars:     Size  Location     Type
		None
 Return value:  Size  Location     Type
                  1    wreg      void 
 Registers used:
		wreg, status,2, status,0, pclath, cstack
 Tracked objects:
		On entry : 
		On exit  : 
		Unchanged: 
 Data sizes:     COMMON   BANK0   BANK1   BANK3   BANK2
      Params:         0       0       0       0       0
      Locals:         0       0       0       0       0
      Temps:          0       0       0       0       0
      Totals:         0       0       0       0       0
Total ram usage:        0 bytes
 Hardware stack levels used:    1
 Hardware stack levels required when called:    5
 This function calls:
		_Scheduler_initSysTick
 This function is called by:
		_main
 This function uses a non-reentrant model


 *************** function _Scheduler_initSysTick *****************
 Defined at:
		line 5 in file "SchedulerConfig.c"
 Parameters:    Size  Location     Type
  msTickPeriod    2    6[BANK0 ] unsigned int 
 Auto vars:     Size  Location     Type
  tickNumber      2    8[BANK0 ] unsigned int 
 Return value:  Size  Location     Type
                  1    wreg      void 
 Registers used:
		wreg, status,2, status,0, pclath, cstack
 Tracked objects:
		On entry : 
		On exit  : 
		Unchanged: 
 Data sizes:     COMMON   BANK0   BANK1   BANK3   BANK2
      Params:         0       2       0       0       0
      Locals:         0       2       0       0       0
      Temps:          0       0       0       0       0
      Totals:         0       4       0       0       0
Total ram usage:        4 bytes
 Hardware stack levels used:    1
 Hardware stack levels required when called:    4
 This function calls:
		_Timer1Init
		___wmul
 This function is called by:
		_Scheduler_start
 This function uses a non-reentrant model


 *************** function ___wmul *****************
 Defined at:
		line 15 in file "C:\Program Files\Microchip\xc8\v2.20\pic\sources\c90\common\Umul16.c"
 Parameters:    Size  Location     Type
  multiplier      2    0[BANK0 ] unsigned int 
  multiplicand    2    2[BANK0 ] unsigned int 
 Auto vars:     Size  Location     Type
  product         2    4[BANK0 ] unsigned int 
 Return value:  Size  Location     Type
                  2    0[BANK0 ] unsigned int 
 Registers used:
		wreg, status,2, status,0
 Tracked objects:
		On entry : 
		On exit  : 
		Unchanged: 
 Data sizes:     COMMON   BANK0   BANK1   BANK3   BANK2
      Params:         0       4       0       0       0
      Locals:         0       2       0       0       0
      Temps:          0       0       0       0       0
      Totals:         0       6       0       0       0
Total ram usage:        6 bytes
 Hardware stack levels used:    1
 Hardware stack levels required when called:    3
 This function calls:
		Nothing
 This function is called by:
		_Scheduler_initSysTick
 This function uses a non-reentrant model


 *************** function _Timer1Init *****************
 Defined at:
		line 16 in file "Timer.c"
 Parameters:    Size  Location     Type
  TicksNumber     2    0[BANK0 ] unsigned int 
 Auto vars:     Size  Location     Type
		None
 Return value:  Size  Location     Type
                  1    wreg      void 
 Registers used:
		wreg, status,2
 Tracked objects:
		On entry : 
		On exit  : 
		Unchanged: 
 Data sizes:     COMMON   BANK0   BANK1   BANK3   BANK2
      Params:         0       2       0       0       0
      Locals:         0       0       0       0       0
      Temps:          0       0       0       0       0
      Totals:         0       2       0       0       0
Total ram usage:        2 bytes
 Hardware stack levels used:    1
 Hardware stack levels required when called:    3
 This function calls:
		Nothing
 This function is called by:
		_Scheduler_initSysTick
 This function uses a non-reentrant model


 *************** function _Scheduler_init *****************
 Defined at:
		line 21 in file "Scheduler.c"
 Parameters:    Size  Location     Type
		None
 Auto vars:     Size  Location     Type
  index           2    4[BANK0 ] unsigned int 
 Return value:  Size  Location     Type
                  1    wreg      void 
 Registers used:
		wreg, fsr0l, fsr0h, status,2, status,0, btemp+1, pclath, cstack
 Tracked objects:
		On entry : 
		On exit  : 
		Unchanged: 
 Data sizes:     COMMON   BANK0   BANK1   BANK3   BANK2
      Params:         0       0       0       0       0
      Locals:         0       2       0       0       0
      Temps:          0       0       0       0       0
      Totals:         0       2       0       0       0
Total ram usage:        2 bytes
 Hardware stack levels used:    1
 Hardware stack levels required when called:    5
 This function calls:
		_Scheduler_deleteTask
 This function is called by:
		_main
 This function uses a non-reentrant model


 *************** function _Scheduler_dispatchTasks *****************
 Defined at:
		line 116 in file "Scheduler.c"
 Parameters:    Size  Location     Type
		None
 Auto vars:     Size  Location     Type
  index           2   47[BANK0 ] unsigned int 
 Return value:  Size  Location     Type
                  1    wreg      void 
 Registers used:
		wreg, fsr0l, fsr0h, status,2, status,0, btemp+1, pclath, cstack
 Tracked objects:
		On entry : 
		On exit  : 
		Unchanged: 
 Data sizes:     COMMON   BANK0   BANK1   BANK3   BANK2
      Params:         0       0       0       0       0
      Locals:         0       5       0       0       0
      Temps:          0       1       0       0       0
      Totals:         0       6       0       0       0
Total ram usage:        6 bytes
 Hardware stack levels used:    1
 Hardware stack levels required when called:    7
 This function calls:
		Absolute function
		_HeaterTask_Update
		_LedTask_Update
		_Scheduler_deleteTask
		_Scheduler_goToSleep
		_Scheduler_reportStatus
		_SsdTask_Update
		_SwitchTask_Update
		_TempControlTask_Update
		_TempSensorTask_Update
		___bmul
 This function is called by:
		_main
 This function uses a non-reentrant model


 *************** function _SsdTask_Update *****************
 Defined at:
		line 37 in file "SsdTask.c"
 Parameters:    Size  Location     Type
  Paramter        2   35[BANK0 ] PTR void 
		 -> RAM(512), RAM(512), NULL(0), 
 Auto vars:     Size  Location     Type
  Id              1   41[BANK0 ] unsigned char 
[...]
		_HeaterTask_Init
 This function uses a non-reentrant model


 *************** function _I2c_Read *****************
 Defined at:
		line 43 in file "I2c.c"
 Parameters:    Size  Location     Type
		None
 Auto vars:     Size  Location     Type
		None
 Return value:  Size  Location     Type
                  1    wreg      unsigned char 
 Registers used:
		wreg, status,2, status,0, pclath, cstack
 Tracked objects:
		On entry : 
		On exit  : 
		Unchanged: 
 Data sizes:     COMMON   BANK0   BANK1   BANK3   BANK2
      Params:         0       0       0       0       0
      Locals:         0       0       0       0       0
      Temps:          0       0       0       0       0
      Totals:         0       0       0       0       0
Total ram usage:        0 bytes
 Hardware stack levels used:    1
 Hardware stack levels required when called:    4
 This function calls:
		_I2c_MasterWait
 This function is called by:
		_Eeprom_Read
		_Eeprom_ReadPage
 This function uses a non-reentrant model


 *************** function _I2c_NACK *****************
 Defined at:
		line 60 in file "I2c.c"
 Parameters:    Size  Location     Type
		None
 Auto vars:     Size  Location     Type
		None
 Return value:  Size  Location     Type
                  1    wreg      void 
 Registers used:
		wreg, status,2, status,0, pclath, cstack
 Tracked objects:
		On entry : 
		On exit  : 
		Unchanged: 
 Data sizes:     COMMON   BANK0   BANK1   BANK3   BANK2
      Params:         0       0       0       0       0
      Locals:         0       0       0       0       0
      Temps:          0       0       0       0       0
      Totals:         0       0       0       0       0
Total ram usage:        0 bytes
 Hardware stack levels used:    1
 Hardware stack levels required when called:    4
 This function calls:
		_I2c_MasterWait
 This function is called by:
		_Eeprom_Read
 This function uses a non-reentrant model


 *************** function _I2c_MasterWrite *****************
 Defined at:
		line 34 in file "I2c.c"
 Parameters:    Size  Location     Type
  Buffer          1    wreg     unsigned char 
 Auto vars:     Size  Location     Type
  Buffer          1    0[BANK0 ] unsigned char 
 Return value:  Size  Location     Type
                  1    wreg      unsigned char 
 Registers used:
		wreg, status,2, status,0, pclath, cstack
 Tracked objects:
		On entry : 
		On exit  : 
		Unchanged: 
 Data sizes:     COMMON   BANK0   BANK1   BANK3   BANK2
      Params:         0       0       0       0       0
      Locals:         0       1       0       0       0
      Temps:          0       0       0       0       0
      Totals:         0       1       0       0       0
Total ram usage:        1 bytes
 Hardware stack levels used:    1
 Hardware stack levels required when called:    4
 This function calls:
		_I2c_MasterWait
 This function is called by:
		_Eeprom_Write
		_Eeprom_WritePage
		_Eeprom_Read
		_Eeprom_ReadPage
 This function uses a non-reentrant model


 *************** function _I2c_MasterStop *****************
 Defined at:
		line 28 in file "I2c.c"
 Parameters:    Size  Location     Type
		None
 Auto vars:     Size  Location     Type
		None
 Return value:  Size  Location     Type
                  1    wreg      void 
 Registers used:
		wreg, status,2, status,0, pclath, cstack
 Tracked objects:
		On entry : 
		On exit  : 
		Unchanged: 
 Data sizes:     COMMON   BANK0   BANK1   BANK3   BANK2
      Params:         0       0       0       0       0
      Locals:         0       0       0       0       0
      Temps:          0       0       0       0       0
      Totals:         0       0       0       0       0
Total ram usage:        0 bytes
 Hardware stack levels used:    1
 Hardware stack levels required when called:    4
 This function calls:
		_I2c_MasterWait
 This function is called by:
		_Eeprom_Write
		_Eeprom_WritePage
		_Eeprom_Read
		_Eeprom_ReadPage
 This function uses a non-reentrant model


 *************** function _I2c_MasterStart *****************
 Defined at:
		line 16 in file "I2c.c"
 Parameters:    Size  Location     Type
		None
 Auto vars:     Size  Location     Type
		None
 Return value:  Size  Location     Type
                  1    wreg      void 
 Registers used:
		wreg, status,2, status,0, pclath, cstack
 Tracked objects:
		On entry : 
		On exit  : 
		Unchanged: 
 Data sizes:     COMMON   BANK0   BANK1   BANK3   BANK2
      Params:         0       0       0       0       0
      Locals:         0       0       0       0       0
      Temps:          0       0       0       0       0
      Totals:         0       0       0       0       0
Total ram usage:        0 bytes
 Hardware stack levels used:    1
 Hardware stack levels required when called:    4
 This function calls:
		_I2c_MasterWait
 This function is called by:
		_Eeprom_Write
		_Eeprom_WritePage
		_Eeprom_Read
		_Eeprom_ReadPage
 This function uses a non-reentrant model


 *************** function _I2c_MasterRepeatedStart *****************
 Defined at:
		line 22 in file "I2c.c"
 Parameters:    Size  Location     Type
		None
 Auto vars:     Size  Location     Type
		None
 Return value:  Size  Location     Type
                  1    wreg      void 
 Registers used:
		wreg, status,2, status,0, pclath, cstack
 Tracked objects:
		On entry : 
		On exit  : 
		Unchanged: 
 Data sizes:     COMMON   BANK0   BANK1   BANK3   BANK2
      Params:         0       0       0       0       0
      Locals:         0       0       0       0       0
      Temps:          0       0       0       0       0
      Totals:         0       0       0       0       0
Total ram usage:        0 bytes
 Hardware stack levels used:    1
 Hardware stack levels required when called:    4
 This function calls:
		_I2c_MasterWait
 This function is called by:
		_Eeprom_Write
		_Eeprom_WritePage
		_Eeprom_Read
		_Eeprom_ReadPage
 This function uses a non-reentrant model


 *************** function _I2c_MasterWait *****************
 Defined at:
		line 11 in file "I2c.c"
 Parameters:    Size  Location     Type
		None
 Auto vars:     Size  Location     Type
		None
 Return value:  Size  Location     Type
                  1    wreg      void 
 Registers used:
		wreg, status,2
 Tracked objects:
		On entry : 
		On exit  : 
		Unchanged: 
 Data sizes:     COMMON   BANK0   BANK1   BANK3   BANK2
      Params:         0       0       0       0       0
      Locals:         0       0       0       0       0
      Temps:          0       0       0       0       0
      Totals:         0       0       0       0       0
Total ram usage:        0 bytes
 Hardware stack levels used:    1
 Hardware stack levels required when called:    3
 This function calls:
		Nothing
 This function is called by:
		_I2c_MasterStart
		_I2c_MasterRepeatedStart
		_I2c_MasterStop
		_I2c_MasterWrite
		_I2c_Read
		_I2c_ACK
		_I2c_NACK
 This function uses a non-reentrant model


 *************** function _Eeprom_Init *****************
 Defined at:
		line 6 in file "Eeprom.c"
 Parameters:    Size  Location     Type
		None
 Auto vars:     Size  Location     Type
		None
 Return value:  Size  Location     Type
                  1    wreg      void 
 Registers used:
		wreg, fsr0l, fsr0h, status,2, status,0, btemp+1, pclath, cstack
 Tracked objects:
		On entry : 
		On exit  : 
		Unchanged: 
 Data sizes:     COMMON   BANK0   BANK1   BANK3   BANK2
      Params:         0       0       0       0       0
      Locals:         0       0       0       0       0
      Temps:          0       0       0       0       0
      Totals:         0       0       0       0       0
Total ram usage:        0 bytes
 Hardware stack levels used:    1
 Hardware stack levels required when called:    5
 This function calls:
		_Gpio_InitPin
		_I2c_MasterInit
 This function is called by:
		_HeaterTask_Init
 This function uses a non-reentrant model


 *************** function _I2c_MasterInit *****************
 Defined at:
		line 3 in file "I2c.c"
 Parameters:    Size  Location     Type
  BaudRate        4   30[BANK0 ] unsigned long 
 Auto vars:     Size  Location     Type
		None
 Return value:  Size  Location     Type
                  1    wreg      void 
 Registers used:
		wreg, status,2, status,0, btemp+1, pclath, cstack
 Tracked objects:
		On entry : 
		On exit  : 
		Unchanged: 
 Data sizes:     COMMON   BANK0   BANK1   BANK3   BANK2
      Params:         0       4       0       0       0
      Locals:         0       0       0       0       0
      Temps:          0       0       0       0       0
      Totals:         0       4       0       0       0
Total ram usage:        4 bytes
 Hardware stack levels used:    1
 Hardware stack levels required when called:    4
 This function calls:
		___lldiv
 This function is called by:
		_Eeprom_Init
 This function uses a non-reentrant model


 *************** function ___lldiv *****************
 Defined at:
		line 5 in file "C:\Program Files\Microchip\xc8\v2.20\pic\sources\c90\common\__lldiv.c"
 Parameters:    Size  Location     Type
  divisor         4   16[BANK0 ] unsigned long 
  dividend        4   20[BANK0 ] unsigned long 
 Auto vars:     Size  Location     Type
  quotient        4   25[BANK0 ] unsigned long 
  counter         1   29[BANK0 ] unsigned char 
 Return value:  Size  Location     Type
                  4   16[BANK0 ] unsigned long 
 Registers used:
		wreg, status,2, status,0, btemp+1
 Tracked objects:
		On entry : 
		On exit  : 
		Unchanged: 
 Data sizes:     COMMON   BANK0   BANK1   BANK3   BANK2
      Params:         0       8       0       0       0
      Locals:         0       5       0       0       0
      Temps:          0       1       0       0       0
      Totals:         0      14       0       0       0
Total ram usage:       14 bytes
 Hardware stack levels used:    1
 Hardware stack levels required when called:    3
 This function calls:
		Nothing
 This function is called by:
		_TempSensor_GetState
		_I2c_MasterInit
 This function uses a non-reentrant model


 *************** function _Gpio_InitPin *****************
 Defined at:
		line 18 in file "Gpio.c"
 Parameters:    Size  Location     Type
  Id              1    wreg     unsigned char 
  Pin             1    3[BANK0 ] unsigned char 
  Mode            1    4[BANK0 ] unsigned char 
 Auto vars:     Size  Location     Type
  Id              1   17[BANK0 ] unsigned char 
 Return value:  Size  Location     Type
                  1    wreg      void 
 Registers used:
		wreg, fsr0l, fsr0h, status,2, status,0, btemp+1
 Tracked objects:
		On entry : 
		On exit  : 
		Unchanged: 
 Data sizes:     COMMON   BANK0   BANK1   BANK3   BANK2
      Params:         0       2       0       0       0
      Locals:         0       1       0       0       0
      Temps:          0      12       0       0       0
      Totals:         0      15       0       0       0
Total ram usage:       15 bytes
 Hardware stack levels used:    1
 Hardware stack levels required when called:    3
 This function calls:
		Nothing
 This function is called by:
		_Led_Init
		_Switch_Init
		_Ssd_Init
		_Eeprom_Init
		_TempSensor_Init
		_TempControl_Init
 This function uses a non-reentrant model


 *************** function _SysTick_Handler *****************
 Defined at:
		line 24 in file "main.c"
 Parameters:    Size  Location     Type
		None
 Auto vars:     Size  Location     Type
		None
 Return value:  Size  Location     Type
                  1    wreg      void 
 Registers used:
		wreg, fsr0l, fsr0h, status,2, status,0, btemp+1, pclath, cstack
 Tracked objects:
		On entry : 
		On exit  : 
		Unchanged: 
 Data sizes:     COMMON   BANK0   BANK1   BANK3   BANK2
      Params:         0       0       0       0       0
      Locals:         0       0       0       0       0
      Temps:          4       0       0       0       0
      Totals:         4       0       0       0       0
Total ram usage:        4 bytes
 Hardware stack levels used:    1
 Hardware stack levels required when called:    2
 This function calls:
		_Scheduler_update
 This function is called by:
		Interrupt level 1
 This function uses a non-reentrant model


 *************** function _Scheduler_update *****************
 Defined at:
		line 95 in file "Scheduler.c"
 Parameters:    Size  Location     Type
		None
 Auto vars:     Size  Location     Type
  index           2    4[COMMON] unsigned int 
 Return value:  Size  Location     Type
                  1    wreg      void 
 Registers used:
		wreg, fsr0l, fsr0h, status,2, status,0, btemp+1, pclath, cstack
 Tracked objects:
		On entry : 
		On exit  : 
		Unchanged: 
 Data sizes:     COMMON   BANK0   BANK1   BANK3   BANK2
      Params:         0       0       0       0       0
      Locals:         2       0       0       0       0
      Temps:          1       0       0       0       0
      Totals:         3       0       0       0       0
Total ram usage:        3 bytes
 Hardware stack levels used:    1
 Hardware stack levels required when called:    1
 This function calls:
		i1___bmul
 This function is called by:
		_SysTick_Handler
 This function uses a non-reentrant model


 *************** function i1___bmul *****************
 Defined at:
		line 4 in file "C:\Program Files\Microchip\xc8\v2.20\pic\sources\c90\common\Umul8.c"
 Parameters:    Size  Location     Type
  multiplier      1    wreg     unsigned char 
  multiplicand    1    0[COMMON] unsigned char 
 Auto vars:     Size  Location     Type
  multiplier      1    2[COMMON] unsigned char 
  product         1    1[COMMON] unsigned char 
 Return value:  Size  Location     Type
                  1    wreg      unsigned char 
 Registers used:
		wreg, status,2, status,0, btemp+1
 Tracked objects:
		On entry : 
		On exit  : 
		Unchanged: 
 Data sizes:     COMMON   BANK0   BANK1   BANK3   BANK2
      Params:         1       0       0       0       0
      Locals:         2       0       0       0       0
      Temps:          0       0       0       0       0
      Totals:         3       0       0       0       0
Total ram usage:        3 bytes
 Hardware stack levels used:    1
 This function calls:
		Nothing
 This function is called by:
		_Scheduler_update
 This function uses a non-reentrant model



MODULE INFORMATION

Module		Function		Class		Link	Load	Size
C:\Program Files\Microchip\xc8\v2.20\pic\sources\c90\common\Umul32.c
		___lmul        		CODE           	110F	0000	73

C:\Program Files\Microchip\xc8\v2.20\pic\sources\c90\common\Umul32.c estimated size: 73

Led.c
		_Led_Init      		CODE           	13F9	0000	98
		_Led_SetState  		CODE           	123E	0000	81

Led.c estimated size: 179

SwitchTask.c
		_SwitchTask_Init		CODE           	1043	0000	67
		_SwitchTask_GetState		CODE           	1E37	0000	41
		_SwitchTask_Update		CODE           	0966	0000	166

SwitchTask.c estimated size: 274

Scheduler.c
		_Scheduler_update		CODE           	16E4	0000	143
		_Scheduler_dispatchTasks		CODE           	08D2	0000	149
		_Scheduler_goToSleep		CODE           	1D29	0000	24
		_Scheduler_deleteTask		CODE           	152B	0000	106
		_Scheduler_addTask		CODE           	0841	0000	146
		_Scheduler_init		CODE           	1DCA	0000	35
		_Scheduler_reportStatus		CODE           	1C71	0000	19
		_Scheduler_start		CODE           	1C26	0000	13

Scheduler.c estimated size: 635

Timer.c
		_Timer1Init    		CODE           	1C83	0000	20

Timer.c estimated size: 20

C:\Program Files\Microchip\xc8\v2.20\pic\sources\c90\common\__lldiv.c
		___lldiv       		CODE           	145A	0000	105

C:\Program Files\Microchip\xc8\v2.20\pic\sources\c90\common\__lldiv.c estimated size: 105

Ssd.c
		_Ssd_Init      		CODE           	0A0B	0000	189
		_Ssd_SetState  		CODE           	1EB1	0000	44
		_Ssd_SetSymbol 		CODE           	100A	0000	58

Ssd.c estimated size: 291

TempControlTask.c
		_TempControlTask_SetState		CODE           	1C1A	0000	13
		_TempControlTask_Init		CODE           	1DAB	0000	32
		_TempControlTask_Update		CODE           	1CFD	0000	22

TempControlTask.c estimated size: 67

TempControl.c
		_TempControl_Init		CODE           	1772	0000	143
		_TempControl_SetState		CODE           	12E4	0000	90

TempControl.c estimated size: 233

I2c.c
		_I2c_ACK       		CODE           	1C4F	0000	17
		_I2c_NACK      		CODE           	1C3F	0000	17
		_I2c_MasterWait		CODE           	1C32	0000	14
		_I2c_MasterInit		CODE           	1E87	0000	43
		_I2c_MasterStop		CODE           	1C04	0000	12
		_I2c_MasterWrite		CODE           	1D40	0000	25
		_I2c_MasterStart		CODE           	1BF9	0000	12
		_I2c_MasterRepeatedStart		CODE           	1BEE	0000	12
		_I2c_Read      		CODE           	1D71	0000	28

I2c.c estimated size: 180

SchedulerConfig.c
		_Scheduler_delaySoftwareMs		CODE           	0806	0000	60
		_Scheduler_delaySoftwareUs		CODE           	1FC7	0000	58
		_Scheduler_sleepHardware		CODE           	07FE	0000	2
		_Scheduler_initSysTick		CODE           	1DEC	0000	37
		_Scheduler_displayError		CODE           	1D8C	0000	32

SchedulerConfig.c estimated size: 189

SsdTask.c
		_SsdTask_Update		CODE           	0D7F	0000	297
		_SsdTask_SetSymbol		CODE           	1CD3	0000	22
		_SsdTask_Init  		CODE           	1602	0000	113
		_SsdTask_SetState		CODE           	1F91	0000	55

SsdTask.c estimated size: 487

Gpio.c
		_Gpio_InitPin  		CODE           	1157	0000	78
		_Gpio_GetPinState		CODE           	1E5F	0000	41
		_Gpio_SetPinState		CODE           	07C1	0000	62
		_Gpio_SetPortState		CODE           	1F08	0000	46

Gpio.c estimated size: 227

TempSensorTask.c
		_TempSensorTask_Update		CODE           	0C79	0000	263
		_TempSensorTask_Init		CODE           	1594	0000	111
		_TempSensorTask_GetAverage		CODE           	1C5F	0000	19

TempSensorTask.c estimated size: 393

Adc.c
		_Adc_GetState  		CODE           	1CE8	0000	22
		_Adc_Init      		CODE           	1C0F	0000	12

Adc.c estimated size: 34

C:\Program Files\Microchip\xc8\v2.20\pic\sources\c90\common\awmod.c
		___awmod       		CODE           	133D	0000	92

C:\Program Files\Microchip\xc8\v2.20\pic\sources\c90\common\awmod.c estimated size: 92

shared
		__initialization		CODE           	0015	0000	55
		__fptable      		ENTRY          	004F	0000	25
		i1___bmul      		CODE           	1CA9	0000	22

shared estimated size: 102

WaterHeater.c
		_HeaterTask_Init		CODE           	054B	0000	631
		_HeaterTask_Update		CODE           	0067	0000	1253

WaterHeater.c estimated size: 1884

C:\Program Files\Microchip\xc8\v2.20\pic\sources\c90\common\Umul16.c
		___wmul        		CODE           	1E10	0000	40

C:\Program Files\Microchip\xc8\v2.20\pic\sources\c90\common\Umul16.c estimated size: 40

C:\Program Files\Microchip\xc8\v2.20\pic\sources\c90\common\lwdiv.c
		___lwdiv       		CODE           	10C9	0000	71

C:\Program Files\Microchip\xc8\v2.20\pic\sources\c90\common\lwdiv.c estimated size: 71

TempSensor.c
		_TempSensor_GetState		CODE           	1672	0000	115
		_TempSensor_Init		CODE           	0AC7	0000	210

TempSensor.c estimated size: 325

Switch.c
		_Switch_Init   		CODE           	1F35	0000	46
		_Switch_GetState		CODE           	1D58	0000	26

Switch.c estimated size: 72

LedTask.c
		_LedTask_Init  		CODE           	128E	0000	87
		_LedTask_SetState		CODE           	11F1	0000	78
		_LedTask_Update		CODE           	0B98	0000	226

LedTask.c estimated size: 391

Eeprom.c
		_Eeprom_ReadPage		CODE           	1398	0000	98
		_Eeprom_Read   		CODE           	1085	0000	69
		_Eeprom_Init   		CODE           	1EDC	0000	45
		_Eeprom_Write  		CODE           	1F62	0000	48
		_Eeprom_WritePage		CODE           	11A4	0000	78

Eeprom.c estimated size: 338

C:\Program Files\Microchip\xc8\v2.20\pic\sources\c90\common\Umul8.c
		___bmul        		CODE           	1D12	0000	24

C:\Program Files\Microchip\xc8\v2.20\pic\sources\c90\common\Umul8.c estimated size: 24

main.c
		_SysTick_Handler		CODE           	1CBE	0000	22
		_main          		CODE           	0EA7	0000	346

main.c estimated size: 368

C:\Program Files\Microchip\xc8\v2.20\pic\sources\c90\common\awdiv.c
		___awdiv       		CODE           	14C2	0000	106

C:\Program Files\Microchip\xc8\v2.20\pic\sources\c90\common\awdiv.c estimated size: 106

