Microchip MPLAB XC8 Compiler V2.20

Linker command line:

-W-3 --edf=C:\Program Files\Microchip\xc8\v2.20\pic\dat\en_msgs.txt -cn \
  -h+dist/default/production\WaterHeatingSystem.X.production.sym \
  --cmf=dist/default/production\WaterHeatingSystem.X.production.cmf -z \
  -Q16F877A -oC:\Users\Lenovo\AppData\Local\Temp\sqj4.2 \
  --defsym=__MPLAB_BUILD=1 \
  -Mdist/default/production/WaterHeatingSystem.X.production.map -E1 \
  -ver=XC8 Compiler --acfsm=1493 -ASTACK=0110h-016Fh -pstack=STACK \
  -ACODE=00h-07FFhx4 -ASTRCODE=00h-01FFFh -ASTRING=00h-0FFhx32 \
  -ACONST=00h-0FFhx32 -AENTRY=00h-0FFhx32 -ACOMMON=070h-07Fh \
  -ABANK0=020h-06Fh -ABANK1=0A0h-0EFh -ABANK2=0110h-016Fh \
  -ABANK3=0190h-01EFh -ARAM=020h-06Fh,0A0h-0EFh,0110h-016Fh,0190h-01EFh \
  -AABS1=020h-07Fh,0A0h-0EFh,0110h-016Fh,0190h-01EFh -ASFR0=00h-01Fh \
  -ASFR1=080h-09Fh -ASFR2=0100h-010Fh -ASFR3=0180h-018Fh \
  -ACONFIG=02007h-02007h -DCONFIG=2 -AIDLOC=02000h-02003h -DIDLOC=2 \
  -preset_vec=00h,intentry=04h,init,end_init -ppowerup=CODE -pcinit=CODE \
  -pfunctab=ENTRY -AEEDATA=00h-0FFh/02100h -peeprom_data=EEDATA -DEEDATA=2 \
  -DCODE=2 -DSTRCODE=2 -DSTRING=2 -DCONST=2 -DENTRY=2 -k \
  C:\Users\Lenovo\AppData\Local\Temp\sqj4.o \
  dist/default/production\WaterHeatingSystem.X.production.o 

Object code version is 3.11

Machine type is 16F877A



                Name                               Link     Load   Length Selector   Space Scale
C:\Users\Lenovo\AppData\Local\Temp\sqj4.o
                end_init                             12       12        3        8       0
                reset_vec                             0        0        3        0       0
                config                             2007     2007        1        0       4
dist/default/production\WaterHeatingSystem.X.production.o
                cinit                                15       15       3A        8       0
                functab                              4F       4F       18       9E       0
                intentry                              4        4        E        8       0
                config                             2007     2007        1        0       4
                text79                             1BE2     1BE2       15     37C4       0
                text78                             1772     1772       8E     2EE4       0
                text77                             1BF7     1BF7       15     37EE       0
                text76                             11F5     11F5       4D     23EA       0
                text75                             154E     154E       68     2A9C       0
                text74                             1E31     1E31       2A     3C62       0
                text73                             1EDA     1EDA       2C     3DB4       0
                text72                             1B6B     1B6B        D     36D6       0
                text71                             1B27     1B27        B     364E       0
                text70                             1B32     1B32        B     3664       0
                text69                             1B3D     1B3D        B     367A       0
                text68                             1C7B     1C7B       18     38F6       0
                text67                             1B78     1B78       10     36F0       0
                text66                             1CAC     1CAC       1B     3958       0
                text65                             10D8     10D8       44     21B0       0
                text64                             1B88     1B88       10     3710       0
                text63                             14ED     14ED       61     29DA       0
                text62                             1F33     1F33       2F     3E66       0
                text61                             1242     1242       4D     2484       0
                text60                             1FC7     1FC7       39     3F8E       0
                text59                             1060     1060       3B     20C0       0
                text58                             1C36     1C36       17     386C       0
                text57                              55A      55A      287       CE       0
                text56                             12DC     12DC       4F     25B8       0
                text55                             142F     142F       5F     285E       0
                text54                             1E5B     1E5B       2A     3CB6       0
                text53                              8F5      8F5       90     11EA       0
                text52                             111C     111C       46     2238       0
                text51                             128F     128F       4D     251E       0
                text50                             1F91     1F91       36     3F22       0
                text49                             1C0C     1C0C       15     3818       0
                text48                             1DE1     1DE1       28     3BC2       0
                text47                             1B53     1B53        C     36A6       0
                text46                             1B98     1B98       12     3730       0
                text45                             15B6     15B6       69     2B6C       0
                text44                             13D4     13D4       5B     27A8       0
                text43                             109B     109B       3D     2136       0
                text42                             132B     132B       50     2656       0
                text41                              800      800       67     1000       0
                text40                                3        3        1        0       0
                text39                             1C4D     1C4D       17     389A       0
                text38                              7E1      7E1       1F       CE       0
                text37                             1BAA     1BAA       12     3754       0
                text36                             1EAF     1EAF       2B     3D5E       0
                text35                             1F06     1F06       2D     3E0C       0
                text34                             1027     1027       39     204E       0
                text33                             1E09     1E09       28     3C12       0
                text32                             1C93     1C93       19     3926       0
                text31                             137B     137B       59     26F6       0
                text30                             1C21     1C21       15     3842       0
                text29                             1162     1162       48     22C4       0
                text28                             1700     1700       72     2E00       0
                text27                              C68      C68      114     18D0       0
                text26                              AC0      AC0       B6     1580       0
                text25                             1D06     1D06       23     3A0C       0
                text24                              B76      B76       F2     16EC       0
                text23                              D7C      D7C      137     1AF8       0
                text22                               67       67      4F3       CE       0
                text21                              985      985       92     130A       0
                text20                             1CE4     1CE4       22     39C8       0
                text19                             1BBC     1BBC       13     3778       0
                text18                             1000     1000       27     1D66       0
                text17                             1D29     1D29       24     3A52       0
                text16                             1B5F     1B5F        C     36BE       0
                text15                              867      867       8E     10CE       0
                text14                             168F     168F       71     2D1E       0
                text13                             1D4D     1D4D       25     3A9A       0
                text12                             1D72     1D72       25     3AE4       0
                text11                             1F62     1F62       2F     3EC4       0
                text10                             11AA     11AA       4B     2354       0
                text9                              1C64     1C64       17     38C8       0
                text8                              148E     148E       5F     291C       0
                text7                              1CC7     1CC7       1D     398E       0
                text6                              1D97     1D97       25     3B2E       0
                text5                              1DBC     1DBC       25     3B78       0
                text4                              1B48     1B48        B     3690       0
                text3                               A17      A17       A9     142E       0
                text2                              161F     161F       70     2C3E       0
                text1                              1E85     1E85       2A     3D0A       0
                maintext                            EB3      EB3      14D     1D66       0
                cstackBANK0                          20       20       2F       20       1
                cstackCOMMON                         70       70        A       70       1
                clrtext                            1B0B     1B0B        8     3616       0
                inittext                           1BCF     1BCF       13     379E       0
                dataBANK3                           1C8      1C8        A      190       1
                bssBANK3                            190      190       38      190       1
                dataBANK1                            E6       E6        A       A0       1
                bssBANK1                             A0       A0       46       A0       1
                bssBANK0                             4F       4F       1C       20       1
                idataBANK3                         1B13     1B13        A     3626       0
                idataBANK1                         1B1D     1B1D        A     363A       0

TOTAL           Name                               Link     Load   Length     Space
        CLASS   STACK          

        CLASS   CODE           
                end_init                             12       12        3         0
                cinit                                15       15       3A         0
                intentry                              4        4        E         0
                reset_vec                             0        0        3         0
                text79                             1BE2     1BE2       15         0
                text78                             1772     1772       8E         0
                text77                             1BF7     1BF7       15         0
                text76                             11F5     11F5       4D         0
                text75                             154E     154E       68         0
                text74                             1E31     1E31       2A         0
                text73                             1EDA     1EDA       2C         0
                text72                             1B6B     1B6B        D         0
                text71                             1B27     1B27        B         0
                text70                             1B32     1B32        B         0
                text69                             1B3D     1B3D        B         0
                text68                             1C7B     1C7B       18         0
                text67                             1B78     1B78       10         0
                text66                             1CAC     1CAC       1B         0
                text65                             10D8     10D8       44         0
                text64                             1B88     1B88       10         0
                text63                             14ED     14ED       61         0
                text62                             1F33     1F33       2F         0
                text61                             1242     1242       4D         0
                text60                             1FC7     1FC7       39         0
                text59                             1060     1060       3B         0
                text58                             1C36     1C36       17         0
                text57                              55A      55A      287         0
                text56                             12DC     12DC       4F         0
                text55                             142F     142F       5F         0
                text54                             1E5B     1E5B       2A         0
                text53                              8F5      8F5       90         0
                text52                             111C     111C       46         0
                text51                             128F     128F       4D         0
                text50                             1F91     1F91       36         0
                text49                             1C0C     1C0C       15         0
                text48                             1DE1     1DE1       28         0
                text47                             1B53     1B53        C         0
                text46                             1B98     1B98       12         0
                text45                             15B6     15B6       69         0
                text44                             13D4     13D4       5B         0
                text43                             109B     109B       3D         0
                text42                             132B     132B       50         0
                text41                              800      800       67         0
                text40                                3        3        1         0
                text39                             1C4D     1C4D       17         0
                text38                              7E1      7E1       1F         0
                text37                             1BAA     1BAA       12         0
                text36                             1EAF     1EAF       2B         0
                text35                             1F06     1F06       2D         0
                text34                             1027     1027       39         0
                text33                             1E09     1E09       28         0
                text32                             1C93     1C93       19         0
                text31                             137B     137B       59         0
                text30                             1C21     1C21       15         0
                text29                             1162     1162       48         0
                text28                             1700     1700       72         0
                text27                              C68      C68      114         0
                text26                              AC0      AC0       B6         0
                text25                             1D06     1D06       23         0
                text24                              B76      B76       F2         0
                text23                              D7C      D7C      137         0
                text22                               67       67      4F3         0
                text21                              985      985       92         0
                text20                             1CE4     1CE4       22         0
                text19                             1BBC     1BBC       13         0
                text18                             1000     1000       27         0
                text17                             1D29     1D29       24         0
                text16                             1B5F     1B5F        C         0
                text15                              867      867       8E         0
                text14                             168F     168F       71         0
                text13                             1D4D     1D4D       25         0
                text12                             1D72     1D72       25         0
                text11                             1F62     1F62       2F         0
                text10                             11AA     11AA       4B         0
                text9                              1C64     1C64       17         0
                text8                              148E     148E       5F         0
                text7                              1CC7     1CC7       1D         0
                text6                              1D97     1D97       25         0
                text5                              1DBC     1DBC       25         0
                text4                              1B48     1B48        B         0
                text3                               A17      A17       A9         0
                text2                              161F     161F       70         0
                text1                              1E85     1E85       2A         0
                maintext                            EB3      EB3      14D         0
                clrtext                            1B0B     1B0B        8         0
                inittext                           1BCF     1BCF       13         0
                idataBANK3                         1B13     1B13        A         0
                idataBANK1                         1B1D     1B1D        A         0

        CLASS   STRCODE        

        CLASS   STRING         

        CLASS   CONST          

        CLASS   ENTRY          
                functab                              4F       4F       18         0

        CLASS   COMMON         
                cstackCOMMON                         70       70        A         1

        CLASS   BANK0          
                cstackBANK0                          20       20       2F         1
                bssBANK0                             4F       4F       1C         1

        CLASS   BANK1          
                dataBANK1                            E6       E6        A         1
                bssBANK1                             A0       A0       46         1

        CLASS   BANK2          

        CLASS   BANK3          
                dataBANK3                           1C8      1C8        A         1
                bssBANK3                            190      190       38         1

        CLASS   RAM            

        CLASS   ABS1           
                abs_s1                               7E       7E        2         1

        CLASS   SFR0           

        CLASS   SFR1           

        CLASS   SFR2           

        CLASS   SFR3           

        CLASS   CONFIG         
                config                             2007     2007        1         4

        CLASS   IDLOC          

        CLASS   EEDATA         



SEGMENTS        Name                           Load    Length   Top    Selector   Space  Class     Delta

                reset_vec                      000000  000004  000004         0       0  CODE        2
                intentry                       000004  00004B  00004F         8       0  CODE        2
                cstackBANK0                    000020  00004B  00006B        20       1  BANK0       1
                cstackCOMMON                   000070  00000A  00007A        70       1  COMMON      1
                functab                        00004F  000018  000067        9E       0  ENTRY       2
                bssBANK1                       0000A0  000050  0000F0        A0       1  BANK1       1
                text22                         000067  000799  000800        CE       0  CODE        2
                bssBANK3                       000190  000042  0001D2       190       1  BANK3       1
                text41                         000800  000067  000867      1000       0  CODE        2
                text15                         000867  00008E  0008F5      10CE       0  CODE        2
                text53                         0008F5  000090  000985      11EA       0  CODE        2
                text21                         000985  000092  000A17      130A       0  CODE        2
                text3                          000A17  0000A9  000AC0      142E       0  CODE        2
                text26                         000AC0  0000B6  000B76      1580       0  CODE        2
                text24                         000B76  0000F2  000C68      16EC       0  CODE        2
                text27                         000C68  000114  000D7C      18D0       0  CODE        2
                text23                         000D7C  000137  000EB3      1AF8       0  CODE        2
                maintext                       000EB3  000174  001027      1D66       0  CODE        2
                text34                         001027  000039  001060      204E       0  CODE        2
                text59                         001060  00003B  00109B      20C0       0  CODE        2
                text43                         00109B  00003D  0010D8      2136       0  CODE        2
                text65                         0010D8  000044  00111C      21B0       0  CODE        2
                text52                         00111C  000046  001162      2238       0  CODE        2
                text29                         001162  000048  0011AA      22C4       0  CODE        2
                text10                         0011AA  00004B  0011F5      2354       0  CODE        2
                text76                         0011F5  00004D  001242      23EA       0  CODE        2
                text61                         001242  00004D  00128F      2484       0  CODE        2
                text51                         00128F  00004D  0012DC      251E       0  CODE        2
                text56                         0012DC  00004F  00132B      25B8       0  CODE        2
                text42                         00132B  000050  00137B      2656       0  CODE        2
                text31                         00137B  000059  0013D4      26F6       0  CODE        2
                text44                         0013D4  00005B  00142F      27A8       0  CODE        2
                text55                         00142F  00005F  00148E      285E       0  CODE        2
                text8                          00148E  00005F  0014ED      291C       0  CODE        2
                text63                         0014ED  000061  00154E      29DA       0  CODE        2
                text75                         00154E  000068  0015B6      2A9C       0  CODE        2
                text45                         0015B6  000069  00161F      2B6C       0  CODE        2
                text2                          00161F  000070  00168F      2C3E       0  CODE        2
                text14                         00168F  000071  001700      2D1E       0  CODE        2
                text28                         001700  000072  001772      2E00       0  CODE        2
                text78                         001772  00008E  001800      2EE4       0  CODE        2
                clrtext                        001B0B  000008  001B13      3616       0  CODE        2
                idataBANK3                     001B13  00000A  001B1D      3626       0  CODE        2
                idataBANK1                     001B1D  00000A  001B27      363A       0  CODE        2
                text71                         001B27  00000B  001B32      364E       0  CODE        2
                text70                         001B32  00000B  001B3D      3664       0  CODE        2
                text69                         001B3D  00000B  001B48      367A       0  CODE        2
                text4                          001B48  00000B  001B53      3690       0  CODE        2
                text47                         001B53  00000C  001B5F      36A6       0  CODE        2
                text16                         001B5F  00000C  001B6B      36BE       0  CODE        2
                text72                         001B6B  00000D  001B78      36D6       0  CODE        2
                text67                         001B78  000010  001B88      36F0       0  CODE        2
                text64                         001B88  000010  001B98      3710       0  CODE        2
                text46                         001B98  000012  001BAA      3730       0  CODE        2
                text37                         001BAA  000012  001BBC      3754       0  CODE        2
                text19                         001BBC  000013  001BCF      3778       0  CODE        2
                inittext                       001BCF  000013  001BE2      379E       0  CODE        2
                text79                         001BE2  000015  001BF7      37C4       0  CODE        2
                text77                         001BF7  000015  001C0C      37EE       0  CODE        2
                text49                         001C0C  000015  001C21      3818       0  CODE        2
                text30                         001C21  000015  001C36      3842       0  CODE        2
                text58                         001C36  000017  001C4D      386C       0  CODE        2
                text39                         001C4D  000017  001C64      389A       0  CODE        2
                text9                          001C64  000017  001C7B      38C8       0  CODE        2
                text68                         001C7B  000018  001C93      38F6       0  CODE        2
                text32                         001C93  000019  001CAC      3926       0  CODE        2
                text66                         001CAC  00001B  001CC7      3958       0  CODE        2
                text7                          001CC7  00001D  001CE4      398E       0  CODE        2
                text20                         001CE4  000022  001D06      39C8       0  CODE        2
                text25                         001D06  000023  001D29      3A0C       0  CODE        2
                text17                         001D29  000024  001D4D      3A52       0  CODE        2
                text13                         001D4D  000025  001D72      3A9A       0  CODE        2
                text12                         001D72  000025  001D97      3AE4       0  CODE        2
                text6                          001D97  000025  001DBC      3B2E       0  CODE        2
                text5                          001DBC  000025  001DE1      3B78       0  CODE        2
                text48                         001DE1  000028  001E09      3BC2       0  CODE        2
                text33                         001E09  000028  001E31      3C12       0  CODE        2
                text74                         001E31  00002A  001E5B      3C62       0  CODE        2
                text54                         001E5B  00002A  001E85      3CB6       0  CODE        2
                text1                          001E85  00002A  001EAF      3D0A       0  CODE        2
                text36                         001EAF  00002B  001EDA      3D5E       0  CODE        2
                text73                         001EDA  00002C  001F06      3DB4       0  CODE        2
                text35                         001F06  00002D  001F33      3E0C       0  CODE        2
                text62                         001F33  00002F  001F62      3E66       0  CODE        2
                text11                         001F62  00002F  001F91      3EC4       0  CODE        2
                text50                         001F91  000036  001FC7      3F22       0  CODE        2
                text60                         001FC7  000039  002000      3F8E       0  CODE        2


UNUSED ADDRESS RANGES

        Name                Unused          Largest block    Delta
        BANK0            006B-006F              5           1
        BANK2            0110-016F             60           1
        BANK3            01D2-01EF             1E           1
        CODE             1800-1B0A            30B           2
        COMMON           007A-007D              4           1
        CONST            1800-1B0A            100           2
        EEDATA           2100-21FF            100           2
        ENTRY            1800-1B0A            100           2
        IDLOC            2000-2003              4           2
        RAM              006B-006F              5           1
                         0110-016F             60
                         01D2-01EF             1E
        SFR0             0000-001F             20           1
        SFR1             0080-009F             20           1
        SFR2             0100-010F             10           1
        SFR3             0180-018F             10           1
        STACK            0110-016F             60           1
        STRCODE          1800-1B0A            30B           2
        STRING           1800-1B0A            100           2

                                  Symbol Table

?_Adc_GetState                      cstackBANK0  0020
?___awdiv                           cstackBANK0  0023
?___awmod                           cstackBANK0  002B
?___lldiv                           cstackBANK0  0030
?___lmul                            cstackBANK0  0023
?___lwdiv                           cstackBANK0  0023
?___wmul                            cstackBANK0  0020
Eeprom_Read@Address                 cstackBANK0  0021
Eeprom_Read@Buffer                  cstackBANK0  0022
Eeprom_ReadPage@Address             cstackBANK0  0027
Eeprom_ReadPage@Buffer              cstackBANK0  0023
Eeprom_ReadPage@Length              cstackBANK0  0024
Eeprom_ReadPage@i                   cstackBANK0  0028
Eeprom_Write@Address                cstackBANK0  0024
Eeprom_Write@Buffer                 cstackBANK0  0023
Eeprom_WritePage@Address            cstackBANK0  0027
Eeprom_WritePage@Buffer             cstackBANK0  0023
Eeprom_WritePage@Length             cstackBANK0  0024
Eeprom_WritePage@i                  cstackBANK0  0028
Gpio_GetPinState@Id                 cstackBANK0  0026
Gpio_GetPinState@Pin                cstackBANK0  0020
Gpio_InitPin@Id                     cstackBANK0  0031
Gpio_InitPin@Mode                   cstackBANK0  0024
Gpio_InitPin@Pin                    cstackBANK0  0023
Gpio_SetPinState@Id                 cstackBANK0  002D
Gpio_SetPinState@Pin                cstackBANK0  0023
Gpio_SetPinState@State              cstackBANK0  0024
Gpio_SetPortState@Id                cstackBANK0  0029
Gpio_SetPortState@Pins              cstackBANK0  0020
Gpio_SetPortState@State             cstackBANK0  0021
HeaterTask_Init@Id                  cstackBANK0  0047
HeaterTask_Init@Index               cstackBANK0  0045
HeaterTask_Update@Id                cstackBANK0  0047
HeaterTask_Update@Paramter          cstackBANK0  0043
I2c_MasterInit@BaudRate             cstackBANK0  003E
I2c_MasterWrite@Buffer              cstackBANK0  0020
LedTask_Init@Id                     cstackBANK0  0034
LedTask_SetState@Id                 cstackBANK0  002F
LedTask_SetState@Period             cstackBANK0  002B
LedTask_SetState@State              cstackBANK0  002A
LedTask_Update@Id                   cstackBANK0  0047
Led_Init@Id                         cstackBANK0  0032
Led_SetGpio@GpioId                  cstackBANK0  0023
Led_SetGpio@Id                      cstackBANK0  0025
Led_SetGpio@Pin                     cstackBANK0  0024
Led_SetState@Id                     cstackBANK0  002F
Led_SetState@State                  cstackBANK0  002E
Scheduler_addTask@delay             cstackBANK0  0024
Scheduler_addTask@index             cstackBANK0  0027
Scheduler_addTask@paramter          cstackBANK0  0023
Scheduler_addTask@period            cstackBANK0  0025
Scheduler_addTask@task              cstackBANK0  0026
Scheduler_delaySoftwareMs@msDelay   cstackBANK0  0029
Scheduler_delaySoftwareUs@delay     cstackBANK0  0028
Scheduler_delaySoftwareUs@usDelay   cstackBANK0  0020
Scheduler_deleteTask@index          cstackBANK0  0023
Scheduler_dispatchTasks@index       cstackBANK0  004D
Scheduler_displayError@errorCode    cstackBANK0  0030
Scheduler_init@index                cstackBANK0  0024
Scheduler_initSysTick@msTickPeriod  cstackBANK0  0026
Scheduler_initSysTick@tickNumber    cstackBANK0  0028
Scheduler_update@index              cstackCOMMON 0074
SsdTask_Init@Id                     cstackBANK0  003A
SsdTask_SetState@Id                 cstackBANK0  002E
SsdTask_SetState@Period             cstackBANK0  002B
SsdTask_SetState@State              cstackBANK0  002A
SsdTask_SetSymbol@Id                cstackBANK0  0033
SsdTask_SetSymbol@Symbol            cstackBANK0  0031
SsdTask_Update@Id                   cstackBANK0  0048
Ssd_Init@Id                         cstackBANK0  0037
Ssd_Init@Pin                        cstackBANK0  0035
Ssd_SetGpioCtrl@GpioId              cstackBANK0  0020
Ssd_SetGpioCtrl@Id                  cstackBANK0  0023
Ssd_SetGpioCtrl@Pin                 cstackBANK0  0021
Ssd_SetGpioD0@GpioId                cstackBANK0  0020
Ssd_SetGpioD0@Id                    cstackBANK0  0023
Ssd_SetGpioD0@Pin                   cstackBANK0  0021
Ssd_SetState@Id                     cstackBANK0  0031
Ssd_SetState@State                  cstackBANK0  002E
Ssd_SetSymbol@Id                    cstackBANK0  002E
Ssd_SetSymbol@Symbol                cstackBANK0  002A
SwitchTask_GetState@Buffer          cstackBANK0  0023
SwitchTask_GetState@Id              cstackBANK0  0024
SwitchTask_Init@Id                  cstackBANK0  0036
SwitchTask_Update@Id                cstackBANK0  0044
Switch_GetState@Id                  cstackBANK0  0029
Switch_Init@Id                      cstackBANK0  0034
Switch_SetGpio@GpioId               cstackBANK0  0020
Switch_SetGpio@Id                   cstackBANK0  0023
Switch_SetGpio@Pin                  cstackBANK0  0021
TempControlTask_Init@Id             cstackBANK0  0036
TempControlTask_SetState@Id         cstackBANK0  0021
TempControlTask_SetState@State      cstackBANK0  0020
TempControlTask_Update@Id           cstackBANK0  0044
TempControl_Init@Id                 cstackBANK0  0034
TempControl_SetGpioC@GpioId         cstackBANK0  0020
TempControl_SetGpioC@Id             cstackBANK0  0023
TempControl_SetGpioC@Pin            cstackBANK0  0021
TempControl_SetGpioH@GpioId         cstackBANK0  0020
TempControl_SetGpioH@Id             cstackBANK0  0023
TempControl_SetGpioH@Pin            cstackBANK0  0021
TempControl_SetState@Id             cstackBANK0  0032
TempControl_SetState@State          cstackBANK0  002E
TempSensorTask_GetAverage@Id        cstackBANK0  0023
TempSensorTask_Init@Id              cstackBANK0  0037
TempSensorTask_Init@Index           cstackBANK0  0035
TempSensorTask_Update@Id            cstackBANK0  0049
TempSensorTask_Update@Index         cstackBANK0  0047
TempSensor_GetState@Id              cstackBANK0  0042
TempSensor_Init@Id                  cstackBANK0  0032
TempSensor_SetGpio@GpioId           cstackBANK0  0023
TempSensor_SetGpio@Id               cstackBANK0  0025
TempSensor_SetGpio@Pin              cstackBANK0  0024
Timer1Init@TicksNumber              cstackBANK0  0020
_ADCON0                             (abs)        001F
_ADCON1                             (abs)        009F
_ADRESH                             (abs)        001E
_ADRESL                             (abs)        009E
_Adc_GetState                       text30       1C21
_Adc_Init                           text4        1B48
_CCP1CON                            (abs)        0017
_CCPR1H                             (abs)        0016
_CCPR1L                             (abs)        0015
_Eeprom_Init                        text73       1EDA
_Eeprom_Read                        text65       10D8
_Eeprom_ReadPage                    text63       14ED
_Eeprom_Write                       text62       1F33
_Eeprom_WritePage                   text61       1242
_Gpio                               dataBANK1    00E6
_Gpio_GetPinState                   text33       1E09
_Gpio_InitPin                       text76       11F5
_Gpio_SetPinState                   text43       109B
_Gpio_SetPortState                  text35       1F06
_Heater                             bssBANK0     0054
_HeaterTask_Init                    text57       055A
_HeaterTask_Update                  text22       0067
_I2c_ACK                            text64       1B88
_I2c_MasterInit                     text74       1E31
_I2c_MasterRepeatedStart            text71       1B27
_I2c_MasterStart                    text70       1B32
_I2c_MasterStop                     text69       1B3D
_I2c_MasterWait                     text72       1B6B
_I2c_MasterWrite                    text68       1C7B
_I2c_NACK                           text67       1B78
_I2c_Read                           text66       1CAC
_INTCON                             (abs)        000B
_INTCONbits                         (abs)        000B
_Led                                bssBANK1     00D8
_LedTask                            bssBANK1     00BD
_LedTask_Init                       text55       142F
_LedTask_SetState                   text51       128F
_LedTask_SetState$1424              cstackBANK0  002D
_LedTask_Update                     text24       0B76
_LedTask_Update$1460                cstackBANK0  0046
_Led_Init                           text56       12DC
_Led_SetGpio                        text54       1E5B
_Led_SetState                       text42       132B
_OPTION_REG                         (abs)        0081
_PIE1                               (abs)        008C
_PIR1                               (abs)        000C
_PORTA                              (abs)        0005
_PORTB                              (abs)        0006
_PORTC                              (abs)        0007
_PORTD                              (abs)        0008
_PORTE                              (abs)        0009
_SSPADD                             (abs)        0093
_SSPBUF                             (abs)        0013
_SSPCON                             (abs)        0014
_SSPCON2                            (abs)        0091
_SSPSTAT                            (abs)        0094
_Scheduler_addTask                  text53       08F5
_Scheduler_delaySoftwareMs          text59       1060
_Scheduler_delaySoftwareUs          text60       1FC7
_Scheduler_deleteTask               text41       0800
_Scheduler_dispatchTasks            text21       0985
_Scheduler_dispatchTasks$1454       cstackBANK0  004B
_Scheduler_dispatchTasks$1459       cstackBANK0  004C
_Scheduler_displayError             text38       07E1
_Scheduler_goToSleep                text39       1C4D
_Scheduler_init                     text20       1CE4
_Scheduler_initSysTick              text17       1D29
_Scheduler_reportStatus             text37       1BAA
_Scheduler_sleepHardware            text40       0003
_Scheduler_start                    text16       1B5F
_Scheduler_update                   text78       1772
_Ssd                                bssBANK1     00DE
_SsdSymbolPattern                   dataBANK3    01C8
_SsdTask                            bssBANK1     00A0
_SsdTask_Init                       text14       168F
_SsdTask_SetState                   text50       1F91
_SsdTask_SetSymbol                  text49       1C0C
_SsdTask_Update                     text23       0D7C
_Ssd_Init                           text15       0867
_Ssd_SetGpioCtrl                    text13       1D4D
_Ssd_SetGpioD0                      text12       1D72
_Ssd_SetState                       text36       1EAF
_Ssd_SetSymbol                      text34       1027
_Switch                             bssBANK1     00D2
_SwitchTask                         bssBANK1     00C9
_SwitchTask_GetState                text48       1DE1
_SwitchTask_Init                    text10       11AA
_SwitchTask_Update                  text26       0AC0
_Switch_GetState                    text32       1C93
_Switch_Init                        text11       1F62
_Switch_SetGpio                     text9        1C64
_SysTick_Handler                    text77       1BF7
_T1CON                              (abs)        0010
_TMR0                               (abs)        0001
_TMR1H                              (abs)        000F
_TMR1L                              (abs)        000E
_TempControl                        bssBANK0     004F
_TempControlTask                    bssBANK0     0053
_TempControlTask_Init               text7        1CC7
_TempControlTask_SetState           text47       1B53
_TempControlTask_Update             text25       1D06
_TempControl_Init                   text8        148E
_TempControl_SetGpioC               text6        1D97
_TempControl_SetGpioH               text5        1DBC
_TempControl_SetState               text31       137B
_TempSensor                         bssBANK1     00B0
_TempSensorTask                     bssBANK3     01BA
_TempSensorTask_GetAverage          text46       1B98
_TempSensorTask_Init                text2        161F
_TempSensorTask_Update              text27       0C68
_TempSensor_GetState                text28       1700
_TempSensor_Init                    text3        0A17
_TempSensor_SetGpio                 text1        1E85
_Timer1Init                         text19       1BBC
__Habs1                             abs1         0000
__Hbank0                            bank0        0000
__Hbank1                            bank1        0000
__Hbank2                            bank2        0000
__Hbank3                            bank3        0000
__HbssBANK0                         bssBANK0     0000
__HbssBANK1                         bssBANK1     0000
__HbssBANK3                         bssBANK3     0000
__Hcinit                            cinit        004F
__Hclrtext                          clrtext      0000
__Hcode                             code         0000
__Hcommon                           common       0000
__Hconfig                           config       2008
__HcstackBANK0                      cstackBANK0  0000
__HcstackCOMMON                     cstackCOMMON 0000
__HdataBANK1                        dataBANK1    0000
__HdataBANK3                        dataBANK3    0000
__Heeprom_data                      eeprom_data  0000
__Hend_init                         end_init     0015
__Hfunctab                          functab      0067
__HidataBANK1                       idataBANK1   0000
__HidataBANK3                       idataBANK3   0000
__Hinit                             init         0012
__Hinittext                         inittext     0000
__Hintentry                         intentry     0012
__Hmaintext                         maintext     0000
__Hpowerup                          powerup      0000
__Hram                              ram          0000
__Hreset_vec                        reset_vec    0003
__Hsfr0                             sfr0         0000
__Hsfr1                             sfr1         0000
__Hsfr2                             sfr2         0000
__Hsfr3                             sfr3         0000
__Hspace_0                          (abs)        2000
__Hspace_1                          (abs)        01D2
__Hspace_2                          (abs)        0000
__Hspace_3                          (abs)        0000
__Hspace_4                          (abs)        400F
__Hstack                            stack        0000
__Hstrings                          strings      0000
__Htext                             text         0000
__Labs1                             abs1         0000
__Lbank0                            bank0        0000
__Lbank1                            bank1        0000
__Lbank2                            bank2        0000
__Lbank3                            bank3        0000
__LbssBANK0                         bssBANK0     0000
__LbssBANK1                         bssBANK1     0000
__LbssBANK3                         bssBANK3     0000
__Lcinit                            cinit        0015
__Lclrtext                          clrtext      0000
__Lcode                             code         0000
__Lcommon                           common       0000
__Lconfig                           config       0000
__LcstackBANK0                      cstackBANK0  0000
__LcstackCOMMON                     cstackCOMMON 0000
__LdataBANK1                        dataBANK1    0000
__LdataBANK3                        dataBANK3    0000
__Leeprom_data                      eeprom_data  0000
__Lend_init                         end_init     0012
__Lfunctab                          functab      004F
__LidataBANK1                       idataBANK1   0000
__LidataBANK3                       idataBANK3   0000
__Linit                             init         0012
__Linittext                         inittext     0000
__Lintentry                         intentry     0004
__Lmaintext                         maintext     0000
__Lpowerup                          powerup      0000
__Lram                              ram          0000
__Lreset_vec                        reset_vec    0000
__Lsfr0                             sfr0         0000
__Lsfr1                             sfr1         0000
__Lsfr2                             sfr2         0000
__Lsfr3                             sfr3         0000
__Lspace_0                          (abs)        0000
__Lspace_1                          (abs)        0000
__Lspace_2                          (abs)        0000
__Lspace_3                          (abs)        0000
__Lspace_4                          (abs)        0000
__Lstack                            stack        0000
__Lstrings                          strings      0000
__Ltext                             text         0000
__S0                                (abs)        2000
__S1                                (abs)        01D2
__S2                                (abs)        0000
__S3                                (abs)        0000
___awdiv                            text45       15B6
___awdiv@counter                    cstackBANK0  0027
___awdiv@dividend                   cstackBANK0  0025
___awdiv@divisor                    cstackBANK0  0023
___awdiv@quotient                   cstackBANK0  0029
___awdiv@sign                       cstackBANK0  0028
___awmod                            text44       13D4
___awmod@counter                    cstackBANK0  002F
___awmod@dividend                   cstackBANK0  002D
___awmod@divisor                    cstackBANK0  002B
___awmod@sign                       cstackBANK0  0030
___bmul                             text58       1C36
___bmul@multiplicand                cstackBANK0  0020
___bmul@multiplier                  cstackBANK0  0022
___bmul@product                     cstackBANK0  0021
___int_sp                           stack        0000
___latbits                          (abs)        0002
___lldiv                            text75       154E
___lldiv@counter                    cstackBANK0  003D
___lldiv@dividend                   cstackBANK0  0034
___lldiv@divisor                    cstackBANK0  0030
___lldiv@quotient                   cstackBANK0  0039
___lmul                             text29       1162
___lmul@multiplicand                cstackBANK0  0027
___lmul@multiplier                  cstackBANK0  0023
___lmul@product                     cstackBANK0  002C
___lwdiv                            text52       111C
___lwdiv@counter                    cstackBANK0  0029
___lwdiv@dividend                   cstackBANK0  0025
___lwdiv@divisor                    cstackBANK0  0023
___lwdiv@quotient                   cstackBANK0  0027
___sp                               stack        0000
___stackhi                          (abs)        0000
___stacklo                          (abs)        0000
___wmul                             text18       1000
___wmul@multiplicand                cstackBANK0  0022
___wmul@multiplier                  cstackBANK0  0020
___wmul@product                     cstackBANK0  0024
__end_of_Adc_GetState               text30       1C36
__end_of_Adc_Init                   text4        1B53
__end_of_Eeprom_Init                text73       1F06
__end_of_Eeprom_Read                text65       111C
__end_of_Eeprom_ReadPage            text63       154E
__end_of_Eeprom_Write               text62       1F62
__end_of_Eeprom_WritePage           text61       128F
__end_of_Gpio_GetPinState           text33       1E31
__end_of_Gpio_InitPin               text76       1242
__end_of_Gpio_SetPinState           text43       10D8
__end_of_Gpio_SetPortState          text35       1F33
__end_of_HeaterTask_Init            text57       07E1
__end_of_HeaterTask_Update          text22       055A
__end_of_I2c_ACK                    text64       1B98
__end_of_I2c_MasterInit             text74       1E5B
__end_of_I2c_MasterRepeatedStart    text71       1B32
__end_of_I2c_MasterStart            text70       1B3D
__end_of_I2c_MasterStop             text69       1B48
__end_of_I2c_MasterWait             text72       1B78
__end_of_I2c_MasterWrite            text68       1C93
__end_of_I2c_NACK                   text67       1B88
__end_of_I2c_Read                   text66       1CC7
__end_of_LedTask_Init               text55       148E
__end_of_LedTask_SetState           text51       12DC
__end_of_LedTask_Update             text24       0C68
__end_of_Led_Init                   text56       132B
__end_of_Led_SetGpio                text54       1E85
__end_of_Led_SetState               text42       137B
__end_of_Scheduler_addTask          text53       0985
__end_of_Scheduler_delaySoftwareMs  text59       109B
__end_of_Scheduler_delaySoftwareUs  text60       2000
__end_of_Scheduler_deleteTask       text41       0867
__end_of_Scheduler_dispatchTasks    text21       0A17
__end_of_Scheduler_displayError     text38       0800
__end_of_Scheduler_goToSleep        text39       1C64
__end_of_Scheduler_init             text20       1D06
__end_of_Scheduler_initSysTick      text17       1D4D
__end_of_Scheduler_reportStatus     text37       1BBC
__end_of_Scheduler_sleepHardware    text40       0004
__end_of_Scheduler_start            text16       1B6B
__end_of_Scheduler_update           text78       1800
__end_of_SsdTask_Init               text14       1700
__end_of_SsdTask_SetState           text50       1FC7
__end_of_SsdTask_SetSymbol          text49       1C21
__end_of_SsdTask_Update             text23       0EB3
__end_of_Ssd_Init                   text15       08F5
__end_of_Ssd_SetGpioCtrl            text13       1D72
__end_of_Ssd_SetGpioD0              text12       1D97
__end_of_Ssd_SetState               text36       1EDA
__end_of_Ssd_SetSymbol              text34       1060
__end_of_SwitchTask_GetState        text48       1E09
__end_of_SwitchTask_Init            text10       11F5
__end_of_SwitchTask_Update          text26       0B76
__end_of_Switch_GetState            text32       1CAC
__end_of_Switch_Init                text11       1F91
__end_of_Switch_SetGpio             text9        1C7B
__end_of_SysTick_Handler            text77       1C0C
__end_of_TempControlTask_Init       text7        1CE4
__end_of_TempControlTask_SetState   text47       1B5F
__end_of_TempControlTask_Update     text25       1D29
__end_of_TempControl_Init           text8        14ED
__end_of_TempControl_SetGpioC       text6        1DBC
__end_of_TempControl_SetGpioH       text5        1DE1
__end_of_TempControl_SetState       text31       13D4
__end_of_TempSensorTask_GetAverage  text46       1BAA
__end_of_TempSensorTask_Init        text2        168F
__end_of_TempSensorTask_Update      text27       0D7C
__end_of_TempSensor_GetState        text28       1772
__end_of_TempSensor_Init            text3        0AC0
__end_of_TempSensor_SetGpio         text1        1EAF
__end_of_Timer1Init                 text19       1BCF
__end_of___awdiv                    text45       161F
__end_of___awmod                    text44       142F
__end_of___bmul                     text58       1C4D
__end_of___lldiv                    text75       15B6
__end_of___lmul                     text29       11AA
__end_of___lwdiv                    text52       1162
__end_of___wmul                     text18       1027
__end_of__fptable                   functab      0067
__end_of__initialization            cinit        004B
__end_of_main                       maintext     1000
__end_ofi1___bmul                   text79       1BF7
__fptable                           functab      004F
__initialization                    cinit        0015
__pbssBANK0                         bssBANK0     004F
__pbssBANK1                         bssBANK1     00A0
__pbssBANK3                         bssBANK3     0190
__pcstackBANK0                      cstackBANK0  0020
__pcstackCOMMON                     cstackCOMMON 0070
__pdataBANK1                        dataBANK1    00E6
__pdataBANK3                        dataBANK3    01C8
__pfunctab                          functab      004F
__pidataBANK1                       idataBANK1   1B1D
__pidataBANK3                       idataBANK3   1B13
__pintentry                         intentry     0004
__pmaintext                         maintext     0EB3
__ptext1                            text1        1E85
__ptext10                           text10       11AA
__ptext11                           text11       1F62
__ptext12                           text12       1D72
__ptext13                           text13       1D4D
__ptext14                           text14       168F
__ptext15                           text15       0867
__ptext16                           text16       1B5F
__ptext17                           text17       1D29
__ptext18                           text18       1000
__ptext19                           text19       1BBC
__ptext2                            text2        161F
__ptext20                           text20       1CE4
__ptext21                           text21       0985
__ptext22                           text22       0067
__ptext23                           text23       0D7C
__ptext24                           text24       0B76
__ptext25                           text25       1D06
__ptext26                           text26       0AC0
__ptext27                           text27       0C68
__ptext28                           text28       1700
__ptext29                           text29       1162
__ptext3                            text3        0A17
__ptext30                           text30       1C21
__ptext31                           text31       137B
__ptext32                           text32       1C93
__ptext33                           text33       1E09
__ptext34                           text34       1027
__ptext35                           text35       1F06
__ptext36                           text36       1EAF
__ptext37                           text37       1BAA
__ptext38                           text38       07E1
__ptext39                           text39       1C4D
__ptext4                            text4        1B48
__ptext40                           text40       0003
__ptext41                           text41       0800
__ptext42                           text42       132B
__ptext43                           text43       109B
__ptext44                           text44       13D4
__ptext45                           text45       15B6
__ptext46                           text46       1B98
__ptext47                           text47       1B53
__ptext48                           text48       1DE1
__ptext49                           text49       1C0C
__ptext5                            text5        1DBC
__ptext50                           text50       1F91
__ptext51                           text51       128F
__ptext52                           text52       111C
__ptext53                           text53       08F5
__ptext54                           text54       1E5B
__ptext55                           text55       142F
__ptext56                           text56       12DC
__ptext57                           text57       055A
__ptext58                           text58       1C36
__ptext59                           text59       1060
__ptext6                            text6        1D97
__ptext60                           text60       1FC7
__ptext61                           text61       1242
__ptext62                           text62       1F33
__ptext63                           text63       14ED
__ptext64                           text64       1B88
__ptext65                           text65       10D8
__ptext66                           text66       1CAC
__ptext67                           text67       1B78
__ptext68                           text68       1C7B
__ptext69                           text69       1B3D
__ptext7                            text7        1CC7
__ptext70                           text70       1B32
__ptext71                           text71       1B27
__ptext72                           text72       1B6B
__ptext73                           text73       1EDA
__ptext74                           text74       1E31
__ptext75                           text75       154E
__ptext76                           text76       11F5
__ptext77                           text77       1BF7
__ptext78                           text78       1772
__ptext79                           text79       1BE2
__ptext8                            text8        148E
__ptext9                            text9        1C64
__size_of_Adc_GetState              (abs)        0000
__size_of_Adc_Init                  (abs)        0000
__size_of_Eeprom_Init               (abs)        0000
__size_of_Eeprom_Read               (abs)        0000
__size_of_Eeprom_ReadPage           (abs)        0000
__size_of_Eeprom_Write              (abs)        0000
__size_of_Eeprom_WritePage          (abs)        0000
__size_of_Gpio_GetPinState          (abs)        0000
__size_of_Gpio_InitPin              (abs)        0000
__size_of_Gpio_SetPinState          (abs)        0000
__size_of_Gpio_SetPortState         (abs)        0000
__size_of_HeaterTask_Init           (abs)        0000
__size_of_HeaterTask_Update         (abs)        0000
__size_of_I2c_ACK                   (abs)        0000
__size_of_I2c_MasterInit            (abs)        0000
__size_of_I2c_MasterRepeatedStart   (abs)        0000
__size_of_I2c_MasterStart           (abs)        0000
__size_of_I2c_MasterStop            (abs)        0000
__size_of_I2c_MasterWait            (abs)        0000
__size_of_I2c_MasterWrite           (abs)        0000
__size_of_I2c_NACK                  (abs)        0000
__size_of_I2c_Read                  (abs)        0000
__size_of_LedTask_Init              (abs)        0000
__size_of_LedTask_SetState          (abs)        0000
__size_of_LedTask_Update            (abs)        0000
__size_of_Led_Init                  (abs)        0000
__size_of_Led_SetGpio               (abs)        0000
__size_of_Led_SetState              (abs)        0000
__size_of_Scheduler_addTask         (abs)        0000
__size_of_Scheduler_delaySoftwareMs (abs)        0000
__size_of_Scheduler_delaySoftwareUs (abs)        0000
__size_of_Scheduler_deleteTask      (abs)        0000
__size_of_Scheduler_dispatchTasks   (abs)        0000
__size_of_Scheduler_displayError    (abs)        0000
__size_of_Scheduler_goToSleep       (abs)        0000
__size_of_Scheduler_init            (abs)        0000
__size_of_Scheduler_initSysTick     (abs)        0000
__size_of_Scheduler_reportStatus    (abs)        0000
__size_of_Scheduler_sleepHardware   (abs)        0000
__size_of_Scheduler_start           (abs)        0000
__size_of_Scheduler_update          (abs)        0000
__size_of_SsdTask_Init              (abs)        0000
__size_of_SsdTask_SetState          (abs)        0000
__size_of_SsdTask_SetSymbol         (abs)        0000
__size_of_SsdTask_Update            (abs)        0000
__size_of_Ssd_Init                  (abs)        0000
__size_of_Ssd_SetGpioCtrl           (abs)        0000
__size_of_Ssd_SetGpioD0             (abs)        0000
__size_of_Ssd_SetState              (abs)        0000
__size_of_Ssd_SetSymbol             (abs)        0000
__size_of_SwitchTask_GetState       (abs)        0000
__size_of_SwitchTask_Init           (abs)        0000
__size_of_SwitchTask_Update         (abs)        0000
__size_of_Switch_GetState           (abs)        0000
__size_of_Switch_Init               (abs)        0000
__size_of_Switch_SetGpio            (abs)        0000
__size_of_SysTick_Handler           (abs)        0000
__size_of_TempControlTask_Init      (abs)        0000
__size_of_TempControlTask_SetState  (abs)        0000
__size_of_TempControlTask_Update    (abs)        0000
__size_of_TempControl_Init          (abs)        0000
__size_of_TempControl_SetGpioC      (abs)        0000
__size_of_TempControl_SetGpioH      (abs)        0000
__size_of_TempControl_SetState      (abs)        0000
__size_of_TempSensorTask_GetAverage (abs)        0000
__size_of_TempSensorTask_Init       (abs)        0000
__size_of_TempSensorTask_Update     (abs)        0000
__size_of_TempSensor_GetState       (abs)        0000
__size_of_TempSensor_Init           (abs)        0000
__size_of_TempSensor_SetGpio        (abs)        0000
__size_of_Timer1Init                (abs)        0000
__size_of___awdiv                   (abs)        0000
__size_of___awmod                   (abs)        0000
__size_of___bmul                    (abs)        0000
__size_of___lldiv                   (abs)        0000
__size_of___lmul                    (abs)        0000
__size_of___lwdiv                   (abs)        0000
__size_of___wmul                    (abs)        0000
__size_of__fptable                  (abs)        0000
__size_of_main                      (abs)        0000
__size_ofi1___bmul                  (abs)        0000
_main                               maintext     0EB3
_scheduler                          bssBANK3     0190
btemp                               (abs)        007E
clear_ram0                          clrtext      1B0B
end_of_initialization               cinit        004B
fpbase                              functab      0054
fptable                             functab      004F
fptotal                             (abs)        000C
i1___bmul                           text79       1BE2
i1___bmul@multiplicand              cstackCOMMON 0070
i1___bmul@multiplier                cstackCOMMON 0072
i1___bmul@product                   cstackCOMMON 0071
init_fetch0                         inittext     1BCF
init_ram0                           inittext     1BD3
interrupt_function                  intentry     0004
intlevel0                           functab      004F
intlevel1                           functab      004F
intlevel2                           functab      004F
intlevel3                           functab      004F
intlevel4                           functab      004F
intlevel5                           functab      004F
reset_vec                           reset_vec    0000
saved_w                             (abs)        007E
start                               init         0012
start_initialization                cinit        0015
wtemp0                              (abs)        007E


FUNCTION INFORMATION:

 *************** function _main *****************
 Defined at:
		line 31 in file "main.c"
 Parameters:    Size  Location     Type
		None
 Auto vars:     Size  Location     Type
		None
 Return value:  Size  Location     Type
                  2   71[None  ] int 
 Registers used:
		wreg, fsr0l, fsr0h, status,2, status,0, btemp+1, pclath, cstack
 Tracked objects:
		On entry : 
		On exit  : 
		Unchanged: 
 Data sizes:     COMMON   BANK0   BANK1   BANK3   BANK2
      Params:         0       0       0       0       0
      Locals:         0       0       0       0       0
      Temps:          0       0       0       0       0
      Totals:         0       0       0       0       0
Total ram usage:        0 bytes
 Hardware stack levels required when called:    8
 This function calls:
		_HeaterTask_Init
		_LedTask_Init
		_Led_Init
		_Led_SetGpio
		_Scheduler_addTask
		_Scheduler_delaySoftwareUs
		_Scheduler_dispatchTasks
		_Scheduler_init
		_Scheduler_start
		_SsdTask_Init
		_Ssd_Init
		_Ssd_SetGpioCtrl
		_Ssd_SetGpioD0
		_SwitchTask_Init
		_Switch_Init
		_Switch_SetGpio
		_TempControlTask_Init
		_TempControl_Init
		_TempControl_SetGpioC
		_TempControl_SetGpioH
		_TempSensorTask_Init
		_TempSensor_Init
		_TempSensor_SetGpio
 This function is called by:
		Startup code after reset
 This function uses a non-reentrant model


 *************** function _TempSensor_SetGpio *****************
 Defined at:
		line 35 in file "TempSensor.c"
 Parameters:    Size  Location     Type
  Id              1    wreg     unsigned char 
  GpioId          1    3[BANK0 ] unsigned char 
  Pin             1    4[BANK0 ] unsigned char 
 Auto vars:     Size  Location     Type
  Id              1    5[BANK0 ] unsigned char 
 Return value:  Size  Location     Type
                  1    wreg      void 
 Registers used:
		wreg, fsr0l, fsr0h, status,2, status,0, btemp+1, pclath, cstack
 Tracked objects:
		On entry : 
		On exit  : 
		Unchanged: 
 Data sizes:     COMMON   BANK0   BANK1   BANK3   BANK2
      Params:         0       2       0       0       0
      Locals:         0       1       0       0       0
      Temps:          0       0       0       0       0
      Totals:         0       3       0       0       0
Total ram usage:        3 bytes
 Hardware stack levels used:    1
 Hardware stack levels required when called:    4
 This function calls:
		___bmul
 This function is called by:
		_main
 This function uses a non-reentrant model


 *************** function _TempSensorTask_Init *****************
 Defined at:
		line 13 in file "TempSensorTask.c"
 Parameters:    Size  Location     Type
		None
 Auto vars:     Size  Location     Type
  Index           2   21[BANK0 ] unsigned int 
  Id              2   23[BANK0 ] unsigned int 
 Return value:  Size  Location     Type
                  1    wreg      void 
 Registers used:
		wreg, fsr0l, fsr0h, status,2, status,0, btemp+1, pclath, cstack
 Tracked objects:
		On entry : 
		On exit  : 
		Unchanged: 
 Data sizes:     COMMON   BANK0   BANK1   BANK3   BANK2
      Params:         0       0       0       0       0
      Locals:         0       4       0       0       0
      Temps:          0       1       0       0       0
      Totals:         0       5       0       0       0
Total ram usage:        5 bytes
 Hardware stack levels used:    1
 Hardware stack levels required when called:    5
 This function calls:
		_TempSensor_Init
		___bmul
 This function is called by:
		_main
 This function uses a non-reentrant model


 *************** function _TempSensor_Init *****************
 Defined at:
		line 16 in file "TempSensor.c"
 Parameters:    Size  Location     Type
		None
 Auto vars:     Size  Location     Type
  Id              2   18[BANK0 ] unsigned int 
 Return value:  Size  Location     Type
                  1    wreg      void 
 Registers used:
		wreg, fsr0l, fsr0h, status,2, status,0, btemp+1, pclath, cstack
 Tracked objects:
		On entry : 
		On exit  : 
		Unchanged: 
 Data sizes:     COMMON   BANK0   BANK1   BANK3   BANK2
      Params:         0       0       0       0       0
      Locals:         0       2       0       0       0
      Temps:          0       0       0       0       0
      Totals:         0       2       0       0       0
Total ram usage:        2 bytes
 Hardware stack levels used:    1
 Hardware stack levels required when called:    4
 This function calls:
		_Adc_Init
		_Gpio_InitPin
		___bmul
 This function is called by:
		_main
		_TempSensorTask_Init
 This function uses a non-reentrant model


 *************** function _Adc_Init *****************
 Defined at:
		line 3 in file "Adc.c"
 Parameters:    Size  Location     Type
  Id              1    wreg     unsigned char 
 Auto vars:     Size  Location     Type
  Id              1    0[COMMON] unsigned char 
 Return value:  Size  Location     Type
                  1    wreg      void 
 Registers used:
		wreg, status,2
 Tracked objects:
		On entry : 
		On exit  : 
		Unchanged: 
 Data sizes:     COMMON   BANK0   BANK1   BANK3   BANK2
      Params:         0       0       0       0       0
      Locals:         0       0       0       0       0
      Temps:          0       0       0       0       0
      Totals:         0       0       0       0       0
Total ram usage:        0 bytes
 Hardware stack levels used:    1
 Hardware stack levels required when called:    3
 This function calls:
		Nothing
 This function is called by:
		_TempSensor_Init
 This function uses a non-reentrant model


 *************** function _TempControl_SetGpioH *****************
 Defined at:
		line 29 in file "TempControl.c"
 Parameters:    Size  Location     Type
  Id              1    wreg     unsigned char 
  GpioId          1    0[BANK0 ] unsigned char 
  Pin             1    1[BANK0 ] unsigned char 
 Auto vars:     Size  Location     Type
  Id              1    3[BANK0 ] unsigned char 
 Return value:  Size  Location     Type
                  1    wreg      void 
 Registers used:
		wreg, fsr0l, fsr0h, status,2, status,0, btemp+1
 Tracked objects:
		On entry : 
		On exit  : 
		Unchanged: 
 Data sizes:     COMMON   BANK0   BANK1   BANK3   BANK2
      Params:         0       2       0       0       0
      Locals:         0       1       0       0       0
      Temps:          0       1       0       0       0
      Totals:         0       4       0       0       0
Total ram usage:        4 bytes
 Hardware stack levels used:    1
 Hardware stack levels required when called:    3
 This function calls:
		Nothing
 This function is called by:
		_main
 This function uses a non-reentrant model


 *************** function _TempControl_SetGpioC *****************
 Defined at:
		line 35 in file "TempControl.c"
 Parameters:    Size  Location     Type
  Id              1    wreg     unsigned char 
  GpioId          1    0[BANK0 ] unsigned char 
  Pin             1    1[BANK0 ] unsigned char 
 Auto vars:     Size  Location     Type
  Id              1    3[BANK0 ] unsigned char 
 Return value:  Size  Location     Type
                  1    wreg      void 
 Registers used:
		wreg, fsr0l, fsr0h, status,2, status,0, btemp+1
 Tracked objects:
		On entry : 
		On exit  : 
		Unchanged: 
 Data sizes:     COMMON   BANK0   BANK1   BANK3   BANK2
      Params:         0       2       0       0       0
      Locals:         0       1       0       0       0
      Temps:          0       1       0       0       0
      Totals:         0       4       0       0       0
Total ram usage:        4 bytes
 Hardware stack levels used:    1
 Hardware stack levels required when called:    3
 This function calls:
		Nothing
 This function is called by:
		_main
 This function uses a non-reentrant model


 *************** function _TempControlTask_Init *****************
 Defined at:
		line 10 in file "TempControlTask.c"
 Parameters:    Size  Location     Type
		None
 Auto vars:     Size  Location     Type
  Id              2   22[BANK0 ] unsigned int 
 Return value:  Size  Location     Type
                  1    wreg      void 
 Registers used:
		wreg, fsr0l, fsr0h, status,2, status,0, btemp+1, pclath, cstack
 Tracked objects:
		On entry : 
		On exit  : 
		Unchanged: 
 Data sizes:     COMMON   BANK0   BANK1   BANK3   BANK2
      Params:         0       0       0       0       0
      Locals:         0       2       0       0       0
      Temps:          0       0       0       0       0
      Totals:         0       2       0       0       0
Total ram usage:        2 bytes
 Hardware stack levels used:    1
 Hardware stack levels required when called:    5
 This function calls:
		_TempControl_Init
 This function is called by:
		_main
 This function uses a non-reentrant model


 *************** function _TempControl_Init *****************
 Defined at:
		line 13 in file "TempControl.c"
 Parameters:    Size  Location     Type
		None
 Auto vars:     Size  Location     Type
  Id              2   20[BANK0 ] unsigned int 
 Return value:  Size  Location     Type
                  1    wreg      void 
 Registers used:
		wreg, fsr0l, fsr0h, status,2, status,0, btemp+1, pclath, cstack
 Tracked objects:
		On entry : 
		On exit  : 
		Unchanged: 
 Data sizes:     COMMON   BANK0   BANK1   BANK3   BANK2
      Params:         0       0       0       0       0
      Locals:         0       2       0       0       0
      Temps:          0       2       0       0       0
      Totals:         0       4       0       0       0
Total ram usage:        4 bytes
 Hardware stack levels used:    1
 Hardware stack levels required when called:    4
 This function calls:
		_Gpio_InitPin
 This function is called by:
		_main
		_TempControlTask_Init
 This function uses a non-reentrant model


 *************** function _Switch_SetGpio *****************
 Defined at:
		line 25 in file "Switch.c"
 Parameters:    Size  Location     Type
  Id              1    wreg     unsigned char 
  GpioId          1    0[BANK0 ] unsigned char 
  Pin             1    1[BANK0 ] unsigned char 
 Auto vars:     Size  Location     Type
  Id              1    3[BANK0 ] unsigned char 
 Return value:  Size  Location     Type
                  1    wreg      void 
 Registers used:
		wreg, fsr0l, fsr0h, status,2, status,0, btemp+1
 Tracked objects:
		On entry : 
		On exit  : 
		Unchanged: 
 Data sizes:     COMMON   BANK0   BANK1   BANK3   BANK2
      Params:         0       2       0       0       0
      Locals:         0       1       0       0       0
      Temps:          0       1       0       0       0
      Totals:         0       4       0       0       0
Total ram usage:        4 bytes
 Hardware stack levels used:    1
 Hardware stack levels required when called:    3
 This function calls:
		Nothing
 This function is called by:
		_main
 This function uses a non-reentrant model


 *************** function _SwitchTask_Init *****************
 Defined at:
		line 12 in file "SwitchTask.c"
 Parameters:    Size  Location     Type
		None
 Auto vars:     Size  Location     Type
  Id              2   22[BANK0 ] unsigned int 
 Return value:  Size  Location     Type
                  1    wreg      void 
 Registers used:
		wreg, fsr0l, fsr0h, status,2, status,0, btemp+1, pclath, cstack
 Tracked objects:
		On entry : 
		On exit  : 
		Unchanged: 
 Data sizes:     COMMON   BANK0   BANK1   BANK3   BANK2
      Params:         0       0       0       0       0
      Locals:         0       2       0       0       0
      Temps:          0       0       0       0       0
      Totals:         0       2       0       0       0
Total ram usage:        2 bytes
 Hardware stack levels used:    1
 Hardware stack levels required when called:    5
 This function calls:
		_Switch_Init
		___bmul
 This function is called by:
		_main
 This function uses a non-reentrant model


 *************** function _Switch_Init *****************
 Defined at:
		line 11 in file "Switch.c"
 Parameters:    Size  Location     Type
		None
 Auto vars:     Size  Location     Type
  Id              2   20[BANK0 ] unsigned int 
 Return value:  Size  Location     Type
                  1    wreg      void 
 Registers used:
		wreg, fsr0l, fsr0h, status,2, status,0, btemp+1, pclath, cstack
 Tracked objects:
		On entry : 
		On exit  : 
		Unchanged: 
 Data sizes:     COMMON   BANK0   BANK1   BANK3   BANK2
      Params:         0       0       0       0       0
      Locals:         0       2       0       0       0
      Temps:          0       2       0       0       0
      Totals:         0       4       0       0       0
Total ram usage:        4 bytes
 Hardware stack levels used:    1
 Hardware stack levels required when called:    4
 This function calls:
		_Gpio_InitPin
 This function is called by:
		_main
		_SwitchTask_Init
 This function uses a non-reentrant model


 *************** function _Ssd_SetGpioD0 *****************
 Defined at:
		line 44 in file "Ssd.c"
 Parameters:    Size  Location     Type
  Id              1    wreg     unsigned char 
  GpioId          1    0[BANK0 ] unsigned char 
  Pin             1    1[BANK0 ] unsigned char 
 Auto vars:     Size  Location     Type
  Id              1    3[BANK0 ] unsigned char 
 Return value:  Size  Location     Type
                  1    wreg      void 
 Registers used:
		wreg, fsr0l, fsr0h, status,2, status,0, btemp+1
 Tracked objects:
		On entry : 
		On exit  : 
		Unchanged: 
 Data sizes:     COMMON   BANK0   BANK1   BANK3   BANK2
      Params:         0       2       0       0       0
      Locals:         0       1       0       0       0
      Temps:          0       1       0       0       0
      Totals:         0       4       0       0       0
Total ram usage:        4 bytes
 Hardware stack levels used:    1
 Hardware stack levels required when called:    3
 This function calls:
		Nothing
 This function is called by:
		_main
 This function uses a non-reentrant model


 *************** function _Ssd_SetGpioCtrl *****************
 Defined at:
		line 38 in file "Ssd.c"
 Parameters:    Size  Location     Type
  Id              1    wreg     unsigned char 
  GpioId          1    0[BANK0 ] unsigned char 
  Pin             1    1[BANK0 ] unsigned char 
 Auto vars:     Size  Location     Type
  Id              1    3[BANK0 ] unsigned char 
 Return value:  Size  Location     Type
                  1    wreg      void 
 Registers used:
		wreg, fsr0l, fsr0h, status,2, status,0, btemp+1
 Tracked objects:
		On entry : 
		On exit  : 
		Unchanged: 
 Data sizes:     COMMON   BANK0   BANK1   BANK3   BANK2
      Params:         0       2       0       0       0
      Locals:         0       1       0       0       0
      Temps:          0       1       0       0       0
      Totals:         0       4       0       0       0
Total ram usage:        4 bytes
 Hardware stack levels used:    1
 Hardware stack levels required when called:    3
 This function calls:
		Nothing
 This function is called by:
		_main
 This function uses a non-reentrant model


 *************** function _SsdTask_Init *****************
 Defined at:
		line 15 in file "SsdTask.c"
 Parameters:    Size  Location     Type
		None
 Auto vars:     Size  Location     Type
  Id              2   26[BANK0 ] unsigned int 
 Return value:  Size  Location     Type
                  1    wreg      void 
 Registers used:
		wreg, fsr0l, fsr0h, status,2, status,0, btemp+1, pclath, cstack
 Tracked objects:
		On entry : 
		On exit  : 
		Unchanged: 
 Data sizes:     COMMON   BANK0   BANK1   BANK3   BANK2
      Params:         0       0       0       0       0
      Locals:         0       2       0       0       0
      Temps:          0       1       0       0       0
      Totals:         0       3       0       0       0
Total ram usage:        3 bytes
 Hardware stack levels used:    1
 Hardware stack levels required when called:    5
 This function calls:
		_Ssd_Init
 This function is called by:
		_main
 This function uses a non-reentrant model


 *************** function _Ssd_Init *****************
 Defined at:
[...]
		wreg, status,2, status,0, pclath, cstack
 Tracked objects:
		On entry : 
		On exit  : 
		Unchanged: 
 Data sizes:     COMMON   BANK0   BANK1   BANK3   BANK2
      Params:         0       0       0       0       0
      Locals:         0       0       0       0       0
      Temps:          0       0       0       0       0
      Totals:         0       0       0       0       0
Total ram usage:        0 bytes
 Hardware stack levels used:    1
 Hardware stack levels required when called:    4
 This function calls:
		_I2c_MasterWait
 This function is called by:
		_Eeprom_Read
		_Eeprom_ReadPage
 This function uses a non-reentrant model


 *************** function _I2c_NACK *****************
 Defined at:
		line 60 in file "I2c.c"
 Parameters:    Size  Location     Type
		None
 Auto vars:     Size  Location     Type
		None
 Return value:  Size  Location     Type
                  1    wreg      void 
 Registers used:
		wreg, status,2, status,0, pclath, cstack
 Tracked objects:
		On entry : 
		On exit  : 
		Unchanged: 
 Data sizes:     COMMON   BANK0   BANK1   BANK3   BANK2
      Params:         0       0       0       0       0
      Locals:         0       0       0       0       0
      Temps:          0       0       0       0       0
      Totals:         0       0       0       0       0
Total ram usage:        0 bytes
 Hardware stack levels used:    1
 Hardware stack levels required when called:    4
 This function calls:
		_I2c_MasterWait
 This function is called by:
		_Eeprom_Read
 This function uses a non-reentrant model


 *************** function _I2c_MasterWrite *****************
 Defined at:
		line 34 in file "I2c.c"
 Parameters:    Size  Location     Type
  Buffer          1    wreg     unsigned char 
 Auto vars:     Size  Location     Type
  Buffer          1    0[BANK0 ] unsigned char 
 Return value:  Size  Location     Type
                  1    wreg      unsigned char 
 Registers used:
		wreg, status,2, status,0, pclath, cstack
 Tracked objects:
		On entry : 
		On exit  : 
		Unchanged: 
 Data sizes:     COMMON   BANK0   BANK1   BANK3   BANK2
      Params:         0       0       0       0       0
      Locals:         0       1       0       0       0
      Temps:          0       0       0       0       0
      Totals:         0       1       0       0       0
Total ram usage:        1 bytes
 Hardware stack levels used:    1
 Hardware stack levels required when called:    4
 This function calls:
		_I2c_MasterWait
 This function is called by:
		_Eeprom_Write
		_Eeprom_WritePage
		_Eeprom_Read
		_Eeprom_ReadPage
 This function uses a non-reentrant model


 *************** function _I2c_MasterStop *****************
 Defined at:
		line 28 in file "I2c.c"
 Parameters:    Size  Location     Type
		None
 Auto vars:     Size  Location     Type
		None
 Return value:  Size  Location     Type
                  1    wreg      void 
 Registers used:
		wreg, status,2, status,0, pclath, cstack
 Tracked objects:
		On entry : 
		On exit  : 
		Unchanged: 
 Data sizes:     COMMON   BANK0   BANK1   BANK3   BANK2
      Params:         0       0       0       0       0
      Locals:         0       0       0       0       0
      Temps:          0       0       0       0       0
      Totals:         0       0       0       0       0
Total ram usage:        0 bytes
 Hardware stack levels used:    1
 Hardware stack levels required when called:    4
 This function calls:
		_I2c_MasterWait
 This function is called by:
		_Eeprom_Write
		_Eeprom_WritePage
		_Eeprom_Read
		_Eeprom_ReadPage
 This function uses a non-reentrant model


 *************** function _I2c_MasterStart *****************
 Defined at:
		line 16 in file "I2c.c"
 Parameters:    Size  Location     Type
		None
 Auto vars:     Size  Location     Type
		None
 Return value:  Size  Location     Type
                  1    wreg      void 
 Registers used:
		wreg, status,2, status,0, pclath, cstack
 Tracked objects:
		On entry : 
		On exit  : 
		Unchanged: 
 Data sizes:     COMMON   BANK0   BANK1   BANK3   BANK2
      Params:         0       0       0       0       0
      Locals:         0       0       0       0       0
      Temps:          0       0       0       0       0
      Totals:         0       0       0       0       0
Total ram usage:        0 bytes
 Hardware stack levels used:    1
 Hardware stack levels required when called:    4
 This function calls:
		_I2c_MasterWait
 This function is called by:
		_Eeprom_Write
		_Eeprom_WritePage
		_Eeprom_Read
		_Eeprom_ReadPage
 This function uses a non-reentrant model


 *************** function _I2c_MasterRepeatedStart *****************
 Defined at:
		line 22 in file "I2c.c"
 Parameters:    Size  Location     Type
		None
 Auto vars:     Size  Location     Type
		None
 Return value:  Size  Location     Type
                  1    wreg      void 
 Registers used:
		wreg, status,2, status,0, pclath, cstack
 Tracked objects:
		On entry : 
		On exit  : 
		Unchanged: 
 Data sizes:     COMMON   BANK0   BANK1   BANK3   BANK2
      Params:         0       0       0       0       0
      Locals:         0       0       0       0       0
      Temps:          0       0       0       0       0
      Totals:         0       0       0       0       0
Total ram usage:        0 bytes
 Hardware stack levels used:    1
 Hardware stack levels required when called:    4
 This function calls:
		_I2c_MasterWait
 This function is called by:
		_Eeprom_Write
		_Eeprom_WritePage
		_Eeprom_Read
		_Eeprom_ReadPage
 This function uses a non-reentrant model


 *************** function _I2c_MasterWait *****************
 Defined at:
		line 11 in file "I2c.c"
 Parameters:    Size  Location     Type
		None
 Auto vars:     Size  Location     Type
		None
 Return value:  Size  Location     Type
                  1    wreg      void 
 Registers used:
		wreg, status,2
 Tracked objects:
		On entry : 
		On exit  : 
		Unchanged: 
 Data sizes:     COMMON   BANK0   BANK1   BANK3   BANK2
      Params:         0       0       0       0       0
      Locals:         0       0       0       0       0
      Temps:          0       0       0       0       0
      Totals:         0       0       0       0       0
Total ram usage:        0 bytes
 Hardware stack levels used:    1
 Hardware stack levels required when called:    3
 This function calls:
		Nothing
 This function is called by:
		_I2c_MasterStart
		_I2c_MasterRepeatedStart
		_I2c_MasterStop
		_I2c_MasterWrite
		_I2c_Read
		_I2c_ACK
		_I2c_NACK
 This function uses a non-reentrant model


 *************** function _Eeprom_Init *****************
 Defined at:
		line 6 in file "Eeprom.c"
 Parameters:    Size  Location     Type
		None
 Auto vars:     Size  Location     Type
		None
 Return value:  Size  Location     Type
                  1    wreg      void 
 Registers used:
		wreg, fsr0l, fsr0h, status,2, status,0, btemp+1, pclath, cstack
 Tracked objects:
		On entry : 
		On exit  : 
		Unchanged: 
 Data sizes:     COMMON   BANK0   BANK1   BANK3   BANK2
      Params:         0       0       0       0       0
      Locals:         0       0       0       0       0
      Temps:          0       0       0       0       0
      Totals:         0       0       0       0       0
Total ram usage:        0 bytes
 Hardware stack levels used:    1
 Hardware stack levels required when called:    5
 This function calls:
		_Gpio_InitPin
		_I2c_MasterInit
 This function is called by:
		_HeaterTask_Init
 This function uses a non-reentrant model


 *************** function _I2c_MasterInit *****************
 Defined at:
		line 3 in file "I2c.c"
 Parameters:    Size  Location     Type
  BaudRate        4   30[BANK0 ] unsigned long 
 Auto vars:     Size  Location     Type
		None
 Return value:  Size  Location     Type
                  1    wreg      void 
 Registers used:
		wreg, status,2, status,0, btemp+1, pclath, cstack
 Tracked objects:
		On entry : 
		On exit  : 
		Unchanged: 
 Data sizes:     COMMON   BANK0   BANK1   BANK3   BANK2
      Params:         0       4       0       0       0
      Locals:         0       0       0       0       0
      Temps:          0       0       0       0       0
      Totals:         0       4       0       0       0
Total ram usage:        4 bytes
 Hardware stack levels used:    1
 Hardware stack levels required when called:    4
 This function calls:
		___lldiv
 This function is called by:
		_Eeprom_Init
 This function uses a non-reentrant model


 *************** function ___lldiv *****************
 Defined at:
		line 5 in file "C:\Program Files\Microchip\xc8\v2.20\pic\sources\c90\common\__lldiv.c"
 Parameters:    Size  Location     Type
  divisor         4   16[BANK0 ] unsigned long 
  dividend        4   20[BANK0 ] unsigned long 
 Auto vars:     Size  Location     Type
  quotient        4   25[BANK0 ] unsigned long 
  counter         1   29[BANK0 ] unsigned char 
 Return value:  Size  Location     Type
                  4   16[BANK0 ] unsigned long 
 Registers used:
		wreg, status,2, status,0, btemp+1
 Tracked objects:
		On entry : 
		On exit  : 
		Unchanged: 
 Data sizes:     COMMON   BANK0   BANK1   BANK3   BANK2
      Params:         0       8       0       0       0
      Locals:         0       5       0       0       0
      Temps:          0       1       0       0       0
      Totals:         0      14       0       0       0
Total ram usage:       14 bytes
 Hardware stack levels used:    1
 Hardware stack levels required when called:    3
 This function calls:
		Nothing
 This function is called by:
		_TempSensor_GetState
		_I2c_MasterInit
 This function uses a non-reentrant model


 *************** function _Gpio_InitPin *****************
 Defined at:
		line 18 in file "Gpio.c"
 Parameters:    Size  Location     Type
  Id              1    wreg     unsigned char 
  Pin             1    3[BANK0 ] unsigned char 
  Mode            1    4[BANK0 ] unsigned char 
 Auto vars:     Size  Location     Type
  Id              1   17[BANK0 ] unsigned char 
 Return value:  Size  Location     Type
                  1    wreg      void 
 Registers used:
		wreg, fsr0l, fsr0h, status,2, status,0, btemp+1
 Tracked objects:
		On entry : 
		On exit  : 
		Unchanged: 
 Data sizes:     COMMON   BANK0   BANK1   BANK3   BANK2
      Params:         0       2       0       0       0
      Locals:         0       1       0       0       0
      Temps:          0      12       0       0       0
      Totals:         0      15       0       0       0
Total ram usage:       15 bytes
 Hardware stack levels used:    1
 Hardware stack levels required when called:    3
 This function calls:
		Nothing
 This function is called by:
		_Led_Init
		_Switch_Init
		_Ssd_Init
		_Eeprom_Init
		_TempSensor_Init
		_TempControl_Init
 This function uses a non-reentrant model


 *************** function _SysTick_Handler *****************
 Defined at:
		line 24 in file "main.c"
 Parameters:    Size  Location     Type
		None
 Auto vars:     Size  Location     Type
		None
 Return value:  Size  Location     Type
                  1    wreg      void 
 Registers used:
		wreg, fsr0l, fsr0h, status,2, status,0, btemp+1, pclath, cstack
 Tracked objects:
		On entry : 
		On exit  : 
		Unchanged: 
 Data sizes:     COMMON   BANK0   BANK1   BANK3   BANK2
      Params:         0       0       0       0       0
      Locals:         0       0       0       0       0
      Temps:          4       0       0       0       0
      Totals:         4       0       0       0       0
Total ram usage:        4 bytes
 Hardware stack levels used:    1
 Hardware stack levels required when called:    2
 This function calls:
		_Scheduler_update
 This function is called by:
		Interrupt level 1
 This function uses a non-reentrant model


 *************** function _Scheduler_update *****************
 Defined at:
		line 95 in file "Scheduler.c"
 Parameters:    Size  Location     Type
		None
 Auto vars:     Size  Location     Type
  index           2    4[COMMON] unsigned int 
 Return value:  Size  Location     Type
                  1    wreg      void 
 Registers used:
		wreg, fsr0l, fsr0h, status,2, status,0, btemp+1, pclath, cstack
 Tracked objects:
		On entry : 
		On exit  : 
		Unchanged: 
 Data sizes:     COMMON   BANK0   BANK1   BANK3   BANK2
      Params:         0       0       0       0       0
      Locals:         2       0       0       0       0
      Temps:          1       0       0       0       0
      Totals:         3       0       0       0       0
Total ram usage:        3 bytes
 Hardware stack levels used:    1
 Hardware stack levels required when called:    1
 This function calls:
		i1___bmul
 This function is called by:
		_SysTick_Handler
 This function uses a non-reentrant model


 *************** function i1___bmul *****************
 Defined at:
		line 4 in file "C:\Program Files\Microchip\xc8\v2.20\pic\sources\c90\common\Umul8.c"
 Parameters:    Size  Location     Type
  multiplier      1    wreg     unsigned char 
  multiplicand    1    0[COMMON] unsigned char 
 Auto vars:     Size  Location     Type
  multiplier      1    2[COMMON] unsigned char 
  product         1    1[COMMON] unsigned char 
 Return value:  Size  Location     Type
                  1    wreg      unsigned char 
 Registers used:
		wreg, status,2, status,0, btemp+1
 Tracked objects:
		On entry : 
		On exit  : 
		Unchanged: 
 Data sizes:     COMMON   BANK0   BANK1   BANK3   BANK2
      Params:         1       0       0       0       0
      Locals:         2       0       0       0       0
      Temps:          0       0       0       0       0
      Totals:         3       0       0       0       0
Total ram usage:        3 bytes
 Hardware stack levels used:    1
 This function calls:
		Nothing
 This function is called by:
		_Scheduler_update
 This function uses a non-reentrant model



MODULE INFORMATION

Module		Function		Class		Link	Load	Size
C:\Program Files\Microchip\xc8\v2.20\pic\sources\c90\common\Umul32.c
		___lmul        		CODE           	1162	0000	73

C:\Program Files\Microchip\xc8\v2.20\pic\sources\c90\common\Umul32.c estimated size: 73

Led.c
		_Led_Init      		CODE           	12DC	0000	80
		_Led_SetGpio   		CODE           	1E5B	0000	43
		_Led_SetState  		CODE           	132B	0000	81

Led.c estimated size: 204

SwitchTask.c
		_SwitchTask_Init		CODE           	11AA	0000	76
		_SwitchTask_GetState		CODE           	1DE1	0000	41
		_SwitchTask_Update		CODE           	0AC0	0000	183

SwitchTask.c estimated size: 300

Scheduler.c
		_Scheduler_update		CODE           	1772	0000	143
		_Scheduler_dispatchTasks		CODE           	0985	0000	147
		_Scheduler_goToSleep		CODE           	1C4D	0000	24
		_Scheduler_deleteTask		CODE           	0800	0000	104
		_Scheduler_addTask		CODE           	08F5	0000	145
		_Scheduler_init		CODE           	1CE4	0000	35
		_Scheduler_reportStatus		CODE           	1BAA	0000	19
		_Scheduler_start		CODE           	1B5F	0000	13

Scheduler.c estimated size: 630

Timer.c
		_Timer1Init    		CODE           	1BBC	0000	20

Timer.c estimated size: 20

C:\Program Files\Microchip\xc8\v2.20\pic\sources\c90\common\__lldiv.c
		___lldiv       		CODE           	154E	0000	105

C:\Program Files\Microchip\xc8\v2.20\pic\sources\c90\common\__lldiv.c estimated size: 105

Ssd.c
		_Ssd_SetGpioCtrl		CODE           	1D4D	0000	38
		_Ssd_Init      		CODE           	0867	0000	143
		_Ssd_SetState  		CODE           	1EAF	0000	44
		_Ssd_SetGpioD0 		CODE           	1D72	0000	38
		_Ssd_SetSymbol 		CODE           	1027	0000	58

Ssd.c estimated size: 321

TempControlTask.c
		_TempControlTask_SetState		CODE           	1B53	0000	13
		_TempControlTask_Init		CODE           	1CC7	0000	30
		_TempControlTask_Update		CODE           	1D06	0000	36

TempControlTask.c estimated size: 79

TempControl.c
		_TempControl_Init		CODE           	148E	0000	96
		_TempControl_SetGpioH		CODE           	1DBC	0000	38
		_TempControl_SetGpioC		CODE           	1D97	0000	38
		_TempControl_SetState		CODE           	137B	0000	90

TempControl.c estimated size: 262

I2c.c
		_I2c_ACK       		CODE           	1B88	0000	17
		_I2c_NACK      		CODE           	1B78	0000	17
		_I2c_MasterWait		CODE           	1B6B	0000	14
		_I2c_MasterInit		CODE           	1E31	0000	43
		_I2c_MasterStop		CODE           	1B3D	0000	12
		_I2c_MasterWrite		CODE           	1C7B	0000	25
		_I2c_MasterStart		CODE           	1B32	0000	12
		_I2c_MasterRepeatedStart		CODE           	1B27	0000	12
		_I2c_Read      		CODE           	1CAC	0000	28

I2c.c estimated size: 180

SchedulerConfig.c
		_Scheduler_delaySoftwareMs		CODE           	1060	0000	60
		_Scheduler_delaySoftwareUs		CODE           	1FC7	0000	58
		_Scheduler_sleepHardware		CODE           	0003	0000	2
		_Scheduler_initSysTick		CODE           	1D29	0000	37
		_Scheduler_displayError		CODE           	07E1	0000	32

SchedulerConfig.c estimated size: 189

SsdTask.c
		_SsdTask_Update		CODE           	0D7C	0000	312
		_SsdTask_SetSymbol		CODE           	1C0C	0000	22
		_SsdTask_Init  		CODE           	168F	0000	114
		_SsdTask_SetState		CODE           	1F91	0000	55

SsdTask.c estimated size: 503

Gpio.c
		_Gpio_InitPin  		CODE           	11F5	0000	78
		_Gpio_GetPinState		CODE           	1E09	0000	41
		_Gpio_SetPinState		CODE           	109B	0000	62
		_Gpio_SetPortState		CODE           	1F06	0000	46

Gpio.c estimated size: 227

TempSensorTask.c
		_TempSensorTask_Update		CODE           	0C68	0000	277
		_TempSensorTask_Init		CODE           	161F	0000	113
		_TempSensorTask_GetAverage		CODE           	1B98	0000	19

TempSensorTask.c estimated size: 409

Adc.c
		_Adc_GetState  		CODE           	1C21	0000	22
		_Adc_Init      		CODE           	1B48	0000	12

Adc.c estimated size: 34

C:\Program Files\Microchip\xc8\v2.20\pic\sources\c90\common\awmod.c
		___awmod       		CODE           	13D4	0000	92

C:\Program Files\Microchip\xc8\v2.20\pic\sources\c90\common\awmod.c estimated size: 92

shared
		__initialization		CODE           	0015	0000	55
		__fptable      		ENTRY          	004F	0000	25
		i1___bmul      		CODE           	1BE2	0000	22

shared estimated size: 102

WaterHeater.c
		_HeaterTask_Init		CODE           	055A	0000	648
		_HeaterTask_Update		CODE           	0067	0000	1268

WaterHeater.c estimated size: 1916

C:\Program Files\Microchip\xc8\v2.20\pic\sources\c90\common\Umul16.c
		___wmul        		CODE           	1000	0000	40

C:\Program Files\Microchip\xc8\v2.20\pic\sources\c90\common\Umul16.c estimated size: 40

C:\Program Files\Microchip\xc8\v2.20\pic\sources\c90\common\lwdiv.c
		___lwdiv       		CODE           	111C	0000	71

C:\Program Files\Microchip\xc8\v2.20\pic\sources\c90\common\lwdiv.c estimated size: 71

TempSensor.c
		_TempSensor_GetState		CODE           	1700	0000	115
		_TempSensor_Init		CODE           	0A17	0000	170
		_TempSensor_SetGpio		CODE           	1E85	0000	43

TempSensor.c estimated size: 328

Switch.c
		_Switch_Init   		CODE           	1F62	0000	48
		_Switch_SetGpio		CODE           	1C64	0000	24
		_Switch_GetState		CODE           	1C93	0000	26

Switch.c estimated size: 98

LedTask.c
		_LedTask_Init  		CODE           	142F	0000	96
		_LedTask_SetState		CODE           	128F	0000	78
		_LedTask_Update		CODE           	0B76	0000	243

LedTask.c estimated size: 417

Eeprom.c
		_Eeprom_ReadPage		CODE           	14ED	0000	98
		_Eeprom_Read   		CODE           	10D8	0000	69
		_Eeprom_Init   		CODE           	1EDA	0000	45
		_Eeprom_Write  		CODE           	1F33	0000	48
		_Eeprom_WritePage		CODE           	1242	0000	78

Eeprom.c estimated size: 338

C:\Program Files\Microchip\xc8\v2.20\pic\sources\c90\common\Umul8.c
		___bmul        		CODE           	1C36	0000	24

C:\Program Files\Microchip\xc8\v2.20\pic\sources\c90\common\Umul8.c estimated size: 24

main.c
		_SysTick_Handler		CODE           	1BF7	0000	22
		_main          		CODE           	0EB3	0000	334

main.c estimated size: 356

C:\Program Files\Microchip\xc8\v2.20\pic\sources\c90\common\awdiv.c
		___awdiv       		CODE           	15B6	0000	106

C:\Program Files\Microchip\xc8\v2.20\pic\sources\c90\common\awdiv.c estimated size: 106

